[2026-08-06T17:06:38.823+0000] {local_task_job_runner.py:123} INFO - ::group::Pre task execution logs
[2026-08-06T17:06:38.842+0000] {taskinstance.py:2614} INFO - Dependencies all met for dep_context=non-requeueable deps ti=<TaskInstance: taxi_pipeline.download_data manual__2026-08-06T17:06:34.820630+00:00 [queued]>
[2026-08-06T17:06:38.988+0000] {taskinstance.py:2614} INFO - Dependencies all met for dep_context=requeueable deps ti=<TaskInstance: taxi_pipeline.download_data manual__2026-08-06T17:06:34.820630+00:00 [queued]>
[2026-08-06T17:06:38.990+0000] {taskinstance.py:2867} INFO - Starting attempt 1 of 3
[2026-08-06T17:06:39.003+0000] {taskinstance.py:2890} INFO - Executing <Task(BashOperator): download_data> on 2026-08-06 17:06:34.820630+00:00
[2026-08-06T17:06:39.011+0000] {warnings.py:112} WARNING - /home/***/.local/lib/python3.12/site-packages/***/task/task_runner/standard_task_runner.py:70: DeprecationWarning: This process (pid=87) is multi-threaded, use of fork() may lead to deadlocks in the child.
  pid = os.fork()

[2026-08-06T17:06:39.012+0000] {standard_task_runner.py:72} INFO - Started process 89 to run task
[2026-08-06T17:06:39.013+0000] {standard_task_runner.py:104} INFO - Running: ['***', 'tasks', 'run', 'taxi_pipeline', 'download_data', 'manual__2026-08-06T17:06:34.820630+00:00', '--job-id', '302', '--raw', '--subdir', 'DAGS_FOLDER/taxi_pipeline_dag.py', '--cfg-path', '/tmp/tmpweyxgikp']
[2026-08-06T17:06:39.015+0000] {standard_task_runner.py:105} INFO - Job 302: Subtask download_data
[2026-08-06T17:06:39.065+0000] {task_command.py:467} INFO - Running <TaskInstance: taxi_pipeline.download_data manual__2026-08-06T17:06:34.820630+00:00 [running]> on host 7f6200aff2a1
[2026-08-06T17:06:39.143+0000] {taskinstance.py:3134} INFO - Exporting env vars: AIRFLOW_CTX_DAG_OWNER='***' AIRFLOW_CTX_DAG_ID='taxi_pipeline' AIRFLOW_CTX_TASK_ID='download_data' AIRFLOW_CTX_EXECUTION_DATE='2026-08-06T17:06:34.820630+00:00' AIRFLOW_CTX_TRY_NUMBER='1' AIRFLOW_CTX_DAG_RUN_ID='manual__2026-08-06T17:06:34.820630+00:00'
[2026-08-06T17:06:39.144+0000] {logging_mixin.py:190} INFO - Task instance is in running state
[2026-08-06T17:06:39.145+0000] {logging_mixin.py:190} INFO -  Previous state of the Task instance: queued
[2026-08-06T17:06:39.146+0000] {logging_mixin.py:190} INFO - Current task name:download_data state:running start_date:2026-08-06 17:06:38.843011+00:00
[2026-08-06T17:06:39.147+0000] {logging_mixin.py:190} INFO - Dag name:taxi_pipeline and current dag run status:running
[2026-08-06T17:06:39.148+0000] {taskinstance.py:732} INFO - ::endgroup::
[2026-08-06T17:06:39.149+0000] {subprocess.py:78} INFO - Tmp dir root location: /tmp
[2026-08-06T17:06:39.150+0000] {subprocess.py:88} INFO - Running command: ['/usr/bin/bash', '-c', 'python /opt/project/ingestion/download_taxi_data.py']
[2026-08-06T17:06:39.164+0000] {subprocess.py:99} INFO - Output:
[2026-08-06T17:06:39.749+0000] {subprocess.py:106} INFO - 2026-08-06 17:06:39,748 - INFO - Starting download...
[2026-08-06T17:06:39.827+0000] {subprocess.py:106} INFO - 2026-08-06 17:06:39,827 - INFO - Downloading NYC Taxi July 2025 data...
[2026-08-06T17:07:41.891+0000] {subprocess.py:106} INFO - 2026-08-06 17:07:41,891 - INFO - Download complete! Saved to data/raw/yellow_tripdata_2025-07.parquet
[2026-08-06T17:07:41.916+0000] {subprocess.py:110} INFO - Command exited with return code 0
[2026-08-06T17:07:41.951+0000] {taskinstance.py:341} INFO - ::group::Post task execution logs
[2026-08-06T17:07:41.952+0000] {taskinstance.py:353} INFO - Marking task as SUCCESS. dag_id=taxi_pipeline, task_id=download_data, run_id=manual__2026-08-06T17:06:34.820630+00:00, execution_date=20260806T170634, start_date=20260806T170638, end_date=20260806T170741
[2026-08-06T17:07:41.976+0000] {logging_mixin.py:190} INFO - Task instance in success state
[2026-08-06T17:07:41.977+0000] {logging_mixin.py:190} INFO -  Previous state of the Task instance: running
[2026-08-06T17:07:41.977+0000] {logging_mixin.py:190} INFO - Dag name:taxi_pipeline queued_at:2026-08-06 17:06:34.839635+00:00
[2026-08-06T17:07:41.978+0000] {logging_mixin.py:190} INFO - Task hostname:7f6200aff2a1 operator:BashOperator
[2026-08-06T17:07:42.009+0000] {local_task_job_runner.py:266} INFO - Task exited with return code 0
[2026-08-06T17:07:42.041+0000] {taskinstance.py:3901} INFO - 1 downstream tasks scheduled from follow-on schedule check
[2026-08-06T17:07:42.043+0000] {local_task_job_runner.py:245} INFO - ::endgroup::
