[2026-08-06T15:33:01.929+0000] {local_task_job_runner.py:123} INFO - ::group::Pre task execution logs
[2026-08-06T15:33:01.986+0000] {taskinstance.py:2614} INFO - Dependencies all met for dep_context=non-requeueable deps ti=<TaskInstance: taxi_pipeline.download_data scheduled__2026-08-05T00:00:00+00:00 [queued]>
[2026-08-06T15:33:02.017+0000] {taskinstance.py:2614} INFO - Dependencies all met for dep_context=requeueable deps ti=<TaskInstance: taxi_pipeline.download_data scheduled__2026-08-05T00:00:00+00:00 [queued]>
[2026-08-06T15:33:02.019+0000] {taskinstance.py:2867} INFO - Starting attempt 10 of 12
[2026-08-06T15:33:02.059+0000] {taskinstance.py:2890} INFO - Executing <Task(BashOperator): download_data> on 2026-08-05 00:00:00+00:00
[2026-08-06T15:33:02.081+0000] {warnings.py:112} WARNING - /home/***/.local/lib/python3.12/site-packages/***/task/task_runner/standard_task_runner.py:70: DeprecationWarning: This process (pid=121) is multi-threaded, use of fork() may lead to deadlocks in the child.
  pid = os.fork()

[2026-08-06T15:33:02.085+0000] {standard_task_runner.py:104} INFO - Running: ['***', 'tasks', 'run', 'taxi_pipeline', 'download_data', 'scheduled__2026-08-05T00:00:00+00:00', '--job-id', '202', '--raw', '--subdir', 'DAGS_FOLDER/taxi_pipeline_dag.py', '--cfg-path', '/tmp/tmppfe7zy1l']
[2026-08-06T15:33:02.088+0000] {standard_task_runner.py:105} INFO - Job 202: Subtask download_data
[2026-08-06T15:33:02.087+0000] {standard_task_runner.py:72} INFO - Started process 139 to run task
[2026-08-06T15:33:03.728+0000] {task_command.py:467} INFO - Running <TaskInstance: taxi_pipeline.download_data scheduled__2026-08-05T00:00:00+00:00 [running]> on host b456c799bc18
[2026-08-06T15:33:04.819+0000] {taskinstance.py:3134} INFO - Exporting env vars: AIRFLOW_CTX_DAG_OWNER='***' AIRFLOW_CTX_DAG_ID='taxi_pipeline' AIRFLOW_CTX_TASK_ID='download_data' AIRFLOW_CTX_EXECUTION_DATE='2026-08-05T00:00:00+00:00' AIRFLOW_CTX_TRY_NUMBER='10' AIRFLOW_CTX_DAG_RUN_ID='scheduled__2026-08-05T00:00:00+00:00'
[2026-08-06T15:33:04.896+0000] {logging_mixin.py:190} INFO - Task instance is in running state
[2026-08-06T15:33:04.898+0000] {logging_mixin.py:190} INFO -  Previous state of the Task instance: queued
[2026-08-06T15:33:04.900+0000] {logging_mixin.py:190} INFO - Current task name:download_data state:running start_date:2026-08-06 15:33:01.988230+00:00
[2026-08-06T15:33:04.918+0000] {logging_mixin.py:190} INFO - Dag name:taxi_pipeline and current dag run status:running
[2026-08-06T15:33:04.921+0000] {taskinstance.py:732} INFO - ::endgroup::
[2026-08-06T15:33:04.936+0000] {subprocess.py:78} INFO - Tmp dir root location: /tmp
[2026-08-06T15:33:04.948+0000] {subprocess.py:88} INFO - Running command: ['/usr/bin/bash', '-c', 'python /opt/project/ingestion/download_taxi_data.py']
[2026-08-06T15:33:05.083+0000] {subprocess.py:99} INFO - Output:
[2026-08-06T15:33:08.064+0000] {subprocess.py:106} INFO - 2026-08-06 15:33:08,064 - INFO - Starting download...
[2026-08-06T15:33:08.318+0000] {subprocess.py:106} INFO - 2026-08-06 15:33:08,317 - INFO - Downloading NYC Taxi July 2025 data...
[2026-08-06T15:37:11.528+0000] {subprocess.py:106} INFO - 2026-08-06 15:37:11,527 - INFO - Download complete! Saved to data/raw/yellow_tripdata_2025-07.parquet
[2026-08-06T15:37:11.717+0000] {subprocess.py:110} INFO - Command exited with return code 0
[2026-08-06T15:37:11.842+0000] {taskinstance.py:341} INFO - ::group::Post task execution logs
[2026-08-06T15:37:11.846+0000] {taskinstance.py:353} INFO - Marking task as SUCCESS. dag_id=taxi_pipeline, task_id=download_data, run_id=scheduled__2026-08-05T00:00:00+00:00, execution_date=20260805T000000, start_date=20260806T153301, end_date=20260806T153711
[2026-08-06T15:37:11.939+0000] {logging_mixin.py:190} INFO - Task instance in success state
[2026-08-06T15:37:11.941+0000] {logging_mixin.py:190} INFO -  Previous state of the Task instance: running
[2026-08-06T15:37:11.943+0000] {logging_mixin.py:190} INFO - Dag name:taxi_pipeline queued_at:2026-08-06 06:18:48.277228+00:00
[2026-08-06T15:37:11.944+0000] {logging_mixin.py:190} INFO - Task hostname:b456c799bc18 operator:BashOperator
[2026-08-06T15:37:12.019+0000] {local_task_job_runner.py:266} INFO - Task exited with return code 0
[2026-08-06T15:37:12.111+0000] {taskinstance.py:3901} INFO - 1 downstream tasks scheduled from follow-on schedule check
[2026-08-06T15:37:12.114+0000] {standard_task_runner.py:217} INFO - Process not found (most likely exited), stop collecting metrics
[2026-08-06T15:37:12.117+0000] {local_task_job_runner.py:245} INFO - ::endgroup::
