[2026-08-06T16:14:25.298+0000] {local_task_job_runner.py:123} INFO - ::group::Pre task execution logs
[2026-08-06T16:14:25.363+0000] {taskinstance.py:2614} INFO - Dependencies all met for dep_context=non-requeueable deps ti=<TaskInstance: taxi_pipeline.bronze_to_silver manual__2026-08-06T16:13:11.080815+00:00 [queued]>
[2026-08-06T16:14:25.392+0000] {taskinstance.py:2614} INFO - Dependencies all met for dep_context=requeueable deps ti=<TaskInstance: taxi_pipeline.bronze_to_silver manual__2026-08-06T16:13:11.080815+00:00 [queued]>
[2026-08-06T16:14:25.423+0000] {taskinstance.py:2867} INFO - Starting attempt 1 of 3
[2026-08-06T16:14:25.833+0000] {taskinstance.py:2890} INFO - Executing <Task(BashOperator): bronze_to_silver> on 2026-08-06 16:13:11.080815+00:00
[2026-08-06T16:14:25.862+0000] {warnings.py:112} WARNING - /home/***/.local/lib/python3.12/site-packages/***/task/task_runner/standard_task_runner.py:70: DeprecationWarning: This process (pid=126) is multi-threaded, use of fork() may lead to deadlocks in the child.
  pid = os.fork()

[2026-08-06T16:14:25.870+0000] {standard_task_runner.py:72} INFO - Started process 128 to run task
[2026-08-06T16:14:25.873+0000] {standard_task_runner.py:104} INFO - Running: ['***', 'tasks', 'run', 'taxi_pipeline', 'bronze_to_silver', 'manual__2026-08-06T16:13:11.080815+00:00', '--job-id', '256', '--raw', '--subdir', 'DAGS_FOLDER/taxi_pipeline_dag.py', '--cfg-path', '/tmp/tmpf1ivsyvg']
[2026-08-06T16:14:25.878+0000] {standard_task_runner.py:105} INFO - Job 256: Subtask bronze_to_silver
[2026-08-06T16:14:26.046+0000] {task_command.py:467} INFO - Running <TaskInstance: taxi_pipeline.bronze_to_silver manual__2026-08-06T16:13:11.080815+00:00 [running]> on host bc4af1760526
[2026-08-06T16:14:26.326+0000] {taskinstance.py:3134} INFO - Exporting env vars: AIRFLOW_CTX_DAG_OWNER='***' AIRFLOW_CTX_DAG_ID='taxi_pipeline' AIRFLOW_CTX_TASK_ID='bronze_to_silver' AIRFLOW_CTX_EXECUTION_DATE='2026-08-06T16:13:11.080815+00:00' AIRFLOW_CTX_TRY_NUMBER='1' AIRFLOW_CTX_DAG_RUN_ID='manual__2026-08-06T16:13:11.080815+00:00'
[2026-08-06T16:14:26.331+0000] {logging_mixin.py:190} INFO - Task instance is in running state
[2026-08-06T16:14:26.333+0000] {logging_mixin.py:190} INFO -  Previous state of the Task instance: queued
[2026-08-06T16:14:26.335+0000] {logging_mixin.py:190} INFO - Current task name:bronze_to_silver state:running start_date:2026-08-06 16:14:25.367640+00:00
[2026-08-06T16:14:26.336+0000] {logging_mixin.py:190} INFO - Dag name:taxi_pipeline and current dag run status:running
[2026-08-06T16:14:26.338+0000] {taskinstance.py:732} INFO - ::endgroup::
[2026-08-06T16:14:26.342+0000] {subprocess.py:78} INFO - Tmp dir root location: /tmp
[2026-08-06T16:14:26.346+0000] {subprocess.py:88} INFO - Running command: ['/usr/bin/bash', '-c', '\n        docker exec spark         spark-submit /opt/project/transform/bronze_to_silver.py\n        ']
[2026-08-06T16:14:26.387+0000] {subprocess.py:99} INFO - Output:
[2026-08-06T16:14:27.331+0000] {subprocess.py:106} INFO - WARNING: Using incubator modules: jdk.incubator.vector
[2026-08-06T16:14:31.494+0000] {subprocess.py:106} INFO - Starting Bronze to Silver transformation...
[2026-08-06T16:14:31.808+0000] {subprocess.py:106} INFO - Using Spark's default log4j profile: org/apache/spark/log4j2-defaults.properties
[2026-08-06T16:14:31.830+0000] {subprocess.py:106} INFO - 26/08/06 16:14:31 INFO SparkContext: Running Spark version 4.0.0
[2026-08-06T16:14:31.839+0000] {subprocess.py:106} INFO - 26/08/06 16:14:31 INFO SparkContext: OS info Linux, 5.15.167.4-microsoft-standard-WSL2, amd64
[2026-08-06T16:14:31.842+0000] {subprocess.py:106} INFO - 26/08/06 16:14:31 INFO SparkContext: Java version 17.0.15
[2026-08-06T16:14:32.050+0000] {subprocess.py:106} INFO - 26/08/06 16:14:32 WARN NativeCodeLoader: Unable to load native-hadoop library for your platform... using builtin-java classes where applicable
[2026-08-06T16:14:32.165+0000] {subprocess.py:106} INFO - 26/08/06 16:14:32 INFO ResourceUtils: ==============================================================
[2026-08-06T16:14:32.167+0000] {subprocess.py:106} INFO - 26/08/06 16:14:32 INFO ResourceUtils: No custom resources configured for spark.driver.
[2026-08-06T16:14:32.169+0000] {subprocess.py:106} INFO - 26/08/06 16:14:32 INFO ResourceUtils: ==============================================================
[2026-08-06T16:14:32.171+0000] {subprocess.py:106} INFO - 26/08/06 16:14:32 INFO SparkContext: Submitted application: BronzeToSilver
[2026-08-06T16:14:32.229+0000] {subprocess.py:106} INFO - 26/08/06 16:14:32 INFO ResourceProfile: Default ResourceProfile created, executor resources: Map(cores -> name: cores, amount: 1, script: , vendor: , memory -> name: memory, amount: 1024, script: , vendor: , offHeap -> name: offHeap, amount: 0, script: , vendor: ), task resources: Map(cpus -> name: cpus, amount: 1.0)
[2026-08-06T16:14:32.238+0000] {subprocess.py:106} INFO - 26/08/06 16:14:32 INFO ResourceProfile: Limiting resource is cpu
[2026-08-06T16:14:32.243+0000] {subprocess.py:106} INFO - 26/08/06 16:14:32 INFO ResourceProfileManager: Added ResourceProfile id: 0
[2026-08-06T16:14:32.366+0000] {subprocess.py:106} INFO - 26/08/06 16:14:32 INFO SecurityManager: Changing view acls to: spark
[2026-08-06T16:14:32.372+0000] {subprocess.py:106} INFO - 26/08/06 16:14:32 INFO SecurityManager: Changing modify acls to: spark
[2026-08-06T16:14:32.376+0000] {subprocess.py:106} INFO - 26/08/06 16:14:32 INFO SecurityManager: Changing view acls groups to: spark
[2026-08-06T16:14:32.380+0000] {subprocess.py:106} INFO - 26/08/06 16:14:32 INFO SecurityManager: Changing modify acls groups to: spark
[2026-08-06T16:14:32.385+0000] {subprocess.py:106} INFO - 26/08/06 16:14:32 INFO SecurityManager: SecurityManager: authentication disabled; ui acls disabled; users with view permissions: spark groups with view permissions: EMPTY; users with modify permissions: spark; groups with modify permissions: EMPTY; RPC SSL disabled
[2026-08-06T16:14:32.999+0000] {subprocess.py:106} INFO - 26/08/06 16:14:32 INFO Utils: Successfully started service 'sparkDriver' on port 46095.
[2026-08-06T16:14:33.092+0000] {subprocess.py:106} INFO - 26/08/06 16:14:33 INFO SparkEnv: Registering MapOutputTracker
[2026-08-06T16:14:33.129+0000] {subprocess.py:106} INFO - 26/08/06 16:14:33 INFO SparkEnv: Registering BlockManagerMaster
[2026-08-06T16:14:33.157+0000] {subprocess.py:106} INFO - 26/08/06 16:14:33 INFO BlockManagerMasterEndpoint: Using org.apache.spark.storage.DefaultTopologyMapper for getting topology information
[2026-08-06T16:14:33.159+0000] {subprocess.py:106} INFO - 26/08/06 16:14:33 INFO BlockManagerMasterEndpoint: BlockManagerMasterEndpoint up
[2026-08-06T16:14:33.170+0000] {subprocess.py:106} INFO - 26/08/06 16:14:33 INFO SparkEnv: Registering BlockManagerMasterHeartbeat
[2026-08-06T16:14:33.221+0000] {subprocess.py:106} INFO - 26/08/06 16:14:33 INFO DiskBlockManager: Created local directory at /tmp/blockmgr-3d32a39a-cac5-420d-8d87-8084668311de
[2026-08-06T16:14:33.297+0000] {subprocess.py:106} INFO - 26/08/06 16:14:33 INFO SparkEnv: Registering OutputCommitCoordinator
[2026-08-06T16:14:33.611+0000] {subprocess.py:106} INFO - 26/08/06 16:14:33 INFO JettyUtils: Start Jetty 0.0.0.0:4040 for SparkUI
[2026-08-06T16:14:33.788+0000] {subprocess.py:106} INFO - 26/08/06 16:14:33 INFO Utils: Successfully started service 'SparkUI' on port 4040.
[2026-08-06T16:14:33.910+0000] {subprocess.py:106} INFO - 26/08/06 16:14:33 INFO SecurityManager: Changing view acls to: spark
[2026-08-06T16:14:33.913+0000] {subprocess.py:106} INFO - 26/08/06 16:14:33 INFO SecurityManager: Changing modify acls to: spark
[2026-08-06T16:14:33.915+0000] {subprocess.py:106} INFO - 26/08/06 16:14:33 INFO SecurityManager: Changing view acls groups to: spark
[2026-08-06T16:14:33.916+0000] {subprocess.py:106} INFO - 26/08/06 16:14:33 INFO SecurityManager: Changing modify acls groups to: spark
[2026-08-06T16:14:33.918+0000] {subprocess.py:106} INFO - 26/08/06 16:14:33 INFO SecurityManager: SecurityManager: authentication disabled; ui acls disabled; users with view permissions: spark groups with view permissions: EMPTY; users with modify permissions: spark; groups with modify permissions: EMPTY; RPC SSL disabled
[2026-08-06T16:14:34.169+0000] {subprocess.py:106} INFO - 26/08/06 16:14:34 INFO Executor: Starting executor ID driver on host a3b0403837fb
[2026-08-06T16:14:34.171+0000] {subprocess.py:106} INFO - 26/08/06 16:14:34 INFO Executor: OS info Linux, 5.15.167.4-microsoft-standard-WSL2, amd64
[2026-08-06T16:14:34.173+0000] {subprocess.py:106} INFO - 26/08/06 16:14:34 INFO Executor: Java version 17.0.15
[2026-08-06T16:14:34.198+0000] {subprocess.py:106} INFO - 26/08/06 16:14:34 INFO Executor: Starting executor with user classpath (userClassPathFirst = false): ''
[2026-08-06T16:14:34.203+0000] {subprocess.py:106} INFO - 26/08/06 16:14:34 INFO Executor: Created or updated repl class loader org.apache.spark.util.MutableURLClassLoader@749a1f0f for default.
[2026-08-06T16:14:34.269+0000] {subprocess.py:106} INFO - 26/08/06 16:14:34 INFO Utils: Successfully started service 'org.apache.spark.network.netty.NettyBlockTransferService' on port 36635.
[2026-08-06T16:14:34.279+0000] {subprocess.py:106} INFO - 26/08/06 16:14:34 INFO NettyBlockTransferService: Server created on a3b0403837fb:36635
[2026-08-06T16:14:34.283+0000] {subprocess.py:106} INFO - 26/08/06 16:14:34 INFO BlockManager: Using org.apache.spark.storage.RandomBlockReplicationPolicy for block replication policy
[2026-08-06T16:14:34.317+0000] {subprocess.py:106} INFO - 26/08/06 16:14:34 INFO BlockManagerMaster: Registering BlockManager BlockManagerId(driver, a3b0403837fb, 36635, None)
[2026-08-06T16:14:34.332+0000] {subprocess.py:106} INFO - 26/08/06 16:14:34 INFO BlockManagerMasterEndpoint: Registering block manager a3b0403837fb:36635 with 434.4 MiB RAM, BlockManagerId(driver, a3b0403837fb, 36635, None)
[2026-08-06T16:14:34.336+0000] {subprocess.py:106} INFO - 26/08/06 16:14:34 INFO BlockManagerMaster: Registered BlockManager BlockManagerId(driver, a3b0403837fb, 36635, None)
[2026-08-06T16:14:34.338+0000] {subprocess.py:106} INFO - 26/08/06 16:14:34 INFO BlockManager: Initialized BlockManager: BlockManagerId(driver, a3b0403837fb, 36635, None)
[2026-08-06T16:14:45.850+0000] {subprocess.py:106} INFO - Writing Silver parquet files...
[2026-08-06T16:15:19.365+0000] {subprocess.py:106} INFO - Silver row count: 3898961
[2026-08-06T16:15:19.378+0000] {subprocess.py:106} INFO - root
[2026-08-06T16:15:19.380+0000] {subprocess.py:106} INFO -  |-- vendor_id: integer (nullable = true)
[2026-08-06T16:15:19.381+0000] {subprocess.py:106} INFO -  |-- pickup_datetime: timestamp_ntz (nullable = true)
[2026-08-06T16:15:19.383+0000] {subprocess.py:106} INFO -  |-- dropoff_datetime: timestamp_ntz (nullable = true)
[2026-08-06T16:15:19.385+0000] {subprocess.py:106} INFO -  |-- passenger_count: integer (nullable = true)
[2026-08-06T16:15:19.387+0000] {subprocess.py:106} INFO -  |-- trip_distance: double (nullable = true)
[2026-08-06T16:15:19.389+0000] {subprocess.py:106} INFO -  |-- rate_code_id: integer (nullable = true)
[2026-08-06T16:15:19.391+0000] {subprocess.py:106} INFO -  |-- store_and_fwd_flag: string (nullable = true)
[2026-08-06T16:15:19.393+0000] {subprocess.py:106} INFO -  |-- pickup_location_id: integer (nullable = true)
[2026-08-06T16:15:19.395+0000] {subprocess.py:106} INFO -  |-- dropoff_location_id: integer (nullable = true)
[2026-08-06T16:15:19.396+0000] {subprocess.py:106} INFO -  |-- payment_type: integer (nullable = true)
[2026-08-06T16:15:19.398+0000] {subprocess.py:106} INFO -  |-- fare_amount: double (nullable = true)
[2026-08-06T16:15:19.399+0000] {subprocess.py:106} INFO -  |-- extra: double (nullable = true)
[2026-08-06T16:15:19.401+0000] {subprocess.py:106} INFO -  |-- mta_tax: double (nullable = true)
[2026-08-06T16:15:19.403+0000] {subprocess.py:106} INFO -  |-- tip_amount: double (nullable = true)
[2026-08-06T16:15:19.404+0000] {subprocess.py:106} INFO -  |-- tolls_amount: double (nullable = true)
[2026-08-06T16:15:19.406+0000] {subprocess.py:106} INFO -  |-- improvement_surcharge: double (nullable = true)
[2026-08-06T16:15:19.408+0000] {subprocess.py:106} INFO -  |-- total_amount: double (nullable = true)
[2026-08-06T16:15:19.414+0000] {subprocess.py:106} INFO -  |-- congestion_surcharge: double (nullable = true)
[2026-08-06T16:15:19.415+0000] {subprocess.py:106} INFO -  |-- airport_fee: double (nullable = true)
[2026-08-06T16:15:19.417+0000] {subprocess.py:106} INFO -  |-- cbd_congestion_fee: double (nullable = true)
[2026-08-06T16:15:19.420+0000] {subprocess.py:106} INFO -  |-- trip_duration_minutes: double (nullable = true)
[2026-08-06T16:15:19.423+0000] {subprocess.py:106} INFO -  |-- average_speed_mph: double (nullable = true)
[2026-08-06T16:15:19.425+0000] {subprocess.py:106} INFO -  |-- pickup_hour: integer (nullable = true)
[2026-08-06T16:15:19.426+0000] {subprocess.py:106} INFO -  |-- pickup_day_of_week: integer (nullable = true)
[2026-08-06T16:15:19.427+0000] {subprocess.py:106} INFO -  |-- is_weekend: boolean (nullable = true)
[2026-08-06T16:15:19.429+0000] {subprocess.py:106} INFO -  |-- trip_distance_category: string (nullable = true)
[2026-08-06T16:15:19.430+0000] {subprocess.py:106} INFO - 
[2026-08-06T16:15:20.146+0000] {subprocess.py:106} INFO - +---------+-------------------+-------------------+---------------+-------------+------------+------------------+------------------+-------------------+------------+-----------+-----+-------+----------+------------+---------------------+------------+--------------------+-----------+------------------+---------------------+------------------+-----------+------------------+----------+----------------------+
[2026-08-06T16:15:20.148+0000] {subprocess.py:106} INFO - |vendor_id|    pickup_datetime|   dropoff_datetime|passenger_count|trip_distance|rate_code_id|store_and_fwd_flag|pickup_location_id|dropoff_location_id|payment_type|fare_amount|extra|mta_tax|tip_amount|tolls_amount|improvement_surcharge|total_amount|congestion_surcharge|airport_fee|cbd_congestion_fee|trip_duration_minutes| average_speed_mph|pickup_hour|pickup_day_of_week|is_weekend|trip_distance_category|
[2026-08-06T16:15:20.149+0000] {subprocess.py:106} INFO - +---------+-------------------+-------------------+---------------+-------------+------------+------------------+------------------+-------------------+------------+-----------+-----+-------+----------+------------+---------------------+------------+--------------------+-----------+------------------+---------------------+------------------+-----------+------------------+----------+----------------------+
[2026-08-06T16:15:20.151+0000] {subprocess.py:106} INFO - |        1|2025-07-01 00:51:11|2025-07-01 01:15:16|              1|         10.2|           1|                 N|               138|                239|           1|       41.5|10.25|    0.5|      12.0|        6.94|                  1.0|       72.19|                 2.5|       1.75|               0.0|   24.083333333333332|25.411764705882355|          0|                 3|     false|                medium|
[2026-08-06T16:15:20.153+0000] {subprocess.py:106} INFO - |        2|2025-07-01 00:19:41|2025-07-01 00:43:00|              1|        10.73|           1|                 N|               138|                249|           1|       43.6|  6.0|    0.5|       6.0|        6.94|                  1.0|       69.04|                 2.5|       1.75|              0.75|   23.316666666666666|27.611150822015727|          0|                 3|     false|                medium|
[2026-08-06T16:15:20.155+0000] {subprocess.py:106} INFO - |        2|2025-07-01 00:59:45|2025-07-01 01:21:12|              1|         4.98|           1|                 N|               114|                225|           1|       25.4|  1.0|    0.5|      6.23|         0.0|                  1.0|       37.38|                 2.5|        0.0|              0.75|                21.45|13.930069930069932|          0|                 3|     false|                 short|
[2026-08-06T16:15:20.157+0000] {subprocess.py:106} INFO - |        2|2025-07-01 00:42:14|2025-07-01 01:15:50|              2|        17.73|           2|                 N|               132|                 48|           1|       70.0|  0.0|    0.5|       0.0|        6.94|                  1.0|       83.44|                 2.5|       1.75|              0.75|                 33.6|31.660714285714285|          0|                 3|     false|                  long|
[2026-08-06T16:15:20.159+0000] {subprocess.py:106} INFO - |        2|2025-07-01 00:19:46|2025-07-01 00:48:59|              1|         7.11|           1|                 N|                79|                 17|           2|       34.5|  1.0|    0.5|       0.0|         0.0|                  1.0|       40.25|                 2.5|        0.0|              0.75|   29.216666666666665|14.601254991443241|          0|                 3|     false|                medium|
[2026-08-06T16:15:20.160+0000] {subprocess.py:106} INFO - +---------+-------------------+-------------------+---------------+-------------+------------+------------------+------------------+-------------------+------------+-----------+-----+-------+----------+------------+---------------------+------------+--------------------+-----------+------------------+---------------------+------------------+-----------+------------------+----------+----------------------+
[2026-08-06T16:15:20.162+0000] {subprocess.py:106} INFO - only showing top 5 rows
[2026-08-06T16:15:20.163+0000] {subprocess.py:106} INFO - Finished Silver transformation.
[2026-08-06T16:15:21.187+0000] {subprocess.py:110} INFO - Command exited with return code 0
[2026-08-06T16:15:21.250+0000] {taskinstance.py:341} INFO - ::group::Post task execution logs
[2026-08-06T16:15:21.253+0000] {taskinstance.py:353} INFO - Marking task as SUCCESS. dag_id=taxi_pipeline, task_id=bronze_to_silver, run_id=manual__2026-08-06T16:13:11.080815+00:00, execution_date=20260806T161311, start_date=20260806T161425, end_date=20260806T161521
[2026-08-06T16:15:21.342+0000] {logging_mixin.py:190} INFO - Task instance in success state
[2026-08-06T16:15:21.344+0000] {logging_mixin.py:190} INFO -  Previous state of the Task instance: running
[2026-08-06T16:15:21.346+0000] {logging_mixin.py:190} INFO - Dag name:taxi_pipeline queued_at:2026-08-06 16:13:11.134312+00:00
[2026-08-06T16:15:21.348+0000] {logging_mixin.py:190} INFO - Task hostname:bc4af1760526 operator:BashOperator
[2026-08-06T16:15:21.386+0000] {local_task_job_runner.py:266} INFO - Task exited with return code 0
[2026-08-06T16:15:21.471+0000] {taskinstance.py:3901} INFO - 1 downstream tasks scheduled from follow-on schedule check
[2026-08-06T16:15:21.509+0000] {local_task_job_runner.py:245} INFO - ::endgroup::
