[2026-08-06T16:05:23.155+0000] {local_task_job_runner.py:123} INFO - ::group::Pre task execution logs
[2026-08-06T16:05:23.216+0000] {taskinstance.py:2614} INFO - Dependencies all met for dep_context=non-requeueable deps ti=<TaskInstance: taxi_pipeline.upload_to_bronze manual__2026-08-06T16:04:37.958650+00:00 [queued]>
[2026-08-06T16:05:23.254+0000] {taskinstance.py:2614} INFO - Dependencies all met for dep_context=requeueable deps ti=<TaskInstance: taxi_pipeline.upload_to_bronze manual__2026-08-06T16:04:37.958650+00:00 [queued]>
[2026-08-06T16:05:23.300+0000] {taskinstance.py:2867} INFO - Starting attempt 1 of 3
[2026-08-06T16:05:23.685+0000] {taskinstance.py:2890} INFO - Executing <Task(BashOperator): upload_to_bronze> on 2026-08-06 16:04:37.958650+00:00
[2026-08-06T16:05:23.703+0000] {warnings.py:112} WARNING - /home/***/.local/lib/python3.12/site-packages/***/task/task_runner/standard_task_runner.py:70: DeprecationWarning: This process (pid=146) is multi-threaded, use of fork() may lead to deadlocks in the child.
  pid = os.fork()

[2026-08-06T16:05:23.707+0000] {standard_task_runner.py:104} INFO - Running: ['***', 'tasks', 'run', 'taxi_pipeline', 'upload_to_bronze', 'manual__2026-08-06T16:04:37.958650+00:00', '--job-id', '248', '--raw', '--subdir', 'DAGS_FOLDER/taxi_pipeline_dag.py', '--cfg-path', '/tmp/tmp23kzmrs2']
[2026-08-06T16:05:23.709+0000] {standard_task_runner.py:72} INFO - Started process 155 to run task
[2026-08-06T16:05:23.711+0000] {standard_task_runner.py:105} INFO - Job 248: Subtask upload_to_bronze
[2026-08-06T16:05:23.900+0000] {task_command.py:467} INFO - Running <TaskInstance: taxi_pipeline.upload_to_bronze manual__2026-08-06T16:04:37.958650+00:00 [running]> on host 673ed38df894
[2026-08-06T16:05:24.120+0000] {taskinstance.py:3134} INFO - Exporting env vars: AIRFLOW_CTX_DAG_OWNER='***' AIRFLOW_CTX_DAG_ID='taxi_pipeline' AIRFLOW_CTX_TASK_ID='upload_to_bronze' AIRFLOW_CTX_EXECUTION_DATE='2026-08-06T16:04:37.958650+00:00' AIRFLOW_CTX_TRY_NUMBER='1' AIRFLOW_CTX_DAG_RUN_ID='manual__2026-08-06T16:04:37.958650+00:00'
[2026-08-06T16:05:24.125+0000] {logging_mixin.py:190} INFO - Task instance is in running state
[2026-08-06T16:05:24.127+0000] {logging_mixin.py:190} INFO -  Previous state of the Task instance: queued
[2026-08-06T16:05:24.129+0000] {logging_mixin.py:190} INFO - Current task name:upload_to_bronze state:running start_date:2026-08-06 16:05:23.218067+00:00
[2026-08-06T16:05:24.130+0000] {logging_mixin.py:190} INFO - Dag name:taxi_pipeline and current dag run status:running
[2026-08-06T16:05:24.131+0000] {taskinstance.py:732} INFO - ::endgroup::
[2026-08-06T16:05:24.136+0000] {subprocess.py:78} INFO - Tmp dir root location: /tmp
[2026-08-06T16:05:24.139+0000] {subprocess.py:88} INFO - Running command: ['/usr/bin/bash', '-c', 'python /opt/project/ingestion/upload_to_s3.py']
[2026-08-06T16:05:24.170+0000] {subprocess.py:99} INFO - Output:
[2026-08-06T16:05:27.182+0000] {subprocess.py:106} INFO - 2026-08-06 16:05:27,174 - INFO - Uploading NYC Taxi data...
[2026-08-06T16:05:27.188+0000] {subprocess.py:106} INFO - 2026-08-06 16:05:27,175 - ERROR - File does not exist
[2026-08-06T16:05:27.192+0000] {subprocess.py:106} INFO - Starting Bronze upload...
[2026-08-06T16:05:27.193+0000] {subprocess.py:106} INFO - Finished Bronze upload successfully.
[2026-08-06T16:05:27.644+0000] {subprocess.py:110} INFO - Command exited with return code 0
[2026-08-06T16:05:27.812+0000] {taskinstance.py:341} INFO - ::group::Post task execution logs
[2026-08-06T16:05:27.815+0000] {taskinstance.py:353} INFO - Marking task as SUCCESS. dag_id=taxi_pipeline, task_id=upload_to_bronze, run_id=manual__2026-08-06T16:04:37.958650+00:00, execution_date=20260806T160437, start_date=20260806T160523, end_date=20260806T160527
[2026-08-06T16:05:27.946+0000] {logging_mixin.py:190} INFO - Task instance in success state
[2026-08-06T16:05:27.954+0000] {logging_mixin.py:190} INFO -  Previous state of the Task instance: running
[2026-08-06T16:05:27.957+0000] {logging_mixin.py:190} INFO - Dag name:taxi_pipeline queued_at:2026-08-06 16:04:38.011577+00:00
[2026-08-06T16:05:27.959+0000] {logging_mixin.py:190} INFO - Task hostname:673ed38df894 operator:BashOperator
[2026-08-06T16:05:28.003+0000] {local_task_job_runner.py:266} INFO - Task exited with return code 0
[2026-08-06T16:05:28.122+0000] {taskinstance.py:3901} INFO - 1 downstream tasks scheduled from follow-on schedule check
[2026-08-06T16:05:28.187+0000] {local_task_job_runner.py:245} INFO - ::endgroup::
