[2026-08-06T17:13:22.097+0000] {local_task_job_runner.py:123} INFO - ::group::Pre task execution logs
[2026-08-06T17:13:22.113+0000] {taskinstance.py:2614} INFO - Dependencies all met for dep_context=non-requeueable deps ti=<TaskInstance: taxi_pipeline.download_data manual__2026-08-06T17:13:18.213765+00:00 [queued]>
[2026-08-06T17:13:22.246+0000] {taskinstance.py:2614} INFO - Dependencies all met for dep_context=requeueable deps ti=<TaskInstance: taxi_pipeline.download_data manual__2026-08-06T17:13:18.213765+00:00 [queued]>
[2026-08-06T17:13:22.249+0000] {taskinstance.py:2867} INFO - Starting attempt 1 of 3
[2026-08-06T17:13:22.260+0000] {taskinstance.py:2890} INFO - Executing <Task(BashOperator): download_data> on 2026-08-06 17:13:18.213765+00:00
[2026-08-06T17:13:22.267+0000] {warnings.py:112} WARNING - /home/***/.local/lib/python3.12/site-packages/***/task/task_runner/standard_task_runner.py:70: DeprecationWarning: This process (pid=79) is multi-threaded, use of fork() may lead to deadlocks in the child.
  pid = os.fork()

[2026-08-06T17:13:22.269+0000] {standard_task_runner.py:104} INFO - Running: ['***', 'tasks', 'run', 'taxi_pipeline', 'download_data', 'manual__2026-08-06T17:13:18.213765+00:00', '--job-id', '310', '--raw', '--subdir', 'DAGS_FOLDER/taxi_pipeline_dag.py', '--cfg-path', '/tmp/tmp14z44dxp']
[2026-08-06T17:13:22.271+0000] {standard_task_runner.py:72} INFO - Started process 81 to run task
[2026-08-06T17:13:22.271+0000] {standard_task_runner.py:105} INFO - Job 310: Subtask download_data
[2026-08-06T17:13:22.320+0000] {task_command.py:467} INFO - Running <TaskInstance: taxi_pipeline.download_data manual__2026-08-06T17:13:18.213765+00:00 [running]> on host daf483215780
[2026-08-06T17:13:22.384+0000] {taskinstance.py:3134} INFO - Exporting env vars: AIRFLOW_CTX_DAG_OWNER='***' AIRFLOW_CTX_DAG_ID='taxi_pipeline' AIRFLOW_CTX_TASK_ID='download_data' AIRFLOW_CTX_EXECUTION_DATE='2026-08-06T17:13:18.213765+00:00' AIRFLOW_CTX_TRY_NUMBER='1' AIRFLOW_CTX_DAG_RUN_ID='manual__2026-08-06T17:13:18.213765+00:00'
[2026-08-06T17:13:22.386+0000] {logging_mixin.py:190} INFO - Task instance is in running state
[2026-08-06T17:13:22.386+0000] {logging_mixin.py:190} INFO -  Previous state of the Task instance: queued
[2026-08-06T17:13:22.387+0000] {logging_mixin.py:190} INFO - Current task name:download_data state:running start_date:2026-08-06 17:13:22.114313+00:00
[2026-08-06T17:13:22.387+0000] {logging_mixin.py:190} INFO - Dag name:taxi_pipeline and current dag run status:running
[2026-08-06T17:13:22.387+0000] {taskinstance.py:732} INFO - ::endgroup::
[2026-08-06T17:13:22.388+0000] {subprocess.py:78} INFO - Tmp dir root location: /tmp
[2026-08-06T17:13:22.389+0000] {subprocess.py:88} INFO - Running command: ['/usr/bin/bash', '-c', 'python /opt/project/ingestion/download_taxi_data.py']
[2026-08-06T17:13:22.399+0000] {subprocess.py:99} INFO - Output:
[2026-08-06T17:13:22.905+0000] {subprocess.py:106} INFO - 2026-08-06 17:13:22,905 - INFO - Starting download...
[2026-08-06T17:13:23.006+0000] {subprocess.py:106} INFO - 2026-08-06 17:13:23,006 - INFO - Downloading NYC Taxi July 2025 data...
[2026-08-06T17:13:53.323+0000] {subprocess.py:106} INFO - 2026-08-06 17:13:53,323 - INFO - Download complete! Saved to data/raw/yellow_tripdata_2025-07.parquet
[2026-08-06T17:13:53.349+0000] {subprocess.py:110} INFO - Command exited with return code 0
[2026-08-06T17:13:53.388+0000] {taskinstance.py:341} INFO - ::group::Post task execution logs
[2026-08-06T17:13:53.389+0000] {taskinstance.py:353} INFO - Marking task as SUCCESS. dag_id=taxi_pipeline, task_id=download_data, run_id=manual__2026-08-06T17:13:18.213765+00:00, execution_date=20260806T171318, start_date=20260806T171322, end_date=20260806T171353
[2026-08-06T17:13:53.413+0000] {logging_mixin.py:190} INFO - Task instance in success state
[2026-08-06T17:13:53.414+0000] {logging_mixin.py:190} INFO -  Previous state of the Task instance: running
[2026-08-06T17:13:53.415+0000] {logging_mixin.py:190} INFO - Dag name:taxi_pipeline queued_at:2026-08-06 17:13:18.227395+00:00
[2026-08-06T17:13:53.415+0000] {logging_mixin.py:190} INFO - Task hostname:daf483215780 operator:BashOperator
[2026-08-06T17:13:53.445+0000] {local_task_job_runner.py:266} INFO - Task exited with return code 0
[2026-08-06T17:13:53.473+0000] {taskinstance.py:3901} INFO - 1 downstream tasks scheduled from follow-on schedule check
[2026-08-06T17:13:53.477+0000] {local_task_job_runner.py:245} INFO - ::endgroup::
