[2026-08-06T16:23:55.046+0000] {local_task_job_runner.py:123} INFO - ::group::Pre task execution logs
[2026-08-06T16:23:55.069+0000] {taskinstance.py:2614} INFO - Dependencies all met for dep_context=non-requeueable deps ti=<TaskInstance: taxi_pipeline.upload_to_bronze manual__2026-08-06T16:23:04.869109+00:00 [queued]>
[2026-08-06T16:23:55.089+0000] {taskinstance.py:2614} INFO - Dependencies all met for dep_context=requeueable deps ti=<TaskInstance: taxi_pipeline.upload_to_bronze manual__2026-08-06T16:23:04.869109+00:00 [queued]>
[2026-08-06T16:23:55.093+0000] {taskinstance.py:2867} INFO - Starting attempt 1 of 3
[2026-08-06T16:23:55.269+0000] {taskinstance.py:2890} INFO - Executing <Task(BashOperator): upload_to_bronze> on 2026-08-06 16:23:04.869109+00:00
[2026-08-06T16:23:55.277+0000] {warnings.py:112} WARNING - /home/***/.local/lib/python3.12/site-packages/***/task/task_runner/standard_task_runner.py:70: DeprecationWarning: This process (pid=129) is multi-threaded, use of fork() may lead to deadlocks in the child.
  pid = os.fork()

[2026-08-06T16:23:55.279+0000] {standard_task_runner.py:72} INFO - Started process 131 to run task
[2026-08-06T16:23:55.279+0000] {standard_task_runner.py:104} INFO - Running: ['***', 'tasks', 'run', 'taxi_pipeline', 'upload_to_bronze', 'manual__2026-08-06T16:23:04.869109+00:00', '--job-id', '263', '--raw', '--subdir', 'DAGS_FOLDER/taxi_pipeline_dag.py', '--cfg-path', '/tmp/tmp319ji6d9']
[2026-08-06T16:23:55.280+0000] {standard_task_runner.py:105} INFO - Job 263: Subtask upload_to_bronze
[2026-08-06T16:23:55.326+0000] {task_command.py:467} INFO - Running <TaskInstance: taxi_pipeline.upload_to_bronze manual__2026-08-06T16:23:04.869109+00:00 [running]> on host e50e5c7e82f5
[2026-08-06T16:23:55.389+0000] {taskinstance.py:3134} INFO - Exporting env vars: AIRFLOW_CTX_DAG_OWNER='***' AIRFLOW_CTX_DAG_ID='taxi_pipeline' AIRFLOW_CTX_TASK_ID='upload_to_bronze' AIRFLOW_CTX_EXECUTION_DATE='2026-08-06T16:23:04.869109+00:00' AIRFLOW_CTX_TRY_NUMBER='1' AIRFLOW_CTX_DAG_RUN_ID='manual__2026-08-06T16:23:04.869109+00:00'
[2026-08-06T16:23:55.391+0000] {logging_mixin.py:190} INFO - Task instance is in running state
[2026-08-06T16:23:55.391+0000] {logging_mixin.py:190} INFO -  Previous state of the Task instance: queued
[2026-08-06T16:23:55.392+0000] {logging_mixin.py:190} INFO - Current task name:upload_to_bronze state:running start_date:2026-08-06 16:23:55.072377+00:00
[2026-08-06T16:23:55.392+0000] {logging_mixin.py:190} INFO - Dag name:taxi_pipeline and current dag run status:running
[2026-08-06T16:23:55.393+0000] {taskinstance.py:732} INFO - ::endgroup::
[2026-08-06T16:23:55.393+0000] {subprocess.py:78} INFO - Tmp dir root location: /tmp
[2026-08-06T16:23:55.395+0000] {subprocess.py:88} INFO - Running command: ['/usr/bin/bash', '-c', 'python /opt/project/ingestion/upload_to_s3.py']
[2026-08-06T16:23:55.405+0000] {subprocess.py:99} INFO - Output:
[2026-08-06T16:23:56.227+0000] {subprocess.py:106} INFO - 2026-08-06 16:23:56,226 - INFO - Uploading NYC Taxi data...
[2026-08-06T16:23:56.228+0000] {subprocess.py:106} INFO - 2026-08-06 16:23:56,226 - ERROR - File does not exist
[2026-08-06T16:23:56.229+0000] {subprocess.py:106} INFO - Starting Bronze upload...
[2026-08-06T16:23:56.230+0000] {subprocess.py:106} INFO - Finished Bronze upload successfully.
[2026-08-06T16:23:56.327+0000] {subprocess.py:110} INFO - Command exited with return code 0
[2026-08-06T16:23:56.350+0000] {taskinstance.py:341} INFO - ::group::Post task execution logs
[2026-08-06T16:23:56.351+0000] {taskinstance.py:353} INFO - Marking task as SUCCESS. dag_id=taxi_pipeline, task_id=upload_to_bronze, run_id=manual__2026-08-06T16:23:04.869109+00:00, execution_date=20260806T162304, start_date=20260806T162355, end_date=20260806T162356
[2026-08-06T16:23:56.374+0000] {logging_mixin.py:190} INFO - Task instance in success state
[2026-08-06T16:23:56.375+0000] {logging_mixin.py:190} INFO -  Previous state of the Task instance: running
[2026-08-06T16:23:56.376+0000] {logging_mixin.py:190} INFO - Dag name:taxi_pipeline queued_at:2026-08-06 16:23:04.891370+00:00
[2026-08-06T16:23:56.377+0000] {logging_mixin.py:190} INFO - Task hostname:e50e5c7e82f5 operator:BashOperator
[2026-08-06T16:23:56.422+0000] {local_task_job_runner.py:266} INFO - Task exited with return code 0
[2026-08-06T16:23:56.446+0000] {taskinstance.py:3901} INFO - 1 downstream tasks scheduled from follow-on schedule check
[2026-08-06T16:23:56.450+0000] {local_task_job_runner.py:245} INFO - ::endgroup::
