[2026-08-06T16:59:45.177+0000] {local_task_job_runner.py:123} INFO - ::group::Pre task execution logs
[2026-08-06T16:59:45.196+0000] {taskinstance.py:2614} INFO - Dependencies all met for dep_context=non-requeueable deps ti=<TaskInstance: taxi_pipeline.load_to_snowflake manual__2026-08-06T16:57:37.819240+00:00 [queued]>
[2026-08-06T16:59:45.204+0000] {taskinstance.py:2614} INFO - Dependencies all met for dep_context=requeueable deps ti=<TaskInstance: taxi_pipeline.load_to_snowflake manual__2026-08-06T16:57:37.819240+00:00 [queued]>
[2026-08-06T16:59:45.206+0000] {taskinstance.py:2867} INFO - Starting attempt 1 of 4
[2026-08-06T16:59:45.358+0000] {taskinstance.py:2890} INFO - Executing <Task(BashOperator): load_to_snowflake> on 2026-08-06 16:57:37.819240+00:00
[2026-08-06T16:59:45.367+0000] {warnings.py:112} WARNING - /home/***/.local/lib/python3.12/site-packages/***/task/task_runner/standard_task_runner.py:70: DeprecationWarning: This process (pid=176) is multi-threaded, use of fork() may lead to deadlocks in the child.
  pid = os.fork()

[2026-08-06T16:59:45.369+0000] {standard_task_runner.py:72} INFO - Started process 178 to run task
[2026-08-06T16:59:45.369+0000] {standard_task_runner.py:104} INFO - Running: ['***', 'tasks', 'run', 'taxi_pipeline', 'load_to_snowflake', 'manual__2026-08-06T16:57:37.819240+00:00', '--job-id', '299', '--raw', '--subdir', 'DAGS_FOLDER/taxi_pipeline_dag.py', '--cfg-path', '/tmp/tmpr2yma65i']
[2026-08-06T16:59:45.370+0000] {standard_task_runner.py:105} INFO - Job 299: Subtask load_to_snowflake
[2026-08-06T16:59:45.419+0000] {task_command.py:467} INFO - Running <TaskInstance: taxi_pipeline.load_to_snowflake manual__2026-08-06T16:57:37.819240+00:00 [running]> on host 8b46603d9657
[2026-08-06T16:59:45.510+0000] {taskinstance.py:3134} INFO - Exporting env vars: AIRFLOW_CTX_DAG_OWNER='***' AIRFLOW_CTX_DAG_ID='taxi_pipeline' AIRFLOW_CTX_TASK_ID='load_to_snowflake' AIRFLOW_CTX_EXECUTION_DATE='2026-08-06T16:57:37.819240+00:00' AIRFLOW_CTX_TRY_NUMBER='1' AIRFLOW_CTX_DAG_RUN_ID='manual__2026-08-06T16:57:37.819240+00:00'
[2026-08-06T16:59:45.512+0000] {logging_mixin.py:190} INFO - Task instance is in running state
[2026-08-06T16:59:45.513+0000] {logging_mixin.py:190} INFO -  Previous state of the Task instance: queued
[2026-08-06T16:59:45.514+0000] {logging_mixin.py:190} INFO - Current task name:load_to_snowflake state:running start_date:2026-08-06 16:59:45.197488+00:00
[2026-08-06T16:59:45.515+0000] {logging_mixin.py:190} INFO - Dag name:taxi_pipeline and current dag run status:running
[2026-08-06T16:59:45.516+0000] {taskinstance.py:732} INFO - ::endgroup::
[2026-08-06T16:59:45.518+0000] {subprocess.py:78} INFO - Tmp dir root location: /tmp
[2026-08-06T16:59:45.520+0000] {subprocess.py:88} INFO - Running command: ['/usr/bin/bash', '-c', 'python /opt/project/snowflake/load_gold.py']
[2026-08-06T16:59:45.537+0000] {subprocess.py:99} INFO - Output:
[2026-08-06T16:59:49.114+0000] {subprocess.py:106} INFO - Traceback (most recent call last):
[2026-08-06T16:59:49.115+0000] {subprocess.py:106} INFO -   File "/opt/project/snowflake/load_gold.py", line 5, in <module>
[2026-08-06T16:59:49.119+0000] {subprocess.py:106} INFO -     conn = snowflake.connector.connect(
[2026-08-06T16:59:49.120+0000] {subprocess.py:106} INFO -            ^^^^^^^^^^^^^^^^^^^^^^^^^^^^
[2026-08-06T16:59:49.121+0000] {subprocess.py:106} INFO -   File "/home/***/.local/lib/python3.12/site-packages/snowflake/connector/__init__.py", line 55, in Connect
[2026-08-06T16:59:49.121+0000] {subprocess.py:106} INFO -     return SnowflakeConnection(**kwargs)
[2026-08-06T16:59:49.121+0000] {subprocess.py:106} INFO -            ^^^^^^^^^^^^^^^^^^^^^^^^^^^^^
[2026-08-06T16:59:49.122+0000] {subprocess.py:106} INFO -   File "/home/***/.local/lib/python3.12/site-packages/snowflake/connector/connection.py", line 467, in __init__
[2026-08-06T16:59:49.123+0000] {subprocess.py:106} INFO -     self.connect(**kwargs)
[2026-08-06T16:59:49.123+0000] {subprocess.py:106} INFO -   File "/home/***/.local/lib/python3.12/site-packages/snowflake/connector/connection.py", line 786, in connect
[2026-08-06T16:59:49.124+0000] {subprocess.py:106} INFO -     self.__open_connection()
[2026-08-06T16:59:49.125+0000] {subprocess.py:106} INFO -   File "/home/***/.local/lib/python3.12/site-packages/snowflake/connector/connection.py", line 1116, in __open_connection
[2026-08-06T16:59:49.126+0000] {subprocess.py:106} INFO -     self.authenticate_with_retry(self.auth_class)
[2026-08-06T16:59:49.126+0000] {subprocess.py:106} INFO -   File "/home/***/.local/lib/python3.12/site-packages/snowflake/connector/connection.py", line 1404, in authenticate_with_retry
[2026-08-06T16:59:49.126+0000] {subprocess.py:106} INFO -     self._authenticate(auth_instance)
[2026-08-06T16:59:49.127+0000] {subprocess.py:106} INFO -   File "/home/***/.local/lib/python3.12/site-packages/snowflake/connector/connection.py", line 1432, in _authenticate
[2026-08-06T16:59:49.128+0000] {subprocess.py:106} INFO -     auth.authenticate(
[2026-08-06T16:59:49.129+0000] {subprocess.py:106} INFO -   File "/home/***/.local/lib/python3.12/site-packages/snowflake/connector/auth/_auth.py", line 265, in authenticate
[2026-08-06T16:59:49.129+0000] {subprocess.py:106} INFO -     ret = self._rest._post_request(
[2026-08-06T16:59:49.130+0000] {subprocess.py:106} INFO -           ^^^^^^^^^^^^^^^^^^^^^^^^^
[2026-08-06T16:59:49.130+0000] {subprocess.py:106} INFO -   File "/home/***/.local/lib/python3.12/site-packages/snowflake/connector/network.py", line 749, in _post_request
[2026-08-06T16:59:49.130+0000] {subprocess.py:106} INFO -     ret = self.fetch(
[2026-08-06T16:59:49.131+0000] {subprocess.py:106} INFO -           ^^^^^^^^^^^
[2026-08-06T16:59:49.131+0000] {subprocess.py:106} INFO -   File "/home/***/.local/lib/python3.12/site-packages/snowflake/connector/network.py", line 864, in fetch
[2026-08-06T16:59:49.132+0000] {subprocess.py:106} INFO -     ret = self._request_exec_wrapper(
[2026-08-06T16:59:49.132+0000] {subprocess.py:106} INFO -           ^^^^^^^^^^^^^^^^^^^^^^^^^^^
[2026-08-06T16:59:49.132+0000] {subprocess.py:106} INFO -   File "/home/***/.local/lib/python3.12/site-packages/snowflake/connector/network.py", line 992, in _request_exec_wrapper
[2026-08-06T16:59:49.133+0000] {subprocess.py:106} INFO -     raise e
[2026-08-06T16:59:49.133+0000] {subprocess.py:106} INFO -   File "/home/***/.local/lib/python3.12/site-packages/snowflake/connector/network.py", line 914, in _request_exec_wrapper
[2026-08-06T16:59:49.134+0000] {subprocess.py:106} INFO -     return_object = self._request_exec(
[2026-08-06T16:59:49.134+0000] {subprocess.py:106} INFO -                     ^^^^^^^^^^^^^^^^^^^
[2026-08-06T16:59:49.135+0000] {subprocess.py:106} INFO -   File "/home/***/.local/lib/python3.12/site-packages/snowflake/connector/network.py", line 1191, in _request_exec
[2026-08-06T16:59:49.135+0000] {subprocess.py:106} INFO -     raise err
[2026-08-06T16:59:49.136+0000] {subprocess.py:106} INFO -   File "/home/***/.local/lib/python3.12/site-packages/snowflake/connector/network.py", line 1140, in _request_exec
[2026-08-06T16:59:49.136+0000] {subprocess.py:106} INFO -     raise_failed_request_error(
[2026-08-06T16:59:49.137+0000] {subprocess.py:106} INFO -   File "/home/***/.local/lib/python3.12/site-packages/snowflake/connector/network.py", line 232, in raise_failed_request_error
[2026-08-06T16:59:49.137+0000] {subprocess.py:106} INFO -     Error.errorhandler_wrapper(
[2026-08-06T16:59:49.137+0000] {subprocess.py:106} INFO -   File "/home/***/.local/lib/python3.12/site-packages/snowflake/connector/errors.py", line 283, in errorhandler_wrapper
[2026-08-06T16:59:49.138+0000] {subprocess.py:106} INFO -     handed_over = Error.hand_to_other_handler(
[2026-08-06T16:59:49.140+0000] {subprocess.py:106} INFO -                   ^^^^^^^^^^^^^^^^^^^^^^^^^^^^
[2026-08-06T16:59:49.141+0000] {subprocess.py:106} INFO -   File "/home/***/.local/lib/python3.12/site-packages/snowflake/connector/errors.py", line 341, in hand_to_other_handler
[2026-08-06T16:59:49.142+0000] {subprocess.py:106} INFO -     connection.errorhandler(connection, cursor, error_class, error_value)
[2026-08-06T16:59:49.143+0000] {subprocess.py:106} INFO -   File "/home/***/.local/lib/python3.12/site-packages/snowflake/connector/errors.py", line 214, in default_errorhandler
[2026-08-06T16:59:49.144+0000] {subprocess.py:106} INFO -     raise error_class(
[2026-08-06T16:59:49.144+0000] {subprocess.py:106} INFO - snowflake.connector.errors.InterfaceError: 250003 (08001): 404 Not Found: post https://RKWBBQK-SBB67166SVADAKUP.snowflakecomputing.com:443/session/v1/login-request?request_id=776f8ae0-c501-4e45-9362-250b82d73235&databaseName=TAXI_ANALYTICS&schemaName=GOLD&warehouse=COMPUTE_WH&request_guid=cff29bf2-7bd6-4cf7-a745-cfd3450a2c49
[2026-08-06T16:59:49.278+0000] {subprocess.py:110} INFO - Command exited with return code 1
[2026-08-06T16:59:49.290+0000] {taskinstance.py:3313} ERROR - Task failed with exception
Traceback (most recent call last):
  File "/home/airflow/.local/lib/python3.12/site-packages/airflow/models/taskinstance.py", line 768, in _execute_task
    result = _execute_callable(context=context, **execute_callable_kwargs)
             ^^^^^^^^^^^^^^^^^^^^^^^^^^^^^^^^^^^^^^^^^^^^^^^^^^^^^^^^^^^^^
  File "/home/airflow/.local/lib/python3.12/site-packages/airflow/models/taskinstance.py", line 734, in _execute_callable
    return ExecutionCallableRunner(
           ^^^^^^^^^^^^^^^^^^^^^^^^
  File "/home/airflow/.local/lib/python3.12/site-packages/airflow/utils/operator_helpers.py", line 252, in run
    return self.func(*args, **kwargs)
           ^^^^^^^^^^^^^^^^^^^^^^^^^^
  File "/home/airflow/.local/lib/python3.12/site-packages/airflow/models/baseoperator.py", line 424, in wrapper
    return func(self, *args, **kwargs)
           ^^^^^^^^^^^^^^^^^^^^^^^^^^^
  File "/home/airflow/.local/lib/python3.12/site-packages/airflow/operators/bash.py", line 276, in execute
    raise AirflowException(
airflow.exceptions.AirflowException: Bash command failed. The command returned a non-zero exit code 1.
[2026-08-06T16:59:49.302+0000] {logging_mixin.py:190} INFO - Task instance in failure state
[2026-08-06T16:59:49.303+0000] {logging_mixin.py:190} INFO - Task start:2026-08-06 16:59:45.197488+00:00 end:2026-08-06 16:59:49.301430+00:00 duration:4.103942
[2026-08-06T16:59:49.303+0000] {logging_mixin.py:190} INFO - Task:<Task(BashOperator): load_to_snowflake> dag:<DAG: taxi_pipeline> dagrun:<DagRun taxi_pipeline @ 2026-08-06 16:57:37.819240+00:00: manual__2026-08-06T16:57:37.819240+00:00, state:running, queued_at: 2026-08-06 16:57:37.832417+00:00. externally triggered: True>
[2026-08-06T16:59:49.304+0000] {logging_mixin.py:190} INFO - Failure caused by Bash command failed. The command returned a non-zero exit code 1.
[2026-08-06T16:59:49.305+0000] {taskinstance.py:1226} INFO - Marking task as UP_FOR_RETRY. dag_id=taxi_pipeline, task_id=load_to_snowflake, run_id=manual__2026-08-06T16:57:37.819240+00:00, execution_date=20260806T165737, start_date=20260806T165945, end_date=20260806T165949
[2026-08-06T16:59:49.335+0000] {taskinstance.py:341} INFO - ::group::Post task execution logs
[2026-08-06T16:59:49.336+0000] {standard_task_runner.py:124} ERROR - Failed to execute job 299 for task load_to_snowflake (Bash command failed. The command returned a non-zero exit code 1.; 178)
Traceback (most recent call last):
  File "/home/airflow/.local/lib/python3.12/site-packages/airflow/task/task_runner/standard_task_runner.py", line 117, in _start_by_fork
    ret = args.func(args, dag=self.dag)
          ^^^^^^^^^^^^^^^^^^^^^^^^^^^^^
  File "/home/airflow/.local/lib/python3.12/site-packages/airflow/cli/cli_config.py", line 49, in command
    return func(*args, **kwargs)
           ^^^^^^^^^^^^^^^^^^^^^
  File "/home/airflow/.local/lib/python3.12/site-packages/airflow/utils/cli.py", line 116, in wrapper
    return f(*args, **kwargs)
           ^^^^^^^^^^^^^^^^^^
  File "/home/airflow/.local/lib/python3.12/site-packages/airflow/cli/commands/task_command.py", line 483, in task_run
    task_return_code = _run_task_by_selected_method(args, _dag, ti)
                       ^^^^^^^^^^^^^^^^^^^^^^^^^^^^^^^^^^^^^^^^^^^^
  File "/home/airflow/.local/lib/python3.12/site-packages/airflow/cli/commands/task_command.py", line 256, in _run_task_by_selected_method
    return _run_raw_task(args, ti)
           ^^^^^^^^^^^^^^^^^^^^^^^
  File "/home/airflow/.local/lib/python3.12/site-packages/airflow/cli/commands/task_command.py", line 341, in _run_raw_task
    return ti._run_raw_task(
           ^^^^^^^^^^^^^^^^^
  File "/home/airflow/.local/lib/python3.12/site-packages/airflow/utils/session.py", line 97, in wrapper
    return func(*args, session=session, **kwargs)
           ^^^^^^^^^^^^^^^^^^^^^^^^^^^^^^^^^^^^^^
  File "/home/airflow/.local/lib/python3.12/site-packages/airflow/models/taskinstance.py", line 3006, in _run_raw_task
    return _run_raw_task(
           ^^^^^^^^^^^^^^
  File "/home/airflow/.local/lib/python3.12/site-packages/airflow/models/taskinstance.py", line 274, in _run_raw_task
    TaskInstance._execute_task_with_callbacks(
  File "/home/airflow/.local/lib/python3.12/site-packages/airflow/models/taskinstance.py", line 3161, in _execute_task_with_callbacks
    result = self._execute_task(context, task_orig)
             ^^^^^^^^^^^^^^^^^^^^^^^^^^^^^^^^^^^^^^
  File "/home/airflow/.local/lib/python3.12/site-packages/airflow/models/taskinstance.py", line 3185, in _execute_task
    return _execute_task(self, context, task_orig)
           ^^^^^^^^^^^^^^^^^^^^^^^^^^^^^^^^^^^^^^^
  File "/home/airflow/.local/lib/python3.12/site-packages/airflow/models/taskinstance.py", line 768, in _execute_task
    result = _execute_callable(context=context, **execute_callable_kwargs)
             ^^^^^^^^^^^^^^^^^^^^^^^^^^^^^^^^^^^^^^^^^^^^^^^^^^^^^^^^^^^^^
  File "/home/airflow/.local/lib/python3.12/site-packages/airflow/models/taskinstance.py", line 734, in _execute_callable
    return ExecutionCallableRunner(
           ^^^^^^^^^^^^^^^^^^^^^^^^
  File "/home/airflow/.local/lib/python3.12/site-packages/airflow/utils/operator_helpers.py", line 252, in run
    return self.func(*args, **kwargs)
           ^^^^^^^^^^^^^^^^^^^^^^^^^^
  File "/home/airflow/.local/lib/python3.12/site-packages/airflow/models/baseoperator.py", line 424, in wrapper
    return func(self, *args, **kwargs)
           ^^^^^^^^^^^^^^^^^^^^^^^^^^^
  File "/home/airflow/.local/lib/python3.12/site-packages/airflow/operators/bash.py", line 276, in execute
    raise AirflowException(
airflow.exceptions.AirflowException: Bash command failed. The command returned a non-zero exit code 1.
[2026-08-06T16:59:49.374+0000] {local_task_job_runner.py:266} INFO - Task exited with return code 1
[2026-08-06T16:59:49.401+0000] {taskinstance.py:3901} INFO - 0 downstream tasks scheduled from follow-on schedule check
[2026-08-06T16:59:49.404+0000] {local_task_job_runner.py:245} INFO - ::endgroup::
