[2026-08-06T16:12:32.643+0000] {local_task_job_runner.py:123} INFO - ::group::Pre task execution logs
[2026-08-06T16:12:33.241+0000] {taskinstance.py:2614} INFO - Dependencies all met for dep_context=non-requeueable deps ti=<TaskInstance: taxi_pipeline.silver_to_gold manual__2026-08-06T16:04:37.958650+00:00 [queued]>
[2026-08-06T16:12:33.313+0000] {taskinstance.py:2614} INFO - Dependencies all met for dep_context=requeueable deps ti=<TaskInstance: taxi_pipeline.silver_to_gold manual__2026-08-06T16:04:37.958650+00:00 [queued]>
[2026-08-06T16:12:33.317+0000] {taskinstance.py:2867} INFO - Starting attempt 2 of 3
[2026-08-06T16:12:33.367+0000] {taskinstance.py:2890} INFO - Executing <Task(BashOperator): silver_to_gold> on 2026-08-06 16:04:37.958650+00:00
[2026-08-06T16:12:33.396+0000] {warnings.py:112} WARNING - /home/***/.local/lib/python3.12/site-packages/***/task/task_runner/standard_task_runner.py:70: DeprecationWarning: This process (pid=73) is multi-threaded, use of fork() may lead to deadlocks in the child.
  pid = os.fork()

[2026-08-06T16:12:33.405+0000] {standard_task_runner.py:72} INFO - Started process 82 to run task
[2026-08-06T16:12:33.415+0000] {standard_task_runner.py:104} INFO - Running: ['***', 'tasks', 'run', 'taxi_pipeline', 'silver_to_gold', 'manual__2026-08-06T16:04:37.958650+00:00', '--job-id', '253', '--raw', '--subdir', 'DAGS_FOLDER/taxi_pipeline_dag.py', '--cfg-path', '/tmp/tmpz5neta57']
[2026-08-06T16:12:33.422+0000] {standard_task_runner.py:105} INFO - Job 253: Subtask silver_to_gold
[2026-08-06T16:12:33.611+0000] {task_command.py:467} INFO - Running <TaskInstance: taxi_pipeline.silver_to_gold manual__2026-08-06T16:04:37.958650+00:00 [running]> on host bc4af1760526
[2026-08-06T16:12:34.018+0000] {taskinstance.py:3134} INFO - Exporting env vars: AIRFLOW_CTX_DAG_OWNER='***' AIRFLOW_CTX_DAG_ID='taxi_pipeline' AIRFLOW_CTX_TASK_ID='silver_to_gold' AIRFLOW_CTX_EXECUTION_DATE='2026-08-06T16:04:37.958650+00:00' AIRFLOW_CTX_TRY_NUMBER='2' AIRFLOW_CTX_DAG_RUN_ID='manual__2026-08-06T16:04:37.958650+00:00'
[2026-08-06T16:12:34.025+0000] {logging_mixin.py:190} INFO - Task instance is in running state
[2026-08-06T16:12:34.027+0000] {logging_mixin.py:190} INFO -  Previous state of the Task instance: queued
[2026-08-06T16:12:34.032+0000] {logging_mixin.py:190} INFO - Current task name:silver_to_gold state:running start_date:2026-08-06 16:12:33.243946+00:00
[2026-08-06T16:12:34.034+0000] {logging_mixin.py:190} INFO - Dag name:taxi_pipeline and current dag run status:running
[2026-08-06T16:12:34.036+0000] {taskinstance.py:732} INFO - ::endgroup::
[2026-08-06T16:12:34.043+0000] {subprocess.py:78} INFO - Tmp dir root location: /tmp
[2026-08-06T16:12:34.049+0000] {subprocess.py:88} INFO - Running command: ['/usr/bin/bash', '-c', '\n        docker exec spark         spark-submit /opt/project/transform/silver_to_gold.py\n        ']
[2026-08-06T16:12:34.093+0000] {subprocess.py:99} INFO - Output:
[2026-08-06T16:12:35.962+0000] {subprocess.py:106} INFO - WARNING: Using incubator modules: jdk.incubator.vector
[2026-08-06T16:12:42.488+0000] {subprocess.py:106} INFO - Using Spark's default log4j profile: org/apache/spark/log4j2-defaults.properties
[2026-08-06T16:12:42.514+0000] {subprocess.py:106} INFO - 26/08/06 16:12:42 INFO SparkContext: Running Spark version 4.0.0
[2026-08-06T16:12:42.524+0000] {subprocess.py:106} INFO - 26/08/06 16:12:42 INFO SparkContext: OS info Linux, 5.15.167.4-microsoft-standard-WSL2, amd64
[2026-08-06T16:12:42.526+0000] {subprocess.py:106} INFO - 26/08/06 16:12:42 INFO SparkContext: Java version 17.0.15
[2026-08-06T16:12:42.728+0000] {subprocess.py:106} INFO - 26/08/06 16:12:42 WARN NativeCodeLoader: Unable to load native-hadoop library for your platform... using builtin-java classes where applicable
[2026-08-06T16:12:42.874+0000] {subprocess.py:106} INFO - 26/08/06 16:12:42 INFO ResourceUtils: ==============================================================
[2026-08-06T16:12:42.878+0000] {subprocess.py:106} INFO - 26/08/06 16:12:42 INFO ResourceUtils: No custom resources configured for spark.driver.
[2026-08-06T16:12:42.880+0000] {subprocess.py:106} INFO - 26/08/06 16:12:42 INFO ResourceUtils: ==============================================================
[2026-08-06T16:12:42.881+0000] {subprocess.py:106} INFO - 26/08/06 16:12:42 INFO SparkContext: Submitted application: SilverToGold
[2026-08-06T16:12:42.940+0000] {subprocess.py:106} INFO - 26/08/06 16:12:42 INFO ResourceProfile: Default ResourceProfile created, executor resources: Map(cores -> name: cores, amount: 1, script: , vendor: , memory -> name: memory, amount: 1024, script: , vendor: , offHeap -> name: offHeap, amount: 0, script: , vendor: ), task resources: Map(cpus -> name: cpus, amount: 1.0)
[2026-08-06T16:12:42.946+0000] {subprocess.py:106} INFO - 26/08/06 16:12:42 INFO ResourceProfile: Limiting resource is cpu
[2026-08-06T16:12:42.952+0000] {subprocess.py:106} INFO - 26/08/06 16:12:42 INFO ResourceProfileManager: Added ResourceProfile id: 0
[2026-08-06T16:12:43.091+0000] {subprocess.py:106} INFO - 26/08/06 16:12:43 INFO SecurityManager: Changing view acls to: spark
[2026-08-06T16:12:43.097+0000] {subprocess.py:106} INFO - 26/08/06 16:12:43 INFO SecurityManager: Changing modify acls to: spark
[2026-08-06T16:12:43.100+0000] {subprocess.py:106} INFO - 26/08/06 16:12:43 INFO SecurityManager: Changing view acls groups to: spark
[2026-08-06T16:12:43.103+0000] {subprocess.py:106} INFO - 26/08/06 16:12:43 INFO SecurityManager: Changing modify acls groups to: spark
[2026-08-06T16:12:43.109+0000] {subprocess.py:106} INFO - 26/08/06 16:12:43 INFO SecurityManager: SecurityManager: authentication disabled; ui acls disabled; users with view permissions: spark groups with view permissions: EMPTY; users with modify permissions: spark; groups with modify permissions: EMPTY; RPC SSL disabled
[2026-08-06T16:12:43.832+0000] {subprocess.py:106} INFO - 26/08/06 16:12:43 INFO Utils: Successfully started service 'sparkDriver' on port 38107.
[2026-08-06T16:12:43.951+0000] {subprocess.py:106} INFO - 26/08/06 16:12:43 INFO SparkEnv: Registering MapOutputTracker
[2026-08-06T16:12:43.995+0000] {subprocess.py:106} INFO - 26/08/06 16:12:43 INFO SparkEnv: Registering BlockManagerMaster
[2026-08-06T16:12:44.029+0000] {subprocess.py:106} INFO - 26/08/06 16:12:44 INFO BlockManagerMasterEndpoint: Using org.apache.spark.storage.DefaultTopologyMapper for getting topology information
[2026-08-06T16:12:44.032+0000] {subprocess.py:106} INFO - 26/08/06 16:12:44 INFO BlockManagerMasterEndpoint: BlockManagerMasterEndpoint up
[2026-08-06T16:12:44.041+0000] {subprocess.py:106} INFO - 26/08/06 16:12:44 INFO SparkEnv: Registering BlockManagerMasterHeartbeat
[2026-08-06T16:12:44.094+0000] {subprocess.py:106} INFO - 26/08/06 16:12:44 INFO DiskBlockManager: Created local directory at /tmp/blockmgr-365e4fd6-c792-43e2-b60a-2b3dafc9a716
[2026-08-06T16:12:44.174+0000] {subprocess.py:106} INFO - 26/08/06 16:12:44 INFO SparkEnv: Registering OutputCommitCoordinator
[2026-08-06T16:12:44.456+0000] {subprocess.py:106} INFO - 26/08/06 16:12:44 INFO JettyUtils: Start Jetty 0.0.0.0:4040 for SparkUI
[2026-08-06T16:12:44.647+0000] {subprocess.py:106} INFO - 26/08/06 16:12:44 INFO Utils: Successfully started service 'SparkUI' on port 4040.
[2026-08-06T16:12:44.804+0000] {subprocess.py:106} INFO - 26/08/06 16:12:44 INFO SecurityManager: Changing view acls to: spark
[2026-08-06T16:12:44.806+0000] {subprocess.py:106} INFO - 26/08/06 16:12:44 INFO SecurityManager: Changing modify acls to: spark
[2026-08-06T16:12:44.812+0000] {subprocess.py:106} INFO - 26/08/06 16:12:44 INFO SecurityManager: Changing view acls groups to: spark
[2026-08-06T16:12:44.815+0000] {subprocess.py:106} INFO - 26/08/06 16:12:44 INFO SecurityManager: Changing modify acls groups to: spark
[2026-08-06T16:12:44.816+0000] {subprocess.py:106} INFO - 26/08/06 16:12:44 INFO SecurityManager: SecurityManager: authentication disabled; ui acls disabled; users with view permissions: spark groups with view permissions: EMPTY; users with modify permissions: spark; groups with modify permissions: EMPTY; RPC SSL disabled
[2026-08-06T16:12:45.169+0000] {subprocess.py:106} INFO - 26/08/06 16:12:45 INFO Executor: Starting executor ID driver on host a3b0403837fb
[2026-08-06T16:12:45.172+0000] {subprocess.py:106} INFO - 26/08/06 16:12:45 INFO Executor: OS info Linux, 5.15.167.4-microsoft-standard-WSL2, amd64
[2026-08-06T16:12:45.176+0000] {subprocess.py:106} INFO - 26/08/06 16:12:45 INFO Executor: Java version 17.0.15
[2026-08-06T16:12:45.215+0000] {subprocess.py:106} INFO - 26/08/06 16:12:45 INFO Executor: Starting executor with user classpath (userClassPathFirst = false): ''
[2026-08-06T16:12:45.220+0000] {subprocess.py:106} INFO - 26/08/06 16:12:45 INFO Executor: Created or updated repl class loader org.apache.spark.util.MutableURLClassLoader@5b7b7537 for default.
[2026-08-06T16:12:45.271+0000] {subprocess.py:106} INFO - 26/08/06 16:12:45 INFO Utils: Successfully started service 'org.apache.spark.network.netty.NettyBlockTransferService' on port 39273.
[2026-08-06T16:12:45.285+0000] {subprocess.py:106} INFO - 26/08/06 16:12:45 INFO NettyBlockTransferService: Server created on a3b0403837fb:39273
[2026-08-06T16:12:45.291+0000] {subprocess.py:106} INFO - 26/08/06 16:12:45 INFO BlockManager: Using org.apache.spark.storage.RandomBlockReplicationPolicy for block replication policy
[2026-08-06T16:12:45.333+0000] {subprocess.py:106} INFO - 26/08/06 16:12:45 INFO BlockManagerMaster: Registering BlockManager BlockManagerId(driver, a3b0403837fb, 39273, None)
[2026-08-06T16:12:45.349+0000] {subprocess.py:106} INFO - 26/08/06 16:12:45 INFO BlockManagerMasterEndpoint: Registering block manager a3b0403837fb:39273 with 434.4 MiB RAM, BlockManagerId(driver, a3b0403837fb, 39273, None)
[2026-08-06T16:12:45.355+0000] {subprocess.py:106} INFO - 26/08/06 16:12:45 INFO BlockManagerMaster: Registered BlockManager BlockManagerId(driver, a3b0403837fb, 39273, None)
[2026-08-06T16:12:45.359+0000] {subprocess.py:106} INFO - 26/08/06 16:12:45 INFO BlockManager: Initialized BlockManager: BlockManagerId(driver, a3b0403837fb, 39273, None)
[2026-08-06T16:12:51.040+0000] {subprocess.py:106} INFO - Starting Silver to Gold transformation...
[2026-08-06T16:12:58.041+0000] {subprocess.py:106} INFO - Silver schema:
[2026-08-06T16:12:58.077+0000] {subprocess.py:106} INFO - root
[2026-08-06T16:12:58.081+0000] {subprocess.py:106} INFO -  |-- vendor_id: integer (nullable = true)
[2026-08-06T16:12:58.083+0000] {subprocess.py:106} INFO -  |-- pickup_datetime: timestamp_ntz (nullable = true)
[2026-08-06T16:12:58.085+0000] {subprocess.py:106} INFO -  |-- dropoff_datetime: timestamp_ntz (nullable = true)
[2026-08-06T16:12:58.087+0000] {subprocess.py:106} INFO -  |-- passenger_count: integer (nullable = true)
[2026-08-06T16:12:58.089+0000] {subprocess.py:106} INFO -  |-- trip_distance: double (nullable = true)
[2026-08-06T16:12:58.090+0000] {subprocess.py:106} INFO -  |-- rate_code_id: integer (nullable = true)
[2026-08-06T16:12:58.091+0000] {subprocess.py:106} INFO -  |-- store_and_fwd_flag: string (nullable = true)
[2026-08-06T16:12:58.093+0000] {subprocess.py:106} INFO -  |-- pickup_location_id: integer (nullable = true)
[2026-08-06T16:12:58.094+0000] {subprocess.py:106} INFO -  |-- dropoff_location_id: integer (nullable = true)
[2026-08-06T16:12:58.096+0000] {subprocess.py:106} INFO -  |-- payment_type: integer (nullable = true)
[2026-08-06T16:12:58.098+0000] {subprocess.py:106} INFO -  |-- fare_amount: double (nullable = true)
[2026-08-06T16:12:58.099+0000] {subprocess.py:106} INFO -  |-- extra: double (nullable = true)
[2026-08-06T16:12:58.101+0000] {subprocess.py:106} INFO -  |-- mta_tax: double (nullable = true)
[2026-08-06T16:12:58.102+0000] {subprocess.py:106} INFO -  |-- tip_amount: double (nullable = true)
[2026-08-06T16:12:58.103+0000] {subprocess.py:106} INFO -  |-- tolls_amount: double (nullable = true)
[2026-08-06T16:12:58.104+0000] {subprocess.py:106} INFO -  |-- improvement_surcharge: double (nullable = true)
[2026-08-06T16:12:58.106+0000] {subprocess.py:106} INFO -  |-- total_amount: double (nullable = true)
[2026-08-06T16:12:58.107+0000] {subprocess.py:106} INFO -  |-- congestion_surcharge: double (nullable = true)
[2026-08-06T16:12:58.109+0000] {subprocess.py:106} INFO -  |-- airport_fee: double (nullable = true)
[2026-08-06T16:12:58.111+0000] {subprocess.py:106} INFO -  |-- cbd_congestion_fee: double (nullable = true)
[2026-08-06T16:12:58.112+0000] {subprocess.py:106} INFO -  |-- trip_duration_minutes: double (nullable = true)
[2026-08-06T16:12:58.113+0000] {subprocess.py:106} INFO -  |-- average_speed_mph: double (nullable = true)
[2026-08-06T16:12:58.114+0000] {subprocess.py:106} INFO -  |-- pickup_hour: integer (nullable = true)
[2026-08-06T16:12:58.115+0000] {subprocess.py:106} INFO -  |-- pickup_day_of_week: integer (nullable = true)
[2026-08-06T16:12:58.117+0000] {subprocess.py:106} INFO -  |-- is_weekend: boolean (nullable = true)
[2026-08-06T16:12:58.118+0000] {subprocess.py:106} INFO -  |-- trip_distance_category: string (nullable = true)
[2026-08-06T16:12:58.119+0000] {subprocess.py:106} INFO - 
[2026-08-06T16:12:59.167+0000] {subprocess.py:106} INFO - Daily Summary
[2026-08-06T16:13:10.884+0000] {subprocess.py:106} INFO - +----------+-----------+-----------------+-------------------------+---------------+--------------+-------------+-------------+----+-----+
[2026-08-06T16:13:10.886+0000] {subprocess.py:106} INFO - |      date|total_trips|avg_trip_distance|avg_trip_duration_minutes|avg_fare_amount|avg_tip_amount|total_revenue|avg_speed_mph|year|month|
[2026-08-06T16:13:10.891+0000] {subprocess.py:106} INFO - +----------+-----------+-----------------+-------------------------+---------------+--------------+-------------+-------------+----+-----+
[2026-08-06T16:13:10.894+0000] {subprocess.py:106} INFO - |2025-07-15|     133444|             9.06|                     17.8|          18.87|          3.08|   3714836.24|        29.27|2025|   07|
[2026-08-06T16:13:10.896+0000] {subprocess.py:106} INFO - |2025-07-21|     111317|             5.95|                     17.3|          19.17|          2.95|   3111276.65|        19.34|2025|   07|
[2026-08-06T16:13:10.898+0000] {subprocess.py:106} INFO - |2025-07-16|     144325|             6.04|                    17.39|          18.19|          2.89|    3871094.1|        18.77|2025|   07|
[2026-08-06T16:13:10.900+0000] {subprocess.py:106} INFO - |2025-07-06|      96065|             5.74|                    16.52|          20.31|          2.78|   2734715.97|        16.81|2025|   07|
[2026-08-06T16:13:10.902+0000] {subprocess.py:106} INFO - |2025-07-08|     131924|             4.66|                    16.63|          18.04|           2.8|   3503595.53|         15.0|2025|   07|
[2026-08-06T16:13:10.904+0000] {subprocess.py:106} INFO - +----------+-----------+-----------------+-------------------------+---------------+--------------+-------------+-------------+----+-----+
[2026-08-06T16:13:10.907+0000] {subprocess.py:106} INFO - only showing top 5 rows
[2026-08-06T16:13:11.085+0000] {subprocess.py:106} INFO - Hourly Demand
[2026-08-06T16:13:14.252+0000] {local_task_job_runner.py:346} WARNING - State of this instance has been externally set to failed. Terminating instance.
[2026-08-06T16:13:14.269+0000] {local_task_job_runner.py:245} INFO - ::endgroup::
[2026-08-06T16:13:14.278+0000] {process_utils.py:132} INFO - Sending 15 to group 82. PIDs of all processes in the group: [84, 85, 82]
[2026-08-06T16:13:14.280+0000] {process_utils.py:87} INFO - Sending the signal 15 to group 82
[2026-08-06T16:13:14.281+0000] {taskinstance.py:3094} ERROR - Received SIGTERM. Terminating subprocesses.
[2026-08-06T16:13:14.359+0000] {taskinstance.py:3095} ERROR - Stacktrace: 
  File "/home/***/.local/bin/***", line 8, in <module>
    sys.exit(main())
  File "/home/***/.local/lib/python3.12/site-packages/***/__main__.py", line 62, in main
    args.func(args)
  File "/home/***/.local/lib/python3.12/site-packages/***/cli/cli_config.py", line 49, in command
    return func(*args, **kwargs)
  File "/home/***/.local/lib/python3.12/site-packages/***/utils/cli.py", line 116, in wrapper
    return f(*args, **kwargs)
  File "/home/***/.local/lib/python3.12/site-packages/***/providers/celery/cli/celery_command.py", line 64, in wrapper
    providers_configuration_loaded(func)(*args, **kwargs)
  File "/home/***/.local/lib/python3.12/site-packages/***/utils/providers_configuration_loader.py", line 55, in wrapped_function
    return func(*args, **kwargs)
  File "/home/***/.local/lib/python3.12/site-packages/***/providers/celery/cli/celery_command.py", line 237, in worker
    _run_command_with_daemon_option(
  File "/home/***/.local/lib/python3.12/site-packages/***/providers/celery/cli/celery_command.py", line 50, in _run_command_with_daemon_option
    run_command_with_daemon_option(*args, **kwargs)
  File "/home/***/.local/lib/python3.12/site-packages/***/cli/commands/daemon_utils.py", line 86, in run_command_with_daemon_option
    callback()
  File "/home/***/.local/lib/python3.12/site-packages/***/providers/celery/cli/celery_command.py", line 230, in run_celery_worker
    celery_app.worker_main(options)
  File "/home/***/.local/lib/python3.12/site-packages/celery/app/base.py", line 391, in worker_main
    self.start(argv=argv)
  File "/home/***/.local/lib/python3.12/site-packages/celery/app/base.py", line 371, in start
    celery.main(args=argv, standalone_mode=False)
  File "/home/***/.local/lib/python3.12/site-packages/click/core.py", line 1082, in main
    rv = self.invoke(ctx)
  File "/home/***/.local/lib/python3.12/site-packages/click/core.py", line 1697, in invoke
    return _process_result(sub_ctx.command.invoke(sub_ctx))
  File "/home/***/.local/lib/python3.12/site-packages/click/core.py", line 1443, in invoke
    return ctx.invoke(self.callback, **ctx.params)
  File "/home/***/.local/lib/python3.12/site-packages/click/core.py", line 788, in invoke
    return __callback(*args, **kwargs)
  File "/home/***/.local/lib/python3.12/site-packages/click/decorators.py", line 33, in new_func
    return f(get_current_context(), *args, **kwargs)
  File "/home/***/.local/lib/python3.12/site-packages/celery/bin/base.py", line 135, in caller
    return f(ctx, *args, **kwargs)
  File "/home/***/.local/lib/python3.12/site-packages/celery/bin/worker.py", line 356, in worker
    worker.start()
  File "/home/***/.local/lib/python3.12/site-packages/celery/worker/worker.py", line 202, in start
    self.blueprint.start(self)
  File "/home/***/.local/lib/python3.12/site-packages/celery/bootsteps.py", line 116, in start
    step.start(parent)
  File "/home/***/.local/lib/python3.12/site-packages/celery/bootsteps.py", line 365, in start
    return self.obj.start()
  File "/home/***/.local/lib/python3.12/site-packages/celery/concurrency/base.py", line 130, in start
    self.on_start()
  File "/home/***/.local/lib/python3.12/site-packages/celery/concurrency/prefork.py", line 109, in on_start
    P = self._pool = Pool(processes=self.limit,
  File "/home/***/.local/lib/python3.12/site-packages/celery/concurrency/asynpool.py", line 464, in __init__
    super().__init__(processes, *args, **kwargs)
  File "/home/***/.local/lib/python3.12/site-packages/billiard/pool.py", line 1046, in __init__
    self._create_worker_process(i)
  File "/home/***/.local/lib/python3.12/site-packages/celery/concurrency/asynpool.py", line 482, in _create_worker_process
    return super()._create_worker_process(i)
  File "/home/***/.local/lib/python3.12/site-packages/billiard/pool.py", line 1158, in _create_worker_process
    w.start()
  File "/home/***/.local/lib/python3.12/site-packages/billiard/process.py", line 120, in start
    self._popen = self._Popen(self)
  File "/home/***/.local/lib/python3.12/site-packages/billiard/context.py", line 331, in _Popen
    return Popen(process_obj)
  File "/home/***/.local/lib/python3.12/site-packages/billiard/popen_fork.py", line 22, in __init__
    self._launch(process_obj)
  File "/home/***/.local/lib/python3.12/site-packages/billiard/popen_fork.py", line 77, in _launch
    code = process_obj._bootstrap()
  File "/home/***/.local/lib/python3.12/site-packages/billiard/process.py", line 323, in _bootstrap
    self.run()
  File "/home/***/.local/lib/python3.12/site-packages/billiard/process.py", line 110, in run
    self._target(*self._args, **self._kwargs)
  File "/home/***/.local/lib/python3.12/site-packages/billiard/pool.py", line 292, in __call__
    sys.exit(self.workloop(pid=pid))
  File "/home/***/.local/lib/python3.12/site-packages/billiard/pool.py", line 362, in workloop
    result = (True, prepare_result(fun(*args, **kwargs)))
  File "/home/***/.local/lib/python3.12/site-packages/celery/app/trace.py", line 651, in fast_trace_task
    R, I, T, Rstr = tasks[task].__trace__(
  File "/home/***/.local/lib/python3.12/site-packages/celery/app/trace.py", line 453, in trace_task
    R = retval = fun(*args, **kwargs)
  File "/home/***/.local/lib/python3.12/site-packages/celery/app/trace.py", line 736, in __protected_call__
    return self.run(*args, **kwargs)
  File "/home/***/.local/lib/python3.12/site-packages/***/providers/celery/executors/celery_executor_utils.py", line 139, in execute_command
    _execute_in_fork(command_to_exec, celery_task_id)
  File "/home/***/.local/lib/python3.12/site-packages/***/providers/celery/executors/celery_executor_utils.py", line 171, in _execute_in_fork
    args.func(args)
  File "/home/***/.local/lib/python3.12/site-packages/***/cli/cli_config.py", line 49, in command
    return func(*args, **kwargs)
  File "/home/***/.local/lib/python3.12/site-packages/***/utils/cli.py", line 116, in wrapper
    return f(*args, **kwargs)
  File "/home/***/.local/lib/python3.12/site-packages/***/cli/commands/task_command.py", line 483, in task_run
    task_return_code = _run_task_by_selected_method(args, _dag, ti)
  File "/home/***/.local/lib/python3.12/site-packages/***/cli/commands/task_command.py", line 254, in _run_task_by_selected_method
    return _run_task_by_local_task_job(args, ti)
  File "/home/***/.local/lib/python3.12/site-packages/***/cli/commands/task_command.py", line 322, in _run_task_by_local_task_job
    ret = run_job(job=job_runner.job, execute_callable=job_runner._execute)
  File "/home/***/.local/lib/python3.12/site-packages/***/utils/session.py", line 97, in wrapper
    return func(*args, session=session, **kwargs)
  File "/home/***/.local/lib/python3.12/site-packages/***/jobs/job.py", line 421, in run_job
    return execute_job(job, execute_callable=execute_callable)
  File "/home/***/.local/lib/python3.12/site-packages/***/jobs/job.py", line 450, in execute_job
    ret = execute_callable()
  File "/home/***/.local/lib/python3.12/site-packages/***/jobs/local_task_job_runner.py", line 171, in _execute
    self.task_runner.start()
  File "/home/***/.local/lib/python3.12/site-packages/***/task/task_runner/standard_task_runner.py", line 55, in start
    self.process = self._start_by_fork()
  File "/home/***/.local/lib/python3.12/site-packages/***/task/task_runner/standard_task_runner.py", line 117, in _start_by_fork
    ret = args.func(args, dag=self.dag)
  File "/home/***/.local/lib/python3.12/site-packages/***/cli/cli_config.py", line 49, in command
    return func(*args, **kwargs)
  File "/home/***/.local/lib/python3.12/site-packages/***/utils/cli.py", line 116, in wrapper
    return f(*args, **kwargs)
  File "/home/***/.local/lib/python3.12/site-packages/***/cli/commands/task_command.py", line 483, in task_run
    task_return_code = _run_task_by_selected_method(args, _dag, ti)
  File "/home/***/.local/lib/python3.12/site-packages/***/cli/commands/task_command.py", line 256, in _run_task_by_selected_method
    return _run_raw_task(args, ti)
  File "/home/***/.local/lib/python3.12/site-packages/***/cli/commands/task_command.py", line 341, in _run_raw_task
    return ti._run_raw_task(
  File "/home/***/.local/lib/python3.12/site-packages/***/utils/session.py", line 97, in wrapper
    return func(*args, session=session, **kwargs)
  File "/home/***/.local/lib/python3.12/site-packages/***/models/taskinstance.py", line 3006, in _run_raw_task
    return _run_raw_task(
  File "/home/***/.local/lib/python3.12/site-packages/***/models/taskinstance.py", line 274, in _run_raw_task
    TaskInstance._execute_task_with_callbacks(
  File "/home/***/.local/lib/python3.12/site-packages/***/models/taskinstance.py", line 3161, in _execute_task_with_callbacks
    result = self._execute_task(context, task_orig)
  File "/home/***/.local/lib/python3.12/site-packages/***/models/taskinstance.py", line 3185, in _execute_task
    return _execute_task(self, context, task_orig)
  File "/home/***/.local/lib/python3.12/site-packages/***/models/taskinstance.py", line 768, in _execute_task
    result = _execute_callable(context=context, **execute_callable_kwargs)
  File "/home/***/.local/lib/python3.12/site-packages/***/models/taskinstance.py", line 734, in _execute_callable
    return ExecutionCallableRunner(
  File "/home/***/.local/lib/python3.12/site-packages/***/utils/operator_helpers.py", line 252, in run
    return self.func(*args, **kwargs)
  File "/home/***/.local/lib/python3.12/site-packages/***/models/baseoperator.py", line 424, in wrapper
    return func(self, *args, **kwargs)
  File "/home/***/.local/lib/python3.12/site-packages/***/operators/bash.py", line 257, in execute
    result = self._run_inline_command(bash_path=bash_path, env=env)
  File "/home/***/.local/lib/python3.12/site-packages/***/operators/bash.py", line 284, in _run_inline_command
    return self.subprocess_hook.run_command(
  File "/home/***/.local/lib/python3.12/site-packages/***/hooks/subprocess.py", line 104, in run_command
    for raw_line in iter(self.sub_process.stdout.readline, b""):
  File "/home/***/.local/lib/python3.12/site-packages/***/models/taskinstance.py", line 3095, in signal_handler
    self.log.error("Stacktrace: \n%s", "".join(traceback.format_stack()))

[2026-08-06T16:13:14.376+0000] {subprocess.py:117} INFO - Sending SIGTERM signal to process group
[2026-08-06T16:13:14.529+0000] {taskinstance.py:341} INFO - ::group::Post task execution logs
[2026-08-06T16:13:14.581+0000] {process_utils.py:80} INFO - Process psutil.Process(pid=82, status='terminated', exitcode=0, started='16:12:33') (82) terminated with exit code 0
[2026-08-06T16:13:14.584+0000] {process_utils.py:80} INFO - Process psutil.Process(pid=84, status='terminated', started='16:12:33') (84) terminated with exit code None
[2026-08-06T16:13:14.586+0000] {process_utils.py:80} INFO - Process psutil.Process(pid=85, status='terminated', started='16:12:33') (85) terminated with exit code None
