[2026-08-06T06:24:32.467+0000] {local_task_job_runner.py:123} INFO - ::group::Pre task execution logs
[2026-08-06T06:24:32.507+0000] {taskinstance.py:2614} INFO - Dependencies all met for dep_context=non-requeueable deps ti=<TaskInstance: taxi_pipeline.download_data manual__2026-08-06T05:53:38.430780+00:00 [queued]>
[2026-08-06T06:24:32.524+0000] {taskinstance.py:2614} INFO - Dependencies all met for dep_context=requeueable deps ti=<TaskInstance: taxi_pipeline.download_data manual__2026-08-06T05:53:38.430780+00:00 [queued]>
[2026-08-06T06:24:32.527+0000] {taskinstance.py:2867} INFO - Starting attempt 6 of 7
[2026-08-06T06:24:32.571+0000] {taskinstance.py:2890} INFO - Executing <Task(BashOperator): download_data> on 2026-08-06 05:53:38.430780+00:00
[2026-08-06T06:24:32.588+0000] {warnings.py:112} WARNING - /home/***/.local/lib/python3.12/site-packages/***/task/task_runner/standard_task_runner.py:70: DeprecationWarning: This process (pid=185) is multi-threaded, use of fork() may lead to deadlocks in the child.
  pid = os.fork()

[2026-08-06T06:24:32.592+0000] {standard_task_runner.py:72} INFO - Started process 198 to run task
[2026-08-06T06:24:32.593+0000] {standard_task_runner.py:104} INFO - Running: ['***', 'tasks', 'run', 'taxi_pipeline', 'download_data', 'manual__2026-08-06T05:53:38.430780+00:00', '--job-id', '176', '--raw', '--subdir', 'DAGS_FOLDER/taxi_pipeline_dag.py', '--cfg-path', '/tmp/tmpeenhc30p']
[2026-08-06T06:24:32.595+0000] {standard_task_runner.py:105} INFO - Job 176: Subtask download_data
[2026-08-06T06:24:33.346+0000] {task_command.py:467} INFO - Running <TaskInstance: taxi_pipeline.download_data manual__2026-08-06T05:53:38.430780+00:00 [running]> on host 8ee9c11db25a
[2026-08-06T06:24:33.506+0000] {taskinstance.py:3134} INFO - Exporting env vars: AIRFLOW_CTX_DAG_OWNER='***' AIRFLOW_CTX_DAG_ID='taxi_pipeline' AIRFLOW_CTX_TASK_ID='download_data' AIRFLOW_CTX_EXECUTION_DATE='2026-08-06T05:53:38.430780+00:00' AIRFLOW_CTX_TRY_NUMBER='6' AIRFLOW_CTX_DAG_RUN_ID='manual__2026-08-06T05:53:38.430780+00:00'
[2026-08-06T06:24:33.508+0000] {logging_mixin.py:190} INFO - Task instance is in running state
[2026-08-06T06:24:33.509+0000] {logging_mixin.py:190} INFO -  Previous state of the Task instance: queued
[2026-08-06T06:24:33.510+0000] {logging_mixin.py:190} INFO - Current task name:download_data state:running start_date:2026-08-06 06:24:32.508730+00:00
[2026-08-06T06:24:33.511+0000] {logging_mixin.py:190} INFO - Dag name:taxi_pipeline and current dag run status:running
[2026-08-06T06:24:33.512+0000] {taskinstance.py:732} INFO - ::endgroup::
[2026-08-06T06:24:33.514+0000] {subprocess.py:78} INFO - Tmp dir root location: /tmp
[2026-08-06T06:24:33.516+0000] {subprocess.py:88} INFO - Running command: ['/usr/bin/bash', '-c', 'python /opt/project/ingestion/download_taxi_data.py']
[2026-08-06T06:24:33.545+0000] {subprocess.py:99} INFO - Output:
[2026-08-06T06:24:33.624+0000] {subprocess.py:106} INFO - python: can't open file '/opt/project/ingestion/download_taxi_data.py': [Errno 2] No such file or directory
[2026-08-06T06:24:33.631+0000] {subprocess.py:110} INFO - Command exited with return code 2
[2026-08-06T06:24:33.662+0000] {taskinstance.py:3313} ERROR - Task failed with exception
Traceback (most recent call last):
  File "/home/airflow/.local/lib/python3.12/site-packages/airflow/models/taskinstance.py", line 768, in _execute_task
    result = _execute_callable(context=context, **execute_callable_kwargs)
             ^^^^^^^^^^^^^^^^^^^^^^^^^^^^^^^^^^^^^^^^^^^^^^^^^^^^^^^^^^^^^
  File "/home/airflow/.local/lib/python3.12/site-packages/airflow/models/taskinstance.py", line 734, in _execute_callable
    return ExecutionCallableRunner(
           ^^^^^^^^^^^^^^^^^^^^^^^^
  File "/home/airflow/.local/lib/python3.12/site-packages/airflow/utils/operator_helpers.py", line 252, in run
    return self.func(*args, **kwargs)
           ^^^^^^^^^^^^^^^^^^^^^^^^^^
  File "/home/airflow/.local/lib/python3.12/site-packages/airflow/models/baseoperator.py", line 424, in wrapper
    return func(self, *args, **kwargs)
           ^^^^^^^^^^^^^^^^^^^^^^^^^^^
  File "/home/airflow/.local/lib/python3.12/site-packages/airflow/operators/bash.py", line 276, in execute
    raise AirflowException(
airflow.exceptions.AirflowException: Bash command failed. The command returned a non-zero exit code 2.
[2026-08-06T06:24:33.682+0000] {logging_mixin.py:190} INFO - Task instance in failure state
[2026-08-06T06:24:33.683+0000] {logging_mixin.py:190} INFO - Task start:2026-08-06 06:24:32.508730+00:00 end:2026-08-06 06:24:33.681067+00:00 duration:1.172337
[2026-08-06T06:24:33.684+0000] {logging_mixin.py:190} INFO - Task:<Task(BashOperator): download_data> dag:<DAG: taxi_pipeline> dagrun:<DagRun taxi_pipeline @ 2026-08-06 05:53:38.430780+00:00: manual__2026-08-06T05:53:38.430780+00:00, state:running, queued_at: 2026-08-06 06:18:59.611285+00:00. externally triggered: True>
[2026-08-06T06:24:33.685+0000] {logging_mixin.py:190} INFO - Failure caused by Bash command failed. The command returned a non-zero exit code 2.
[2026-08-06T06:24:33.687+0000] {taskinstance.py:1226} INFO - Marking task as UP_FOR_RETRY. dag_id=taxi_pipeline, task_id=download_data, run_id=manual__2026-08-06T05:53:38.430780+00:00, execution_date=20260806T055338, start_date=20260806T062432, end_date=20260806T062433
[2026-08-06T06:24:33.766+0000] {taskinstance.py:341} INFO - ::group::Post task execution logs
[2026-08-06T06:24:33.768+0000] {standard_task_runner.py:124} ERROR - Failed to execute job 176 for task download_data (Bash command failed. The command returned a non-zero exit code 2.; 198)
Traceback (most recent call last):
  File "/home/airflow/.local/lib/python3.12/site-packages/airflow/task/task_runner/standard_task_runner.py", line 117, in _start_by_fork
    ret = args.func(args, dag=self.dag)
          ^^^^^^^^^^^^^^^^^^^^^^^^^^^^^
  File "/home/airflow/.local/lib/python3.12/site-packages/airflow/cli/cli_config.py", line 49, in command
    return func(*args, **kwargs)
           ^^^^^^^^^^^^^^^^^^^^^
  File "/home/airflow/.local/lib/python3.12/site-packages/airflow/utils/cli.py", line 116, in wrapper
    return f(*args, **kwargs)
           ^^^^^^^^^^^^^^^^^^
  File "/home/airflow/.local/lib/python3.12/site-packages/airflow/cli/commands/task_command.py", line 483, in task_run
    task_return_code = _run_task_by_selected_method(args, _dag, ti)
                       ^^^^^^^^^^^^^^^^^^^^^^^^^^^^^^^^^^^^^^^^^^^^
  File "/home/airflow/.local/lib/python3.12/site-packages/airflow/cli/commands/task_command.py", line 256, in _run_task_by_selected_method
    return _run_raw_task(args, ti)
           ^^^^^^^^^^^^^^^^^^^^^^^
  File "/home/airflow/.local/lib/python3.12/site-packages/airflow/cli/commands/task_command.py", line 341, in _run_raw_task
    return ti._run_raw_task(
           ^^^^^^^^^^^^^^^^^
  File "/home/airflow/.local/lib/python3.12/site-packages/airflow/utils/session.py", line 97, in wrapper
    return func(*args, session=session, **kwargs)
           ^^^^^^^^^^^^^^^^^^^^^^^^^^^^^^^^^^^^^^
  File "/home/airflow/.local/lib/python3.12/site-packages/airflow/models/taskinstance.py", line 3006, in _run_raw_task
    return _run_raw_task(
           ^^^^^^^^^^^^^^
  File "/home/airflow/.local/lib/python3.12/site-packages/airflow/models/taskinstance.py", line 274, in _run_raw_task
    TaskInstance._execute_task_with_callbacks(
  File "/home/airflow/.local/lib/python3.12/site-packages/airflow/models/taskinstance.py", line 3161, in _execute_task_with_callbacks
    result = self._execute_task(context, task_orig)
             ^^^^^^^^^^^^^^^^^^^^^^^^^^^^^^^^^^^^^^
  File "/home/airflow/.local/lib/python3.12/site-packages/airflow/models/taskinstance.py", line 3185, in _execute_task
    return _execute_task(self, context, task_orig)
           ^^^^^^^^^^^^^^^^^^^^^^^^^^^^^^^^^^^^^^^
  File "/home/airflow/.local/lib/python3.12/site-packages/airflow/models/taskinstance.py", line 768, in _execute_task
    result = _execute_callable(context=context, **execute_callable_kwargs)
             ^^^^^^^^^^^^^^^^^^^^^^^^^^^^^^^^^^^^^^^^^^^^^^^^^^^^^^^^^^^^^
  File "/home/airflow/.local/lib/python3.12/site-packages/airflow/models/taskinstance.py", line 734, in _execute_callable
    return ExecutionCallableRunner(
           ^^^^^^^^^^^^^^^^^^^^^^^^
  File "/home/airflow/.local/lib/python3.12/site-packages/airflow/utils/operator_helpers.py", line 252, in run
    return self.func(*args, **kwargs)
           ^^^^^^^^^^^^^^^^^^^^^^^^^^
  File "/home/airflow/.local/lib/python3.12/site-packages/airflow/models/baseoperator.py", line 424, in wrapper
    return func(self, *args, **kwargs)
           ^^^^^^^^^^^^^^^^^^^^^^^^^^^
  File "/home/airflow/.local/lib/python3.12/site-packages/airflow/operators/bash.py", line 276, in execute
    raise AirflowException(
airflow.exceptions.AirflowException: Bash command failed. The command returned a non-zero exit code 2.
[2026-08-06T06:24:33.836+0000] {local_task_job_runner.py:266} INFO - Task exited with return code 1
[2026-08-06T06:24:34.325+0000] {taskinstance.py:3901} INFO - 0 downstream tasks scheduled from follow-on schedule check
[2026-08-06T06:24:34.363+0000] {local_task_job_runner.py:245} INFO - ::endgroup::
