[2026-08-06T06:08:07.361+0000] {local_task_job_runner.py:123} INFO - ::group::Pre task execution logs
[2026-08-06T06:08:07.395+0000] {taskinstance.py:2614} INFO - Dependencies all met for dep_context=non-requeueable deps ti=<TaskInstance: taxi_pipeline.download_data manual__2026-08-06T05:53:38.430780+00:00 [queued]>
[2026-08-06T06:08:07.423+0000] {taskinstance.py:2614} INFO - Dependencies all met for dep_context=requeueable deps ti=<TaskInstance: taxi_pipeline.download_data manual__2026-08-06T05:53:38.430780+00:00 [queued]>
[2026-08-06T06:08:07.430+0000] {taskinstance.py:2867} INFO - Starting attempt 4 of 4
[2026-08-06T06:08:07.464+0000] {taskinstance.py:2890} INFO - Executing <Task(BashOperator): download_data> on 2026-08-06 05:53:38.430780+00:00
[2026-08-06T06:08:07.487+0000] {warnings.py:112} WARNING - /home/***/.local/lib/python3.12/site-packages/***/task/task_runner/standard_task_runner.py:70: DeprecationWarning: This process (pid=155) is multi-threaded, use of fork() may lead to deadlocks in the child.
  pid = os.fork()

[2026-08-06T06:08:07.491+0000] {standard_task_runner.py:72} INFO - Started process 167 to run task
[2026-08-06T06:08:07.492+0000] {standard_task_runner.py:104} INFO - Running: ['***', 'tasks', 'run', 'taxi_pipeline', 'download_data', 'manual__2026-08-06T05:53:38.430780+00:00', '--job-id', '137', '--raw', '--subdir', 'DAGS_FOLDER/taxi_pipeline_dag.py', '--cfg-path', '/tmp/tmpq5aj7kso']
[2026-08-06T06:08:07.504+0000] {standard_task_runner.py:105} INFO - Job 137: Subtask download_data
[2026-08-06T06:08:08.071+0000] {task_command.py:467} INFO - Running <TaskInstance: taxi_pipeline.download_data manual__2026-08-06T05:53:38.430780+00:00 [running]> on host 8ee9c11db25a
[2026-08-06T06:08:08.255+0000] {taskinstance.py:3134} INFO - Exporting env vars: AIRFLOW_CTX_DAG_OWNER='***' AIRFLOW_CTX_DAG_ID='taxi_pipeline' AIRFLOW_CTX_TASK_ID='download_data' AIRFLOW_CTX_EXECUTION_DATE='2026-08-06T05:53:38.430780+00:00' AIRFLOW_CTX_TRY_NUMBER='4' AIRFLOW_CTX_DAG_RUN_ID='manual__2026-08-06T05:53:38.430780+00:00'
[2026-08-06T06:08:08.257+0000] {logging_mixin.py:190} INFO - Task instance is in running state
[2026-08-06T06:08:08.259+0000] {logging_mixin.py:190} INFO -  Previous state of the Task instance: queued
[2026-08-06T06:08:08.260+0000] {logging_mixin.py:190} INFO - Current task name:download_data state:running start_date:2026-08-06 06:08:07.404514+00:00
[2026-08-06T06:08:08.261+0000] {logging_mixin.py:190} INFO - Dag name:taxi_pipeline and current dag run status:running
[2026-08-06T06:08:08.262+0000] {taskinstance.py:732} INFO - ::endgroup::
[2026-08-06T06:08:08.263+0000] {subprocess.py:78} INFO - Tmp dir root location: /tmp
[2026-08-06T06:08:08.267+0000] {subprocess.py:88} INFO - Running command: ['/usr/bin/bash', '-c', 'python /opt/project/ingestion/download_taxi_data.py']
[2026-08-06T06:08:08.287+0000] {subprocess.py:99} INFO - Output:
[2026-08-06T06:08:08.343+0000] {subprocess.py:106} INFO - python: can't open file '/opt/project/ingestion/download_taxi_data.py': [Errno 2] No such file or directory
[2026-08-06T06:08:08.347+0000] {subprocess.py:110} INFO - Command exited with return code 2
[2026-08-06T06:08:08.373+0000] {taskinstance.py:3313} ERROR - Task failed with exception
Traceback (most recent call last):
  File "/home/airflow/.local/lib/python3.12/site-packages/airflow/models/taskinstance.py", line 768, in _execute_task
    result = _execute_callable(context=context, **execute_callable_kwargs)
             ^^^^^^^^^^^^^^^^^^^^^^^^^^^^^^^^^^^^^^^^^^^^^^^^^^^^^^^^^^^^^
  File "/home/airflow/.local/lib/python3.12/site-packages/airflow/models/taskinstance.py", line 734, in _execute_callable
    return ExecutionCallableRunner(
           ^^^^^^^^^^^^^^^^^^^^^^^^
  File "/home/airflow/.local/lib/python3.12/site-packages/airflow/utils/operator_helpers.py", line 252, in run
    return self.func(*args, **kwargs)
           ^^^^^^^^^^^^^^^^^^^^^^^^^^
  File "/home/airflow/.local/lib/python3.12/site-packages/airflow/models/baseoperator.py", line 424, in wrapper
    return func(self, *args, **kwargs)
           ^^^^^^^^^^^^^^^^^^^^^^^^^^^
  File "/home/airflow/.local/lib/python3.12/site-packages/airflow/operators/bash.py", line 276, in execute
    raise AirflowException(
airflow.exceptions.AirflowException: Bash command failed. The command returned a non-zero exit code 2.
[2026-08-06T06:08:08.383+0000] {logging_mixin.py:190} INFO - Task instance in failure state
[2026-08-06T06:08:08.385+0000] {logging_mixin.py:190} INFO - Task start:2026-08-06 06:08:07.404514+00:00 end:2026-08-06 06:08:08.382322+00:00 duration:0.977808
[2026-08-06T06:08:08.388+0000] {logging_mixin.py:190} INFO - Task:<Task(BashOperator): download_data> dag:<DAG: taxi_pipeline> dagrun:<DagRun taxi_pipeline @ 2026-08-06 05:53:38.430780+00:00: manual__2026-08-06T05:53:38.430780+00:00, state:running, queued_at: 2026-08-06 05:53:38.459668+00:00. externally triggered: True>
[2026-08-06T06:08:08.389+0000] {logging_mixin.py:190} INFO - Failure caused by Bash command failed. The command returned a non-zero exit code 2.
[2026-08-06T06:08:08.391+0000] {taskinstance.py:1226} INFO - Marking task as FAILED. dag_id=taxi_pipeline, task_id=download_data, run_id=manual__2026-08-06T05:53:38.430780+00:00, execution_date=20260806T055338, start_date=20260806T060807, end_date=20260806T060808
[2026-08-06T06:08:08.477+0000] {taskinstance.py:341} INFO - ::group::Post task execution logs
[2026-08-06T06:08:08.478+0000] {standard_task_runner.py:124} ERROR - Failed to execute job 137 for task download_data (Bash command failed. The command returned a non-zero exit code 2.; 167)
Traceback (most recent call last):
  File "/home/airflow/.local/lib/python3.12/site-packages/airflow/task/task_runner/standard_task_runner.py", line 117, in _start_by_fork
    ret = args.func(args, dag=self.dag)
          ^^^^^^^^^^^^^^^^^^^^^^^^^^^^^
  File "/home/airflow/.local/lib/python3.12/site-packages/airflow/cli/cli_config.py", line 49, in command
    return func(*args, **kwargs)
           ^^^^^^^^^^^^^^^^^^^^^
  File "/home/airflow/.local/lib/python3.12/site-packages/airflow/utils/cli.py", line 116, in wrapper
    return f(*args, **kwargs)
           ^^^^^^^^^^^^^^^^^^
  File "/home/airflow/.local/lib/python3.12/site-packages/airflow/cli/commands/task_command.py", line 483, in task_run
    task_return_code = _run_task_by_selected_method(args, _dag, ti)
                       ^^^^^^^^^^^^^^^^^^^^^^^^^^^^^^^^^^^^^^^^^^^^
  File "/home/airflow/.local/lib/python3.12/site-packages/airflow/cli/commands/task_command.py", line 256, in _run_task_by_selected_method
    return _run_raw_task(args, ti)
           ^^^^^^^^^^^^^^^^^^^^^^^
  File "/home/airflow/.local/lib/python3.12/site-packages/airflow/cli/commands/task_command.py", line 341, in _run_raw_task
    return ti._run_raw_task(
           ^^^^^^^^^^^^^^^^^
  File "/home/airflow/.local/lib/python3.12/site-packages/airflow/utils/session.py", line 97, in wrapper
    return func(*args, session=session, **kwargs)
           ^^^^^^^^^^^^^^^^^^^^^^^^^^^^^^^^^^^^^^
  File "/home/airflow/.local/lib/python3.12/site-packages/airflow/models/taskinstance.py", line 3006, in _run_raw_task
    return _run_raw_task(
           ^^^^^^^^^^^^^^
  File "/home/airflow/.local/lib/python3.12/site-packages/airflow/models/taskinstance.py", line 274, in _run_raw_task
    TaskInstance._execute_task_with_callbacks(
  File "/home/airflow/.local/lib/python3.12/site-packages/airflow/models/taskinstance.py", line 3161, in _execute_task_with_callbacks
    result = self._execute_task(context, task_orig)
             ^^^^^^^^^^^^^^^^^^^^^^^^^^^^^^^^^^^^^^
  File "/home/airflow/.local/lib/python3.12/site-packages/airflow/models/taskinstance.py", line 3185, in _execute_task
    return _execute_task(self, context, task_orig)
           ^^^^^^^^^^^^^^^^^^^^^^^^^^^^^^^^^^^^^^^
  File "/home/airflow/.local/lib/python3.12/site-packages/airflow/models/taskinstance.py", line 768, in _execute_task
    result = _execute_callable(context=context, **execute_callable_kwargs)
             ^^^^^^^^^^^^^^^^^^^^^^^^^^^^^^^^^^^^^^^^^^^^^^^^^^^^^^^^^^^^^
  File "/home/airflow/.local/lib/python3.12/site-packages/airflow/models/taskinstance.py", line 734, in _execute_callable
    return ExecutionCallableRunner(
           ^^^^^^^^^^^^^^^^^^^^^^^^
  File "/home/airflow/.local/lib/python3.12/site-packages/airflow/utils/operator_helpers.py", line 252, in run
    return self.func(*args, **kwargs)
           ^^^^^^^^^^^^^^^^^^^^^^^^^^
  File "/home/airflow/.local/lib/python3.12/site-packages/airflow/models/baseoperator.py", line 424, in wrapper
    return func(self, *args, **kwargs)
           ^^^^^^^^^^^^^^^^^^^^^^^^^^^
  File "/home/airflow/.local/lib/python3.12/site-packages/airflow/operators/bash.py", line 276, in execute
    raise AirflowException(
airflow.exceptions.AirflowException: Bash command failed. The command returned a non-zero exit code 2.
[2026-08-06T06:08:08.553+0000] {local_task_job_runner.py:266} INFO - Task exited with return code 1
[2026-08-06T06:08:08.874+0000] {taskinstance.py:3901} INFO - 0 downstream tasks scheduled from follow-on schedule check
[2026-08-06T06:08:08.896+0000] {local_task_job_runner.py:245} INFO - ::endgroup::
