[2026-08-06T05:36:55.140+0000] {processor.py:186} INFO - Started process (PID=75) to work on /opt/airflow/dags/taxi_pipeline_dag.py
[2026-08-06T05:36:55.144+0000] {processor.py:914} INFO - Processing file /opt/airflow/dags/taxi_pipeline_dag.py for tasks to queue
[2026-08-06T05:36:55.151+0000] {logging_mixin.py:190} INFO - [2026-08-06T05:36:55.150+0000] {dagbag.py:588} INFO - Filling up the DagBag from /opt/airflow/dags/taxi_pipeline_dag.py
[2026-08-06T05:36:55.302+0000] {processor.py:925} INFO - DAG(s) 'taxi_pipeline' retrieved from /opt/airflow/dags/taxi_pipeline_dag.py
[2026-08-06T05:36:55.791+0000] {logging_mixin.py:190} INFO - [2026-08-06T05:36:55.787+0000] {override.py:1912} INFO - Created Permission View: can edit on DAG:taxi_pipeline
[2026-08-06T05:36:55.820+0000] {logging_mixin.py:190} INFO - [2026-08-06T05:36:55.818+0000] {override.py:1912} INFO - Created Permission View: can delete on DAG:taxi_pipeline
[2026-08-06T05:36:55.839+0000] {logging_mixin.py:190} INFO - [2026-08-06T05:36:55.838+0000] {override.py:1912} INFO - Created Permission View: can read on DAG:taxi_pipeline
[2026-08-06T05:36:55.859+0000] {logging_mixin.py:190} INFO - [2026-08-06T05:36:55.858+0000] {override.py:1912} INFO - Created Permission View: can create on DAG Run:taxi_pipeline
[2026-08-06T05:36:55.878+0000] {logging_mixin.py:190} INFO - [2026-08-06T05:36:55.877+0000] {override.py:1912} INFO - Created Permission View: can delete on DAG Run:taxi_pipeline
[2026-08-06T05:36:55.895+0000] {logging_mixin.py:190} INFO - [2026-08-06T05:36:55.894+0000] {override.py:1912} INFO - Created Permission View: can read on DAG Run:taxi_pipeline
[2026-08-06T05:36:55.913+0000] {logging_mixin.py:190} INFO - [2026-08-06T05:36:55.912+0000] {override.py:1912} INFO - Created Permission View: menu access on DAG Run:taxi_pipeline
[2026-08-06T05:36:55.915+0000] {logging_mixin.py:190} INFO - [2026-08-06T05:36:55.915+0000] {dag.py:3239} INFO - Sync 1 DAGs
[2026-08-06T05:36:55.944+0000] {logging_mixin.py:190} INFO - [2026-08-06T05:36:55.943+0000] {dag.py:3262} INFO - Creating ORM DAG for taxi_pipeline
[2026-08-06T05:36:55.970+0000] {logging_mixin.py:190} INFO - [2026-08-06T05:36:55.969+0000] {dag.py:4180} INFO - Setting next_dagrun for taxi_pipeline to 2026-08-05 00:00:00+00:00, run_after=2026-08-06 00:00:00+00:00
[2026-08-06T05:36:56.015+0000] {processor.py:208} INFO - Processing /opt/airflow/dags/taxi_pipeline_dag.py took 0.886 seconds
[2026-08-06T05:37:26.389+0000] {processor.py:186} INFO - Started process (PID=140) to work on /opt/airflow/dags/taxi_pipeline_dag.py
[2026-08-06T05:37:26.391+0000] {processor.py:914} INFO - Processing file /opt/airflow/dags/taxi_pipeline_dag.py for tasks to queue
[2026-08-06T05:37:26.394+0000] {logging_mixin.py:190} INFO - [2026-08-06T05:37:26.394+0000] {dagbag.py:588} INFO - Filling up the DagBag from /opt/airflow/dags/taxi_pipeline_dag.py
[2026-08-06T05:37:26.427+0000] {processor.py:925} INFO - DAG(s) 'taxi_pipeline' retrieved from /opt/airflow/dags/taxi_pipeline_dag.py
[2026-08-06T05:37:26.454+0000] {logging_mixin.py:190} INFO - [2026-08-06T05:37:26.454+0000] {dag.py:3239} INFO - Sync 1 DAGs
[2026-08-06T05:37:26.487+0000] {logging_mixin.py:190} INFO - [2026-08-06T05:37:26.486+0000] {dag.py:4180} INFO - Setting next_dagrun for taxi_pipeline to 2026-08-05 00:00:00+00:00, run_after=2026-08-06 00:00:00+00:00
[2026-08-06T05:37:26.556+0000] {processor.py:208} INFO - Processing /opt/airflow/dags/taxi_pipeline_dag.py took 0.179 seconds
[2026-08-06T05:37:56.745+0000] {processor.py:186} INFO - Started process (PID=204) to work on /opt/airflow/dags/taxi_pipeline_dag.py
[2026-08-06T05:37:56.748+0000] {processor.py:914} INFO - Processing file /opt/airflow/dags/taxi_pipeline_dag.py for tasks to queue
[2026-08-06T05:37:56.751+0000] {logging_mixin.py:190} INFO - [2026-08-06T05:37:56.751+0000] {dagbag.py:588} INFO - Filling up the DagBag from /opt/airflow/dags/taxi_pipeline_dag.py
[2026-08-06T05:37:56.795+0000] {processor.py:925} INFO - DAG(s) 'taxi_pipeline' retrieved from /opt/airflow/dags/taxi_pipeline_dag.py
[2026-08-06T05:37:56.831+0000] {logging_mixin.py:190} INFO - [2026-08-06T05:37:56.831+0000] {dag.py:3239} INFO - Sync 1 DAGs
[2026-08-06T05:37:56.872+0000] {logging_mixin.py:190} INFO - [2026-08-06T05:37:56.872+0000] {dag.py:4180} INFO - Setting next_dagrun for taxi_pipeline to 2026-08-05 00:00:00+00:00, run_after=2026-08-06 00:00:00+00:00
[2026-08-06T05:37:56.913+0000] {processor.py:208} INFO - Processing /opt/airflow/dags/taxi_pipeline_dag.py took 0.179 seconds
[2026-08-06T05:38:27.645+0000] {processor.py:186} INFO - Started process (PID=274) to work on /opt/airflow/dags/taxi_pipeline_dag.py
[2026-08-06T05:38:27.649+0000] {processor.py:914} INFO - Processing file /opt/airflow/dags/taxi_pipeline_dag.py for tasks to queue
[2026-08-06T05:38:27.659+0000] {logging_mixin.py:190} INFO - [2026-08-06T05:38:27.657+0000] {dagbag.py:588} INFO - Filling up the DagBag from /opt/airflow/dags/taxi_pipeline_dag.py
[2026-08-06T05:38:27.734+0000] {processor.py:925} INFO - DAG(s) 'taxi_pipeline' retrieved from /opt/airflow/dags/taxi_pipeline_dag.py
[2026-08-06T05:38:27.832+0000] {logging_mixin.py:190} INFO - [2026-08-06T05:38:27.831+0000] {dag.py:3239} INFO - Sync 1 DAGs
[2026-08-06T05:38:27.956+0000] {logging_mixin.py:190} INFO - [2026-08-06T05:38:27.955+0000] {dag.py:4180} INFO - Setting next_dagrun for taxi_pipeline to 2026-08-06 00:00:00+00:00, run_after=2026-08-07 00:00:00+00:00
[2026-08-06T05:38:28.044+0000] {processor.py:208} INFO - Processing /opt/airflow/dags/taxi_pipeline_dag.py took 0.422 seconds
[2026-08-06T05:38:58.665+0000] {processor.py:186} INFO - Started process (PID=346) to work on /opt/airflow/dags/taxi_pipeline_dag.py
[2026-08-06T05:38:58.667+0000] {processor.py:914} INFO - Processing file /opt/airflow/dags/taxi_pipeline_dag.py for tasks to queue
[2026-08-06T05:38:58.670+0000] {logging_mixin.py:190} INFO - [2026-08-06T05:38:58.670+0000] {dagbag.py:588} INFO - Filling up the DagBag from /opt/airflow/dags/taxi_pipeline_dag.py
[2026-08-06T05:38:58.776+0000] {processor.py:925} INFO - DAG(s) 'taxi_pipeline' retrieved from /opt/airflow/dags/taxi_pipeline_dag.py
[2026-08-06T05:38:58.835+0000] {logging_mixin.py:190} INFO - [2026-08-06T05:38:58.835+0000] {dag.py:3239} INFO - Sync 1 DAGs
[2026-08-06T05:38:58.888+0000] {logging_mixin.py:190} INFO - [2026-08-06T05:38:58.888+0000] {dag.py:4180} INFO - Setting next_dagrun for taxi_pipeline to 2026-08-06 00:00:00+00:00, run_after=2026-08-07 00:00:00+00:00
[2026-08-06T05:38:58.919+0000] {processor.py:208} INFO - Processing /opt/airflow/dags/taxi_pipeline_dag.py took 0.266 seconds
[2026-08-06T05:39:29.012+0000] {processor.py:186} INFO - Started process (PID=410) to work on /opt/airflow/dags/taxi_pipeline_dag.py
[2026-08-06T05:39:29.019+0000] {processor.py:914} INFO - Processing file /opt/airflow/dags/taxi_pipeline_dag.py for tasks to queue
[2026-08-06T05:39:29.026+0000] {logging_mixin.py:190} INFO - [2026-08-06T05:39:29.025+0000] {dagbag.py:588} INFO - Filling up the DagBag from /opt/airflow/dags/taxi_pipeline_dag.py
[2026-08-06T05:39:29.068+0000] {processor.py:925} INFO - DAG(s) 'taxi_pipeline' retrieved from /opt/airflow/dags/taxi_pipeline_dag.py
[2026-08-06T05:39:29.102+0000] {logging_mixin.py:190} INFO - [2026-08-06T05:39:29.101+0000] {dag.py:3239} INFO - Sync 1 DAGs
[2026-08-06T05:39:29.137+0000] {logging_mixin.py:190} INFO - [2026-08-06T05:39:29.137+0000] {dag.py:4180} INFO - Setting next_dagrun for taxi_pipeline to 2026-08-06 00:00:00+00:00, run_after=2026-08-07 00:00:00+00:00
[2026-08-06T05:39:29.218+0000] {processor.py:208} INFO - Processing /opt/airflow/dags/taxi_pipeline_dag.py took 0.217 seconds
[2026-08-06T05:39:59.735+0000] {processor.py:186} INFO - Started process (PID=475) to work on /opt/airflow/dags/taxi_pipeline_dag.py
[2026-08-06T05:39:59.738+0000] {processor.py:914} INFO - Processing file /opt/airflow/dags/taxi_pipeline_dag.py for tasks to queue
[2026-08-06T05:39:59.744+0000] {logging_mixin.py:190} INFO - [2026-08-06T05:39:59.743+0000] {dagbag.py:588} INFO - Filling up the DagBag from /opt/airflow/dags/taxi_pipeline_dag.py
[2026-08-06T05:39:59.803+0000] {processor.py:925} INFO - DAG(s) 'taxi_pipeline' retrieved from /opt/airflow/dags/taxi_pipeline_dag.py
[2026-08-06T05:39:59.845+0000] {logging_mixin.py:190} INFO - [2026-08-06T05:39:59.844+0000] {dag.py:3239} INFO - Sync 1 DAGs
[2026-08-06T05:39:59.906+0000] {logging_mixin.py:190} INFO - [2026-08-06T05:39:59.906+0000] {dag.py:4180} INFO - Setting next_dagrun for taxi_pipeline to 2026-08-06 00:00:00+00:00, run_after=2026-08-07 00:00:00+00:00
[2026-08-06T05:39:59.945+0000] {processor.py:208} INFO - Processing /opt/airflow/dags/taxi_pipeline_dag.py took 0.223 seconds
[2026-08-06T05:40:30.148+0000] {processor.py:186} INFO - Started process (PID=539) to work on /opt/airflow/dags/taxi_pipeline_dag.py
[2026-08-06T05:40:30.151+0000] {processor.py:914} INFO - Processing file /opt/airflow/dags/taxi_pipeline_dag.py for tasks to queue
[2026-08-06T05:40:30.157+0000] {logging_mixin.py:190} INFO - [2026-08-06T05:40:30.156+0000] {dagbag.py:588} INFO - Filling up the DagBag from /opt/airflow/dags/taxi_pipeline_dag.py
[2026-08-06T05:40:30.242+0000] {processor.py:925} INFO - DAG(s) 'taxi_pipeline' retrieved from /opt/airflow/dags/taxi_pipeline_dag.py
[2026-08-06T05:40:30.279+0000] {logging_mixin.py:190} INFO - [2026-08-06T05:40:30.278+0000] {dag.py:3239} INFO - Sync 1 DAGs
[2026-08-06T05:40:30.320+0000] {logging_mixin.py:190} INFO - [2026-08-06T05:40:30.320+0000] {dag.py:4180} INFO - Setting next_dagrun for taxi_pipeline to 2026-08-06 00:00:00+00:00, run_after=2026-08-07 00:00:00+00:00
[2026-08-06T05:40:30.357+0000] {processor.py:208} INFO - Processing /opt/airflow/dags/taxi_pipeline_dag.py took 0.219 seconds
[2026-08-06T05:41:01.568+0000] {processor.py:186} INFO - Started process (PID=603) to work on /opt/airflow/dags/taxi_pipeline_dag.py
[2026-08-06T05:41:01.570+0000] {processor.py:914} INFO - Processing file /opt/airflow/dags/taxi_pipeline_dag.py for tasks to queue
[2026-08-06T05:41:01.577+0000] {logging_mixin.py:190} INFO - [2026-08-06T05:41:01.576+0000] {dagbag.py:588} INFO - Filling up the DagBag from /opt/airflow/dags/taxi_pipeline_dag.py
[2026-08-06T05:41:01.632+0000] {processor.py:925} INFO - DAG(s) 'taxi_pipeline' retrieved from /opt/airflow/dags/taxi_pipeline_dag.py
[2026-08-06T05:41:01.669+0000] {logging_mixin.py:190} INFO - [2026-08-06T05:41:01.668+0000] {dag.py:3239} INFO - Sync 1 DAGs
[2026-08-06T05:41:01.712+0000] {logging_mixin.py:190} INFO - [2026-08-06T05:41:01.712+0000] {dag.py:4180} INFO - Setting next_dagrun for taxi_pipeline to 2026-08-06 00:00:00+00:00, run_after=2026-08-07 00:00:00+00:00
[2026-08-06T05:41:01.752+0000] {processor.py:208} INFO - Processing /opt/airflow/dags/taxi_pipeline_dag.py took 0.197 seconds
[2026-08-06T05:41:32.180+0000] {processor.py:186} INFO - Started process (PID=667) to work on /opt/airflow/dags/taxi_pipeline_dag.py
[2026-08-06T05:41:32.184+0000] {processor.py:914} INFO - Processing file /opt/airflow/dags/taxi_pipeline_dag.py for tasks to queue
[2026-08-06T05:41:32.190+0000] {logging_mixin.py:190} INFO - [2026-08-06T05:41:32.189+0000] {dagbag.py:588} INFO - Filling up the DagBag from /opt/airflow/dags/taxi_pipeline_dag.py
[2026-08-06T05:41:32.242+0000] {processor.py:925} INFO - DAG(s) 'taxi_pipeline' retrieved from /opt/airflow/dags/taxi_pipeline_dag.py
[2026-08-06T05:41:32.278+0000] {logging_mixin.py:190} INFO - [2026-08-06T05:41:32.278+0000] {dag.py:3239} INFO - Sync 1 DAGs
[2026-08-06T05:41:32.316+0000] {logging_mixin.py:190} INFO - [2026-08-06T05:41:32.315+0000] {dag.py:4180} INFO - Setting next_dagrun for taxi_pipeline to 2026-08-06 00:00:00+00:00, run_after=2026-08-07 00:00:00+00:00
[2026-08-06T05:41:32.422+0000] {processor.py:208} INFO - Processing /opt/airflow/dags/taxi_pipeline_dag.py took 0.253 seconds
[2026-08-06T05:42:02.689+0000] {processor.py:186} INFO - Started process (PID=731) to work on /opt/airflow/dags/taxi_pipeline_dag.py
[2026-08-06T05:42:02.691+0000] {processor.py:914} INFO - Processing file /opt/airflow/dags/taxi_pipeline_dag.py for tasks to queue
[2026-08-06T05:42:02.694+0000] {logging_mixin.py:190} INFO - [2026-08-06T05:42:02.694+0000] {dagbag.py:588} INFO - Filling up the DagBag from /opt/airflow/dags/taxi_pipeline_dag.py
[2026-08-06T05:42:02.756+0000] {processor.py:925} INFO - DAG(s) 'taxi_pipeline' retrieved from /opt/airflow/dags/taxi_pipeline_dag.py
[2026-08-06T05:42:02.785+0000] {logging_mixin.py:190} INFO - [2026-08-06T05:42:02.784+0000] {dag.py:3239} INFO - Sync 1 DAGs
[2026-08-06T05:42:02.844+0000] {logging_mixin.py:190} INFO - [2026-08-06T05:42:02.844+0000] {dag.py:4180} INFO - Setting next_dagrun for taxi_pipeline to 2026-08-06 00:00:00+00:00, run_after=2026-08-07 00:00:00+00:00
[2026-08-06T05:42:02.900+0000] {processor.py:208} INFO - Processing /opt/airflow/dags/taxi_pipeline_dag.py took 0.218 seconds
[2026-08-06T05:42:33.082+0000] {processor.py:186} INFO - Started process (PID=795) to work on /opt/airflow/dags/taxi_pipeline_dag.py
[2026-08-06T05:42:33.085+0000] {processor.py:914} INFO - Processing file /opt/airflow/dags/taxi_pipeline_dag.py for tasks to queue
[2026-08-06T05:42:33.090+0000] {logging_mixin.py:190} INFO - [2026-08-06T05:42:33.089+0000] {dagbag.py:588} INFO - Filling up the DagBag from /opt/airflow/dags/taxi_pipeline_dag.py
[2026-08-06T05:42:33.167+0000] {processor.py:925} INFO - DAG(s) 'taxi_pipeline' retrieved from /opt/airflow/dags/taxi_pipeline_dag.py
[2026-08-06T05:42:33.203+0000] {logging_mixin.py:190} INFO - [2026-08-06T05:42:33.203+0000] {dag.py:3239} INFO - Sync 1 DAGs
[2026-08-06T05:42:33.243+0000] {logging_mixin.py:190} INFO - [2026-08-06T05:42:33.243+0000] {dag.py:4180} INFO - Setting next_dagrun for taxi_pipeline to 2026-08-06 00:00:00+00:00, run_after=2026-08-07 00:00:00+00:00
[2026-08-06T05:42:33.333+0000] {processor.py:208} INFO - Processing /opt/airflow/dags/taxi_pipeline_dag.py took 0.261 seconds
[2026-08-06T05:43:04.000+0000] {processor.py:186} INFO - Started process (PID=859) to work on /opt/airflow/dags/taxi_pipeline_dag.py
[2026-08-06T05:43:04.002+0000] {processor.py:914} INFO - Processing file /opt/airflow/dags/taxi_pipeline_dag.py for tasks to queue
[2026-08-06T05:43:04.006+0000] {logging_mixin.py:190} INFO - [2026-08-06T05:43:04.006+0000] {dagbag.py:588} INFO - Filling up the DagBag from /opt/airflow/dags/taxi_pipeline_dag.py
[2026-08-06T05:43:04.064+0000] {processor.py:925} INFO - DAG(s) 'taxi_pipeline' retrieved from /opt/airflow/dags/taxi_pipeline_dag.py
[2026-08-06T05:43:04.095+0000] {logging_mixin.py:190} INFO - [2026-08-06T05:43:04.094+0000] {dag.py:3239} INFO - Sync 1 DAGs
[2026-08-06T05:43:04.129+0000] {logging_mixin.py:190} INFO - [2026-08-06T05:43:04.128+0000] {dag.py:4180} INFO - Setting next_dagrun for taxi_pipeline to 2026-08-06 00:00:00+00:00, run_after=2026-08-07 00:00:00+00:00
[2026-08-06T05:43:04.200+0000] {processor.py:208} INFO - Processing /opt/airflow/dags/taxi_pipeline_dag.py took 0.211 seconds
[2026-08-06T05:43:34.924+0000] {processor.py:186} INFO - Started process (PID=923) to work on /opt/airflow/dags/taxi_pipeline_dag.py
[2026-08-06T05:43:34.926+0000] {processor.py:914} INFO - Processing file /opt/airflow/dags/taxi_pipeline_dag.py for tasks to queue
[2026-08-06T05:43:34.930+0000] {logging_mixin.py:190} INFO - [2026-08-06T05:43:34.929+0000] {dagbag.py:588} INFO - Filling up the DagBag from /opt/airflow/dags/taxi_pipeline_dag.py
[2026-08-06T05:43:34.986+0000] {processor.py:925} INFO - DAG(s) 'taxi_pipeline' retrieved from /opt/airflow/dags/taxi_pipeline_dag.py
[2026-08-06T05:43:35.025+0000] {logging_mixin.py:190} INFO - [2026-08-06T05:43:35.025+0000] {dag.py:3239} INFO - Sync 1 DAGs
[2026-08-06T05:43:35.076+0000] {logging_mixin.py:190} INFO - [2026-08-06T05:43:35.076+0000] {dag.py:4180} INFO - Setting next_dagrun for taxi_pipeline to 2026-08-06 00:00:00+00:00, run_after=2026-08-07 00:00:00+00:00
[2026-08-06T05:43:35.111+0000] {processor.py:208} INFO - Processing /opt/airflow/dags/taxi_pipeline_dag.py took 0.195 seconds
[2026-08-06T05:44:05.911+0000] {processor.py:186} INFO - Started process (PID=1001) to work on /opt/airflow/dags/taxi_pipeline_dag.py
[2026-08-06T05:44:05.913+0000] {processor.py:914} INFO - Processing file /opt/airflow/dags/taxi_pipeline_dag.py for tasks to queue
[2026-08-06T05:44:05.920+0000] {logging_mixin.py:190} INFO - [2026-08-06T05:44:05.919+0000] {dagbag.py:588} INFO - Filling up the DagBag from /opt/airflow/dags/taxi_pipeline_dag.py
[2026-08-06T05:44:05.968+0000] {processor.py:925} INFO - DAG(s) 'taxi_pipeline' retrieved from /opt/airflow/dags/taxi_pipeline_dag.py
[2026-08-06T05:44:06.037+0000] {logging_mixin.py:190} INFO - [2026-08-06T05:44:06.036+0000] {dag.py:3239} INFO - Sync 1 DAGs
[2026-08-06T05:44:06.087+0000] {logging_mixin.py:190} INFO - [2026-08-06T05:44:06.086+0000] {dag.py:4180} INFO - Setting next_dagrun for taxi_pipeline to 2026-08-06 00:00:00+00:00, run_after=2026-08-07 00:00:00+00:00
[2026-08-06T05:44:06.124+0000] {processor.py:208} INFO - Processing /opt/airflow/dags/taxi_pipeline_dag.py took 0.222 seconds
[2026-08-06T05:44:36.564+0000] {processor.py:186} INFO - Started process (PID=1065) to work on /opt/airflow/dags/taxi_pipeline_dag.py
[2026-08-06T05:44:36.566+0000] {processor.py:914} INFO - Processing file /opt/airflow/dags/taxi_pipeline_dag.py for tasks to queue
[2026-08-06T05:44:36.570+0000] {logging_mixin.py:190} INFO - [2026-08-06T05:44:36.569+0000] {dagbag.py:588} INFO - Filling up the DagBag from /opt/airflow/dags/taxi_pipeline_dag.py
[2026-08-06T05:44:36.613+0000] {processor.py:925} INFO - DAG(s) 'taxi_pipeline' retrieved from /opt/airflow/dags/taxi_pipeline_dag.py
[2026-08-06T05:44:36.651+0000] {logging_mixin.py:190} INFO - [2026-08-06T05:44:36.651+0000] {dag.py:3239} INFO - Sync 1 DAGs
[2026-08-06T05:44:36.704+0000] {logging_mixin.py:190} INFO - [2026-08-06T05:44:36.703+0000] {dag.py:4180} INFO - Setting next_dagrun for taxi_pipeline to 2026-08-06 00:00:00+00:00, run_after=2026-08-07 00:00:00+00:00
[2026-08-06T05:44:36.853+0000] {processor.py:208} INFO - Processing /opt/airflow/dags/taxi_pipeline_dag.py took 0.298 seconds
[2026-08-06T05:45:07.014+0000] {processor.py:186} INFO - Started process (PID=1127) to work on /opt/airflow/dags/taxi_pipeline_dag.py
[2026-08-06T05:45:07.017+0000] {processor.py:914} INFO - Processing file /opt/airflow/dags/taxi_pipeline_dag.py for tasks to queue
[2026-08-06T05:45:07.022+0000] {logging_mixin.py:190} INFO - [2026-08-06T05:45:07.021+0000] {dagbag.py:588} INFO - Filling up the DagBag from /opt/airflow/dags/taxi_pipeline_dag.py
[2026-08-06T05:45:07.075+0000] {processor.py:925} INFO - DAG(s) 'taxi_pipeline' retrieved from /opt/airflow/dags/taxi_pipeline_dag.py
[2026-08-06T05:45:07.126+0000] {logging_mixin.py:190} INFO - [2026-08-06T05:45:07.126+0000] {dag.py:3239} INFO - Sync 1 DAGs
[2026-08-06T05:45:07.163+0000] {logging_mixin.py:190} INFO - [2026-08-06T05:45:07.162+0000] {dag.py:4180} INFO - Setting next_dagrun for taxi_pipeline to 2026-08-06 00:00:00+00:00, run_after=2026-08-07 00:00:00+00:00
[2026-08-06T05:45:07.235+0000] {processor.py:208} INFO - Processing /opt/airflow/dags/taxi_pipeline_dag.py took 0.234 seconds
[2026-08-06T05:45:38.119+0000] {processor.py:186} INFO - Started process (PID=1189) to work on /opt/airflow/dags/taxi_pipeline_dag.py
[2026-08-06T05:45:38.121+0000] {processor.py:914} INFO - Processing file /opt/airflow/dags/taxi_pipeline_dag.py for tasks to queue
[2026-08-06T05:45:38.127+0000] {logging_mixin.py:190} INFO - [2026-08-06T05:45:38.127+0000] {dagbag.py:588} INFO - Filling up the DagBag from /opt/airflow/dags/taxi_pipeline_dag.py
[2026-08-06T05:45:38.175+0000] {processor.py:925} INFO - DAG(s) 'taxi_pipeline' retrieved from /opt/airflow/dags/taxi_pipeline_dag.py
[2026-08-06T05:45:38.217+0000] {logging_mixin.py:190} INFO - [2026-08-06T05:45:38.216+0000] {dag.py:3239} INFO - Sync 1 DAGs
[2026-08-06T05:45:38.262+0000] {logging_mixin.py:190} INFO - [2026-08-06T05:45:38.262+0000] {dag.py:4180} INFO - Setting next_dagrun for taxi_pipeline to 2026-08-06 00:00:00+00:00, run_after=2026-08-07 00:00:00+00:00
[2026-08-06T05:45:38.329+0000] {processor.py:208} INFO - Processing /opt/airflow/dags/taxi_pipeline_dag.py took 0.224 seconds
[2026-08-06T05:46:09.155+0000] {processor.py:186} INFO - Started process (PID=1249) to work on /opt/airflow/dags/taxi_pipeline_dag.py
[2026-08-06T05:46:09.160+0000] {processor.py:914} INFO - Processing file /opt/airflow/dags/taxi_pipeline_dag.py for tasks to queue
[2026-08-06T05:46:09.167+0000] {logging_mixin.py:190} INFO - [2026-08-06T05:46:09.166+0000] {dagbag.py:588} INFO - Filling up the DagBag from /opt/airflow/dags/taxi_pipeline_dag.py
[2026-08-06T05:46:09.247+0000] {processor.py:925} INFO - DAG(s) 'taxi_pipeline' retrieved from /opt/airflow/dags/taxi_pipeline_dag.py
[2026-08-06T05:46:09.294+0000] {logging_mixin.py:190} INFO - [2026-08-06T05:46:09.294+0000] {dag.py:3239} INFO - Sync 1 DAGs
[2026-08-06T05:46:09.338+0000] {logging_mixin.py:190} INFO - [2026-08-06T05:46:09.337+0000] {dag.py:4180} INFO - Setting next_dagrun for taxi_pipeline to 2026-08-06 00:00:00+00:00, run_after=2026-08-07 00:00:00+00:00
[2026-08-06T05:46:09.378+0000] {processor.py:208} INFO - Processing /opt/airflow/dags/taxi_pipeline_dag.py took 0.238 seconds
[2026-08-06T05:46:39.506+0000] {processor.py:186} INFO - Started process (PID=1313) to work on /opt/airflow/dags/taxi_pipeline_dag.py
[2026-08-06T05:46:39.508+0000] {processor.py:914} INFO - Processing file /opt/airflow/dags/taxi_pipeline_dag.py for tasks to queue
[2026-08-06T05:46:39.512+0000] {logging_mixin.py:190} INFO - [2026-08-06T05:46:39.511+0000] {dagbag.py:588} INFO - Filling up the DagBag from /opt/airflow/dags/taxi_pipeline_dag.py
[2026-08-06T05:46:39.545+0000] {processor.py:925} INFO - DAG(s) 'taxi_pipeline' retrieved from /opt/airflow/dags/taxi_pipeline_dag.py
[2026-08-06T05:46:39.581+0000] {logging_mixin.py:190} INFO - [2026-08-06T05:46:39.580+0000] {dag.py:3239} INFO - Sync 1 DAGs
[2026-08-06T05:46:39.625+0000] {logging_mixin.py:190} INFO - [2026-08-06T05:46:39.625+0000] {dag.py:4180} INFO - Setting next_dagrun for taxi_pipeline to 2026-08-06 00:00:00+00:00, run_after=2026-08-07 00:00:00+00:00
[2026-08-06T05:46:39.706+0000] {processor.py:208} INFO - Processing /opt/airflow/dags/taxi_pipeline_dag.py took 0.210 seconds
[2026-08-06T05:47:12.613+0000] {processor.py:186} INFO - Started process (PID=1376) to work on /opt/airflow/dags/taxi_pipeline_dag.py
[2026-08-06T05:47:12.615+0000] {processor.py:914} INFO - Processing file /opt/airflow/dags/taxi_pipeline_dag.py for tasks to queue
[2026-08-06T05:47:12.619+0000] {logging_mixin.py:190} INFO - [2026-08-06T05:47:12.618+0000] {dagbag.py:588} INFO - Filling up the DagBag from /opt/airflow/dags/taxi_pipeline_dag.py
[2026-08-06T05:47:12.653+0000] {processor.py:925} INFO - DAG(s) 'taxi_pipeline' retrieved from /opt/airflow/dags/taxi_pipeline_dag.py
[2026-08-06T05:47:12.688+0000] {logging_mixin.py:190} INFO - [2026-08-06T05:47:12.688+0000] {dag.py:3239} INFO - Sync 1 DAGs
[2026-08-06T05:47:12.733+0000] {logging_mixin.py:190} INFO - [2026-08-06T05:47:12.733+0000] {dag.py:4180} INFO - Setting next_dagrun for taxi_pipeline to 2026-08-06 00:00:00+00:00, run_after=2026-08-07 00:00:00+00:00
[2026-08-06T05:47:12.778+0000] {processor.py:208} INFO - Processing /opt/airflow/dags/taxi_pipeline_dag.py took 0.176 seconds
[2026-08-06T05:47:43.670+0000] {processor.py:186} INFO - Started process (PID=1440) to work on /opt/airflow/dags/taxi_pipeline_dag.py
[2026-08-06T05:47:43.676+0000] {processor.py:914} INFO - Processing file /opt/airflow/dags/taxi_pipeline_dag.py for tasks to queue
[2026-08-06T05:47:43.685+0000] {logging_mixin.py:190} INFO - [2026-08-06T05:47:43.684+0000] {dagbag.py:588} INFO - Filling up the DagBag from /opt/airflow/dags/taxi_pipeline_dag.py
[2026-08-06T05:47:43.791+0000] {processor.py:925} INFO - DAG(s) 'taxi_pipeline' retrieved from /opt/airflow/dags/taxi_pipeline_dag.py
[2026-08-06T05:47:43.822+0000] {logging_mixin.py:190} INFO - [2026-08-06T05:47:43.822+0000] {dag.py:3239} INFO - Sync 1 DAGs
[2026-08-06T05:47:43.859+0000] {logging_mixin.py:190} INFO - [2026-08-06T05:47:43.858+0000] {dag.py:4180} INFO - Setting next_dagrun for taxi_pipeline to 2026-08-06 00:00:00+00:00, run_after=2026-08-07 00:00:00+00:00
[2026-08-06T05:47:43.930+0000] {processor.py:208} INFO - Processing /opt/airflow/dags/taxi_pipeline_dag.py took 0.275 seconds
[2026-08-06T05:48:15.336+0000] {processor.py:186} INFO - Started process (PID=1504) to work on /opt/airflow/dags/taxi_pipeline_dag.py
[2026-08-06T05:48:15.338+0000] {processor.py:914} INFO - Processing file /opt/airflow/dags/taxi_pipeline_dag.py for tasks to queue
[2026-08-06T05:48:15.342+0000] {logging_mixin.py:190} INFO - [2026-08-06T05:48:15.341+0000] {dagbag.py:588} INFO - Filling up the DagBag from /opt/airflow/dags/taxi_pipeline_dag.py
[2026-08-06T05:48:15.376+0000] {processor.py:925} INFO - DAG(s) 'taxi_pipeline' retrieved from /opt/airflow/dags/taxi_pipeline_dag.py
[2026-08-06T05:48:15.419+0000] {logging_mixin.py:190} INFO - [2026-08-06T05:48:15.418+0000] {dag.py:3239} INFO - Sync 1 DAGs
[2026-08-06T05:48:15.474+0000] {logging_mixin.py:190} INFO - [2026-08-06T05:48:15.474+0000] {dag.py:4180} INFO - Setting next_dagrun for taxi_pipeline to 2026-08-06 00:00:00+00:00, run_after=2026-08-07 00:00:00+00:00
[2026-08-06T05:48:15.539+0000] {processor.py:208} INFO - Processing /opt/airflow/dags/taxi_pipeline_dag.py took 0.218 seconds
[2026-08-06T05:48:47.082+0000] {processor.py:186} INFO - Started process (PID=1577) to work on /opt/airflow/dags/taxi_pipeline_dag.py
[2026-08-06T05:48:47.085+0000] {processor.py:914} INFO - Processing file /opt/airflow/dags/taxi_pipeline_dag.py for tasks to queue
[2026-08-06T05:48:47.093+0000] {logging_mixin.py:190} INFO - [2026-08-06T05:48:47.092+0000] {dagbag.py:588} INFO - Filling up the DagBag from /opt/airflow/dags/taxi_pipeline_dag.py
[2026-08-06T05:48:47.151+0000] {processor.py:925} INFO - DAG(s) 'taxi_pipeline' retrieved from /opt/airflow/dags/taxi_pipeline_dag.py
[2026-08-06T05:48:47.216+0000] {logging_mixin.py:190} INFO - [2026-08-06T05:48:47.215+0000] {dag.py:3239} INFO - Sync 1 DAGs
[2026-08-06T05:48:47.300+0000] {logging_mixin.py:190} INFO - [2026-08-06T05:48:47.299+0000] {dag.py:4180} INFO - Setting next_dagrun for taxi_pipeline to 2026-08-06 00:00:00+00:00, run_after=2026-08-07 00:00:00+00:00
[2026-08-06T05:48:47.354+0000] {processor.py:208} INFO - Processing /opt/airflow/dags/taxi_pipeline_dag.py took 0.291 seconds
[2026-08-06T05:49:17.963+0000] {processor.py:186} INFO - Started process (PID=1648) to work on /opt/airflow/dags/taxi_pipeline_dag.py
[2026-08-06T05:49:17.974+0000] {processor.py:914} INFO - Processing file /opt/airflow/dags/taxi_pipeline_dag.py for tasks to queue
[2026-08-06T05:49:17.998+0000] {logging_mixin.py:190} INFO - [2026-08-06T05:49:17.997+0000] {dagbag.py:588} INFO - Filling up the DagBag from /opt/airflow/dags/taxi_pipeline_dag.py
[2026-08-06T05:49:18.201+0000] {processor.py:925} INFO - DAG(s) 'taxi_pipeline' retrieved from /opt/airflow/dags/taxi_pipeline_dag.py
[2026-08-06T05:49:18.239+0000] {logging_mixin.py:190} INFO - [2026-08-06T05:49:18.239+0000] {dag.py:3239} INFO - Sync 1 DAGs
[2026-08-06T05:49:18.274+0000] {logging_mixin.py:190} INFO - [2026-08-06T05:49:18.274+0000] {dag.py:4180} INFO - Setting next_dagrun for taxi_pipeline to 2026-08-06 00:00:00+00:00, run_after=2026-08-07 00:00:00+00:00
[2026-08-06T05:49:18.325+0000] {processor.py:208} INFO - Processing /opt/airflow/dags/taxi_pipeline_dag.py took 0.370 seconds
[2026-08-06T05:49:49.409+0000] {processor.py:186} INFO - Started process (PID=1712) to work on /opt/airflow/dags/taxi_pipeline_dag.py
[2026-08-06T05:49:49.412+0000] {processor.py:914} INFO - Processing file /opt/airflow/dags/taxi_pipeline_dag.py for tasks to queue
[2026-08-06T05:49:49.416+0000] {logging_mixin.py:190} INFO - [2026-08-06T05:49:49.415+0000] {dagbag.py:588} INFO - Filling up the DagBag from /opt/airflow/dags/taxi_pipeline_dag.py
[2026-08-06T05:49:49.469+0000] {processor.py:925} INFO - DAG(s) 'taxi_pipeline' retrieved from /opt/airflow/dags/taxi_pipeline_dag.py
[2026-08-06T05:49:49.515+0000] {logging_mixin.py:190} INFO - [2026-08-06T05:49:49.513+0000] {dag.py:3239} INFO - Sync 1 DAGs
[2026-08-06T05:49:49.564+0000] {logging_mixin.py:190} INFO - [2026-08-06T05:49:49.564+0000] {dag.py:4180} INFO - Setting next_dagrun for taxi_pipeline to 2026-08-06 00:00:00+00:00, run_after=2026-08-07 00:00:00+00:00
[2026-08-06T05:49:49.640+0000] {processor.py:208} INFO - Processing /opt/airflow/dags/taxi_pipeline_dag.py took 0.241 seconds
[2026-08-06T05:50:20.188+0000] {processor.py:186} INFO - Started process (PID=1776) to work on /opt/airflow/dags/taxi_pipeline_dag.py
[2026-08-06T05:50:20.190+0000] {processor.py:914} INFO - Processing file /opt/airflow/dags/taxi_pipeline_dag.py for tasks to queue
[2026-08-06T05:50:20.195+0000] {logging_mixin.py:190} INFO - [2026-08-06T05:50:20.194+0000] {dagbag.py:588} INFO - Filling up the DagBag from /opt/airflow/dags/taxi_pipeline_dag.py
[2026-08-06T05:50:20.248+0000] {processor.py:925} INFO - DAG(s) 'taxi_pipeline' retrieved from /opt/airflow/dags/taxi_pipeline_dag.py
[2026-08-06T05:50:20.290+0000] {logging_mixin.py:190} INFO - [2026-08-06T05:50:20.290+0000] {dag.py:3239} INFO - Sync 1 DAGs
[2026-08-06T05:50:20.341+0000] {logging_mixin.py:190} INFO - [2026-08-06T05:50:20.341+0000] {dag.py:4180} INFO - Setting next_dagrun for taxi_pipeline to 2026-08-06 00:00:00+00:00, run_after=2026-08-07 00:00:00+00:00
[2026-08-06T05:50:20.388+0000] {processor.py:208} INFO - Processing /opt/airflow/dags/taxi_pipeline_dag.py took 0.210 seconds
[2026-08-06T05:50:51.185+0000] {processor.py:186} INFO - Started process (PID=1840) to work on /opt/airflow/dags/taxi_pipeline_dag.py
[2026-08-06T05:50:51.186+0000] {processor.py:914} INFO - Processing file /opt/airflow/dags/taxi_pipeline_dag.py for tasks to queue
[2026-08-06T05:50:51.191+0000] {logging_mixin.py:190} INFO - [2026-08-06T05:50:51.190+0000] {dagbag.py:588} INFO - Filling up the DagBag from /opt/airflow/dags/taxi_pipeline_dag.py
[2026-08-06T05:50:51.215+0000] {processor.py:925} INFO - DAG(s) 'taxi_pipeline' retrieved from /opt/airflow/dags/taxi_pipeline_dag.py
[2026-08-06T05:50:51.249+0000] {logging_mixin.py:190} INFO - [2026-08-06T05:50:51.249+0000] {dag.py:3239} INFO - Sync 1 DAGs
[2026-08-06T05:50:51.284+0000] {logging_mixin.py:190} INFO - [2026-08-06T05:50:51.284+0000] {dag.py:4180} INFO - Setting next_dagrun for taxi_pipeline to 2026-08-06 00:00:00+00:00, run_after=2026-08-07 00:00:00+00:00
[2026-08-06T05:50:51.329+0000] {processor.py:208} INFO - Processing /opt/airflow/dags/taxi_pipeline_dag.py took 0.153 seconds
[2026-08-06T05:51:21.888+0000] {processor.py:186} INFO - Started process (PID=1904) to work on /opt/airflow/dags/taxi_pipeline_dag.py
[2026-08-06T05:51:21.890+0000] {processor.py:914} INFO - Processing file /opt/airflow/dags/taxi_pipeline_dag.py for tasks to queue
[2026-08-06T05:51:21.894+0000] {logging_mixin.py:190} INFO - [2026-08-06T05:51:21.893+0000] {dagbag.py:588} INFO - Filling up the DagBag from /opt/airflow/dags/taxi_pipeline_dag.py
[2026-08-06T05:51:21.927+0000] {processor.py:925} INFO - DAG(s) 'taxi_pipeline' retrieved from /opt/airflow/dags/taxi_pipeline_dag.py
[2026-08-06T05:51:21.957+0000] {logging_mixin.py:190} INFO - [2026-08-06T05:51:21.957+0000] {dag.py:3239} INFO - Sync 1 DAGs
[2026-08-06T05:51:21.999+0000] {logging_mixin.py:190} INFO - [2026-08-06T05:51:21.999+0000] {dag.py:4180} INFO - Setting next_dagrun for taxi_pipeline to 2026-08-06 00:00:00+00:00, run_after=2026-08-07 00:00:00+00:00
[2026-08-06T05:51:22.075+0000] {processor.py:208} INFO - Processing /opt/airflow/dags/taxi_pipeline_dag.py took 0.196 seconds
[2026-08-06T05:51:52.350+0000] {processor.py:186} INFO - Started process (PID=1968) to work on /opt/airflow/dags/taxi_pipeline_dag.py
[2026-08-06T05:51:52.352+0000] {processor.py:914} INFO - Processing file /opt/airflow/dags/taxi_pipeline_dag.py for tasks to queue
[2026-08-06T05:51:52.356+0000] {logging_mixin.py:190} INFO - [2026-08-06T05:51:52.355+0000] {dagbag.py:588} INFO - Filling up the DagBag from /opt/airflow/dags/taxi_pipeline_dag.py
[2026-08-06T05:51:52.391+0000] {processor.py:925} INFO - DAG(s) 'taxi_pipeline' retrieved from /opt/airflow/dags/taxi_pipeline_dag.py
[2026-08-06T05:51:52.421+0000] {logging_mixin.py:190} INFO - [2026-08-06T05:51:52.420+0000] {dag.py:3239} INFO - Sync 1 DAGs
[2026-08-06T05:51:52.452+0000] {logging_mixin.py:190} INFO - [2026-08-06T05:51:52.452+0000] {dag.py:4180} INFO - Setting next_dagrun for taxi_pipeline to 2026-08-06 00:00:00+00:00, run_after=2026-08-07 00:00:00+00:00
[2026-08-06T05:51:52.521+0000] {processor.py:208} INFO - Processing /opt/airflow/dags/taxi_pipeline_dag.py took 0.182 seconds
[2026-08-06T05:52:23.141+0000] {processor.py:186} INFO - Started process (PID=2029) to work on /opt/airflow/dags/taxi_pipeline_dag.py
[2026-08-06T05:52:23.143+0000] {processor.py:914} INFO - Processing file /opt/airflow/dags/taxi_pipeline_dag.py for tasks to queue
[2026-08-06T05:52:23.148+0000] {logging_mixin.py:190} INFO - [2026-08-06T05:52:23.147+0000] {dagbag.py:588} INFO - Filling up the DagBag from /opt/airflow/dags/taxi_pipeline_dag.py
[2026-08-06T05:52:23.188+0000] {processor.py:925} INFO - DAG(s) 'taxi_pipeline' retrieved from /opt/airflow/dags/taxi_pipeline_dag.py
[2026-08-06T05:52:23.227+0000] {logging_mixin.py:190} INFO - [2026-08-06T05:52:23.226+0000] {dag.py:3239} INFO - Sync 1 DAGs
[2026-08-06T05:52:23.275+0000] {logging_mixin.py:190} INFO - [2026-08-06T05:52:23.274+0000] {dag.py:4180} INFO - Setting next_dagrun for taxi_pipeline to 2026-08-06 00:00:00+00:00, run_after=2026-08-07 00:00:00+00:00
[2026-08-06T05:52:23.322+0000] {processor.py:208} INFO - Processing /opt/airflow/dags/taxi_pipeline_dag.py took 0.187 seconds
[2026-08-06T05:52:53.811+0000] {processor.py:186} INFO - Started process (PID=2091) to work on /opt/airflow/dags/taxi_pipeline_dag.py
[2026-08-06T05:52:53.813+0000] {processor.py:914} INFO - Processing file /opt/airflow/dags/taxi_pipeline_dag.py for tasks to queue
[2026-08-06T05:52:53.818+0000] {logging_mixin.py:190} INFO - [2026-08-06T05:52:53.817+0000] {dagbag.py:588} INFO - Filling up the DagBag from /opt/airflow/dags/taxi_pipeline_dag.py
[2026-08-06T05:52:53.846+0000] {processor.py:925} INFO - DAG(s) 'taxi_pipeline' retrieved from /opt/airflow/dags/taxi_pipeline_dag.py
[2026-08-06T05:52:53.880+0000] {logging_mixin.py:190} INFO - [2026-08-06T05:52:53.879+0000] {dag.py:3239} INFO - Sync 1 DAGs
[2026-08-06T05:52:53.919+0000] {logging_mixin.py:190} INFO - [2026-08-06T05:52:53.918+0000] {dag.py:4180} INFO - Setting next_dagrun for taxi_pipeline to 2026-08-06 00:00:00+00:00, run_after=2026-08-07 00:00:00+00:00
[2026-08-06T05:52:53.979+0000] {processor.py:208} INFO - Processing /opt/airflow/dags/taxi_pipeline_dag.py took 0.176 seconds
[2026-08-06T05:53:24.561+0000] {processor.py:186} INFO - Started process (PID=2153) to work on /opt/airflow/dags/taxi_pipeline_dag.py
[2026-08-06T05:53:24.562+0000] {processor.py:914} INFO - Processing file /opt/airflow/dags/taxi_pipeline_dag.py for tasks to queue
[2026-08-06T05:53:24.566+0000] {logging_mixin.py:190} INFO - [2026-08-06T05:53:24.566+0000] {dagbag.py:588} INFO - Filling up the DagBag from /opt/airflow/dags/taxi_pipeline_dag.py
[2026-08-06T05:53:24.595+0000] {processor.py:925} INFO - DAG(s) 'taxi_pipeline' retrieved from /opt/airflow/dags/taxi_pipeline_dag.py
[2026-08-06T05:53:24.619+0000] {logging_mixin.py:190} INFO - [2026-08-06T05:53:24.619+0000] {dag.py:3239} INFO - Sync 1 DAGs
[2026-08-06T05:53:24.646+0000] {logging_mixin.py:190} INFO - [2026-08-06T05:53:24.646+0000] {dag.py:4180} INFO - Setting next_dagrun for taxi_pipeline to 2026-08-06 00:00:00+00:00, run_after=2026-08-07 00:00:00+00:00
[2026-08-06T05:53:24.693+0000] {processor.py:208} INFO - Processing /opt/airflow/dags/taxi_pipeline_dag.py took 0.141 seconds
[2026-08-06T05:53:54.832+0000] {processor.py:186} INFO - Started process (PID=2225) to work on /opt/airflow/dags/taxi_pipeline_dag.py
[2026-08-06T05:53:54.834+0000] {processor.py:914} INFO - Processing file /opt/airflow/dags/taxi_pipeline_dag.py for tasks to queue
[2026-08-06T05:53:54.839+0000] {logging_mixin.py:190} INFO - [2026-08-06T05:53:54.839+0000] {dagbag.py:588} INFO - Filling up the DagBag from /opt/airflow/dags/taxi_pipeline_dag.py
[2026-08-06T05:53:54.912+0000] {processor.py:925} INFO - DAG(s) 'taxi_pipeline' retrieved from /opt/airflow/dags/taxi_pipeline_dag.py
[2026-08-06T05:53:54.977+0000] {logging_mixin.py:190} INFO - [2026-08-06T05:53:54.976+0000] {dag.py:3239} INFO - Sync 1 DAGs
[2026-08-06T05:53:55.037+0000] {logging_mixin.py:190} INFO - [2026-08-06T05:53:55.036+0000] {dag.py:4180} INFO - Setting next_dagrun for taxi_pipeline to 2026-08-06 00:00:00+00:00, run_after=2026-08-07 00:00:00+00:00
[2026-08-06T05:53:55.115+0000] {processor.py:208} INFO - Processing /opt/airflow/dags/taxi_pipeline_dag.py took 0.298 seconds
[2026-08-06T05:54:26.053+0000] {processor.py:186} INFO - Started process (PID=2295) to work on /opt/airflow/dags/taxi_pipeline_dag.py
[2026-08-06T05:54:26.061+0000] {processor.py:914} INFO - Processing file /opt/airflow/dags/taxi_pipeline_dag.py for tasks to queue
[2026-08-06T05:54:26.073+0000] {logging_mixin.py:190} INFO - [2026-08-06T05:54:26.072+0000] {dagbag.py:588} INFO - Filling up the DagBag from /opt/airflow/dags/taxi_pipeline_dag.py
[2026-08-06T05:54:26.137+0000] {processor.py:925} INFO - DAG(s) 'taxi_pipeline' retrieved from /opt/airflow/dags/taxi_pipeline_dag.py
[2026-08-06T05:54:26.177+0000] {logging_mixin.py:190} INFO - [2026-08-06T05:54:26.176+0000] {dag.py:3239} INFO - Sync 1 DAGs
[2026-08-06T05:54:26.239+0000] {logging_mixin.py:190} INFO - [2026-08-06T05:54:26.238+0000] {dag.py:4180} INFO - Setting next_dagrun for taxi_pipeline to 2026-08-06 00:00:00+00:00, run_after=2026-08-07 00:00:00+00:00
[2026-08-06T05:54:26.279+0000] {processor.py:208} INFO - Processing /opt/airflow/dags/taxi_pipeline_dag.py took 0.247 seconds
[2026-08-06T05:54:58.123+0000] {processor.py:186} INFO - Started process (PID=2359) to work on /opt/airflow/dags/taxi_pipeline_dag.py
[2026-08-06T05:54:58.131+0000] {processor.py:914} INFO - Processing file /opt/airflow/dags/taxi_pipeline_dag.py for tasks to queue
[2026-08-06T05:54:58.148+0000] {logging_mixin.py:190} INFO - [2026-08-06T05:54:58.146+0000] {dagbag.py:588} INFO - Filling up the DagBag from /opt/airflow/dags/taxi_pipeline_dag.py
[2026-08-06T05:54:58.250+0000] {processor.py:925} INFO - DAG(s) 'taxi_pipeline' retrieved from /opt/airflow/dags/taxi_pipeline_dag.py
[2026-08-06T05:54:58.317+0000] {logging_mixin.py:190} INFO - [2026-08-06T05:54:58.317+0000] {dag.py:3239} INFO - Sync 1 DAGs
[2026-08-06T05:54:58.376+0000] {logging_mixin.py:190} INFO - [2026-08-06T05:54:58.376+0000] {dag.py:4180} INFO - Setting next_dagrun for taxi_pipeline to 2026-08-06 00:00:00+00:00, run_after=2026-08-07 00:00:00+00:00
[2026-08-06T05:54:58.441+0000] {processor.py:208} INFO - Processing /opt/airflow/dags/taxi_pipeline_dag.py took 0.357 seconds
[2026-08-06T05:55:28.713+0000] {processor.py:186} INFO - Started process (PID=2423) to work on /opt/airflow/dags/taxi_pipeline_dag.py
[2026-08-06T05:55:28.715+0000] {processor.py:914} INFO - Processing file /opt/airflow/dags/taxi_pipeline_dag.py for tasks to queue
[2026-08-06T05:55:28.719+0000] {logging_mixin.py:190} INFO - [2026-08-06T05:55:28.718+0000] {dagbag.py:588} INFO - Filling up the DagBag from /opt/airflow/dags/taxi_pipeline_dag.py
[2026-08-06T05:55:28.750+0000] {processor.py:925} INFO - DAG(s) 'taxi_pipeline' retrieved from /opt/airflow/dags/taxi_pipeline_dag.py
[2026-08-06T05:55:28.787+0000] {logging_mixin.py:190} INFO - [2026-08-06T05:55:28.787+0000] {dag.py:3239} INFO - Sync 1 DAGs
[2026-08-06T05:55:28.830+0000] {logging_mixin.py:190} INFO - [2026-08-06T05:55:28.829+0000] {dag.py:4180} INFO - Setting next_dagrun for taxi_pipeline to 2026-08-06 00:00:00+00:00, run_after=2026-08-07 00:00:00+00:00
[2026-08-06T05:55:28.898+0000] {processor.py:208} INFO - Processing /opt/airflow/dags/taxi_pipeline_dag.py took 0.193 seconds
[2026-08-06T05:55:58.982+0000] {processor.py:186} INFO - Started process (PID=2487) to work on /opt/airflow/dags/taxi_pipeline_dag.py
[2026-08-06T05:55:58.983+0000] {processor.py:914} INFO - Processing file /opt/airflow/dags/taxi_pipeline_dag.py for tasks to queue
[2026-08-06T05:55:58.986+0000] {logging_mixin.py:190} INFO - [2026-08-06T05:55:58.986+0000] {dagbag.py:588} INFO - Filling up the DagBag from /opt/airflow/dags/taxi_pipeline_dag.py
[2026-08-06T05:55:59.021+0000] {processor.py:925} INFO - DAG(s) 'taxi_pipeline' retrieved from /opt/airflow/dags/taxi_pipeline_dag.py
[2026-08-06T05:55:59.045+0000] {logging_mixin.py:190} INFO - [2026-08-06T05:55:59.045+0000] {dag.py:3239} INFO - Sync 1 DAGs
[2026-08-06T05:55:59.073+0000] {logging_mixin.py:190} INFO - [2026-08-06T05:55:59.073+0000] {dag.py:4180} INFO - Setting next_dagrun for taxi_pipeline to 2026-08-06 00:00:00+00:00, run_after=2026-08-07 00:00:00+00:00
[2026-08-06T05:55:59.106+0000] {processor.py:208} INFO - Processing /opt/airflow/dags/taxi_pipeline_dag.py took 0.131 seconds
[2026-08-06T05:56:29.485+0000] {processor.py:186} INFO - Started process (PID=2550) to work on /opt/airflow/dags/taxi_pipeline_dag.py
[2026-08-06T05:56:29.489+0000] {processor.py:914} INFO - Processing file /opt/airflow/dags/taxi_pipeline_dag.py for tasks to queue
[2026-08-06T05:56:29.492+0000] {logging_mixin.py:190} INFO - [2026-08-06T05:56:29.492+0000] {dagbag.py:588} INFO - Filling up the DagBag from /opt/airflow/dags/taxi_pipeline_dag.py
[2026-08-06T05:56:29.527+0000] {processor.py:925} INFO - DAG(s) 'taxi_pipeline' retrieved from /opt/airflow/dags/taxi_pipeline_dag.py
[2026-08-06T05:56:29.563+0000] {logging_mixin.py:190} INFO - [2026-08-06T05:56:29.562+0000] {dag.py:3239} INFO - Sync 1 DAGs
[2026-08-06T05:56:29.626+0000] {logging_mixin.py:190} INFO - [2026-08-06T05:56:29.625+0000] {dag.py:4180} INFO - Setting next_dagrun for taxi_pipeline to 2026-08-06 00:00:00+00:00, run_after=2026-08-07 00:00:00+00:00
[2026-08-06T05:56:29.695+0000] {processor.py:208} INFO - Processing /opt/airflow/dags/taxi_pipeline_dag.py took 0.220 seconds
[2026-08-06T05:57:00.450+0000] {processor.py:186} INFO - Started process (PID=2615) to work on /opt/airflow/dags/taxi_pipeline_dag.py
[2026-08-06T05:57:00.454+0000] {processor.py:914} INFO - Processing file /opt/airflow/dags/taxi_pipeline_dag.py for tasks to queue
[2026-08-06T05:57:00.458+0000] {logging_mixin.py:190} INFO - [2026-08-06T05:57:00.457+0000] {dagbag.py:588} INFO - Filling up the DagBag from /opt/airflow/dags/taxi_pipeline_dag.py
[2026-08-06T05:57:00.516+0000] {processor.py:925} INFO - DAG(s) 'taxi_pipeline' retrieved from /opt/airflow/dags/taxi_pipeline_dag.py
[2026-08-06T05:57:00.562+0000] {logging_mixin.py:190} INFO - [2026-08-06T05:57:00.561+0000] {dag.py:3239} INFO - Sync 1 DAGs
[2026-08-06T05:57:00.684+0000] {logging_mixin.py:190} INFO - [2026-08-06T05:57:00.683+0000] {dag.py:4180} INFO - Setting next_dagrun for taxi_pipeline to 2026-08-06 00:00:00+00:00, run_after=2026-08-07 00:00:00+00:00
[2026-08-06T05:57:00.768+0000] {processor.py:208} INFO - Processing /opt/airflow/dags/taxi_pipeline_dag.py took 0.331 seconds
[2026-08-06T05:57:32.094+0000] {processor.py:186} INFO - Started process (PID=2677) to work on /opt/airflow/dags/taxi_pipeline_dag.py
[2026-08-06T05:57:32.098+0000] {processor.py:914} INFO - Processing file /opt/airflow/dags/taxi_pipeline_dag.py for tasks to queue
[2026-08-06T05:57:32.108+0000] {logging_mixin.py:190} INFO - [2026-08-06T05:57:32.107+0000] {dagbag.py:588} INFO - Filling up the DagBag from /opt/airflow/dags/taxi_pipeline_dag.py
[2026-08-06T05:57:32.176+0000] {processor.py:925} INFO - DAG(s) 'taxi_pipeline' retrieved from /opt/airflow/dags/taxi_pipeline_dag.py
[2026-08-06T05:57:32.215+0000] {logging_mixin.py:190} INFO - [2026-08-06T05:57:32.215+0000] {dag.py:3239} INFO - Sync 1 DAGs
[2026-08-06T05:57:32.257+0000] {logging_mixin.py:190} INFO - [2026-08-06T05:57:32.257+0000] {dag.py:4180} INFO - Setting next_dagrun for taxi_pipeline to 2026-08-06 00:00:00+00:00, run_after=2026-08-07 00:00:00+00:00
[2026-08-06T05:57:32.294+0000] {processor.py:208} INFO - Processing /opt/airflow/dags/taxi_pipeline_dag.py took 0.219 seconds
[2026-08-06T05:58:05.817+0000] {processor.py:186} INFO - Started process (PID=2757) to work on /opt/airflow/dags/taxi_pipeline_dag.py
[2026-08-06T05:58:05.820+0000] {processor.py:914} INFO - Processing file /opt/airflow/dags/taxi_pipeline_dag.py for tasks to queue
[2026-08-06T05:58:05.825+0000] {logging_mixin.py:190} INFO - [2026-08-06T05:58:05.824+0000] {dagbag.py:588} INFO - Filling up the DagBag from /opt/airflow/dags/taxi_pipeline_dag.py
[2026-08-06T05:58:05.877+0000] {processor.py:925} INFO - DAG(s) 'taxi_pipeline' retrieved from /opt/airflow/dags/taxi_pipeline_dag.py
[2026-08-06T05:58:05.930+0000] {logging_mixin.py:190} INFO - [2026-08-06T05:58:05.927+0000] {dag.py:3239} INFO - Sync 1 DAGs
[2026-08-06T05:58:05.991+0000] {logging_mixin.py:190} INFO - [2026-08-06T05:58:05.990+0000] {dag.py:4180} INFO - Setting next_dagrun for taxi_pipeline to 2026-08-06 00:00:00+00:00, run_after=2026-08-07 00:00:00+00:00
[2026-08-06T05:58:06.042+0000] {processor.py:208} INFO - Processing /opt/airflow/dags/taxi_pipeline_dag.py took 0.237 seconds
[2026-08-06T05:58:37.105+0000] {processor.py:186} INFO - Started process (PID=2820) to work on /opt/airflow/dags/taxi_pipeline_dag.py
[2026-08-06T05:58:37.106+0000] {processor.py:914} INFO - Processing file /opt/airflow/dags/taxi_pipeline_dag.py for tasks to queue
[2026-08-06T05:58:37.114+0000] {logging_mixin.py:190} INFO - [2026-08-06T05:58:37.110+0000] {dagbag.py:588} INFO - Filling up the DagBag from /opt/airflow/dags/taxi_pipeline_dag.py
[2026-08-06T05:58:37.150+0000] {processor.py:925} INFO - DAG(s) 'taxi_pipeline' retrieved from /opt/airflow/dags/taxi_pipeline_dag.py
[2026-08-06T05:58:37.184+0000] {logging_mixin.py:190} INFO - [2026-08-06T05:58:37.184+0000] {dag.py:3239} INFO - Sync 1 DAGs
[2026-08-06T05:58:37.228+0000] {logging_mixin.py:190} INFO - [2026-08-06T05:58:37.228+0000] {dag.py:4180} INFO - Setting next_dagrun for taxi_pipeline to 2026-08-06 00:00:00+00:00, run_after=2026-08-07 00:00:00+00:00
[2026-08-06T05:58:37.291+0000] {processor.py:208} INFO - Processing /opt/airflow/dags/taxi_pipeline_dag.py took 0.198 seconds
[2026-08-06T05:59:07.635+0000] {processor.py:186} INFO - Started process (PID=2880) to work on /opt/airflow/dags/taxi_pipeline_dag.py
[2026-08-06T05:59:07.639+0000] {processor.py:914} INFO - Processing file /opt/airflow/dags/taxi_pipeline_dag.py for tasks to queue
[2026-08-06T05:59:07.653+0000] {logging_mixin.py:190} INFO - [2026-08-06T05:59:07.652+0000] {dagbag.py:588} INFO - Filling up the DagBag from /opt/airflow/dags/taxi_pipeline_dag.py
[2026-08-06T05:59:07.722+0000] {processor.py:925} INFO - DAG(s) 'taxi_pipeline' retrieved from /opt/airflow/dags/taxi_pipeline_dag.py
[2026-08-06T05:59:07.765+0000] {logging_mixin.py:190} INFO - [2026-08-06T05:59:07.764+0000] {dag.py:3239} INFO - Sync 1 DAGs
[2026-08-06T05:59:07.834+0000] {logging_mixin.py:190} INFO - [2026-08-06T05:59:07.833+0000] {dag.py:4180} INFO - Setting next_dagrun for taxi_pipeline to 2026-08-06 00:00:00+00:00, run_after=2026-08-07 00:00:00+00:00
[2026-08-06T05:59:07.881+0000] {processor.py:208} INFO - Processing /opt/airflow/dags/taxi_pipeline_dag.py took 0.261 seconds
[2026-08-06T05:59:38.691+0000] {processor.py:186} INFO - Started process (PID=2944) to work on /opt/airflow/dags/taxi_pipeline_dag.py
[2026-08-06T05:59:38.693+0000] {processor.py:914} INFO - Processing file /opt/airflow/dags/taxi_pipeline_dag.py for tasks to queue
[2026-08-06T05:59:38.697+0000] {logging_mixin.py:190} INFO - [2026-08-06T05:59:38.696+0000] {dagbag.py:588} INFO - Filling up the DagBag from /opt/airflow/dags/taxi_pipeline_dag.py
[2026-08-06T05:59:38.738+0000] {processor.py:925} INFO - DAG(s) 'taxi_pipeline' retrieved from /opt/airflow/dags/taxi_pipeline_dag.py
[2026-08-06T05:59:38.796+0000] {logging_mixin.py:190} INFO - [2026-08-06T05:59:38.795+0000] {dag.py:3239} INFO - Sync 1 DAGs
[2026-08-06T05:59:38.878+0000] {logging_mixin.py:190} INFO - [2026-08-06T05:59:38.878+0000] {dag.py:4180} INFO - Setting next_dagrun for taxi_pipeline to 2026-08-06 00:00:00+00:00, run_after=2026-08-07 00:00:00+00:00
[2026-08-06T05:59:38.921+0000] {processor.py:208} INFO - Processing /opt/airflow/dags/taxi_pipeline_dag.py took 0.237 seconds
[2026-08-06T05:59:53.951+0000] {processor.py:186} INFO - Started process (PID=2976) to work on /opt/airflow/dags/taxi_pipeline_dag.py
[2026-08-06T05:59:53.984+0000] {processor.py:914} INFO - Processing file /opt/airflow/dags/taxi_pipeline_dag.py for tasks to queue
[2026-08-06T05:59:53.989+0000] {logging_mixin.py:190} INFO - [2026-08-06T05:59:53.989+0000] {dagbag.py:588} INFO - Filling up the DagBag from /opt/airflow/dags/taxi_pipeline_dag.py
[2026-08-06T05:59:54.069+0000] {processor.py:925} INFO - DAG(s) 'taxi_pipeline' retrieved from /opt/airflow/dags/taxi_pipeline_dag.py
[2026-08-06T05:59:54.277+0000] {logging_mixin.py:190} INFO - [2026-08-06T05:59:54.276+0000] {dag.py:3239} INFO - Sync 1 DAGs
[2026-08-06T05:59:54.321+0000] {logging_mixin.py:190} INFO - [2026-08-06T05:59:54.320+0000] {dag.py:4180} INFO - Setting next_dagrun for taxi_pipeline to 2026-08-06 00:00:00+00:00, run_after=2026-08-07 00:00:00+00:00
[2026-08-06T05:59:54.369+0000] {processor.py:208} INFO - Processing /opt/airflow/dags/taxi_pipeline_dag.py took 0.430 seconds
[2026-08-06T06:01:50.456+0000] {processor.py:186} INFO - Started process (PID=77) to work on /opt/airflow/dags/taxi_pipeline_dag.py
[2026-08-06T06:01:50.459+0000] {processor.py:914} INFO - Processing file /opt/airflow/dags/taxi_pipeline_dag.py for tasks to queue
[2026-08-06T06:01:50.471+0000] {logging_mixin.py:190} INFO - [2026-08-06T06:01:50.470+0000] {dagbag.py:588} INFO - Filling up the DagBag from /opt/airflow/dags/taxi_pipeline_dag.py
[2026-08-06T06:01:50.548+0000] {processor.py:925} INFO - DAG(s) 'taxi_pipeline' retrieved from /opt/airflow/dags/taxi_pipeline_dag.py
[2026-08-06T06:01:50.649+0000] {logging_mixin.py:190} INFO - [2026-08-06T06:01:50.648+0000] {dag.py:3239} INFO - Sync 1 DAGs
[2026-08-06T06:01:50.712+0000] {logging_mixin.py:190} INFO - [2026-08-06T06:01:50.711+0000] {dag.py:4180} INFO - Setting next_dagrun for taxi_pipeline to 2026-08-06 00:00:00+00:00, run_after=2026-08-07 00:00:00+00:00
[2026-08-06T06:01:50.759+0000] {processor.py:208} INFO - Processing /opt/airflow/dags/taxi_pipeline_dag.py took 0.322 seconds
[2026-08-06T06:02:21.387+0000] {processor.py:186} INFO - Started process (PID=141) to work on /opt/airflow/dags/taxi_pipeline_dag.py
[2026-08-06T06:02:21.392+0000] {processor.py:914} INFO - Processing file /opt/airflow/dags/taxi_pipeline_dag.py for tasks to queue
[2026-08-06T06:02:21.399+0000] {logging_mixin.py:190} INFO - [2026-08-06T06:02:21.399+0000] {dagbag.py:588} INFO - Filling up the DagBag from /opt/airflow/dags/taxi_pipeline_dag.py
[2026-08-06T06:02:21.445+0000] {processor.py:925} INFO - DAG(s) 'taxi_pipeline' retrieved from /opt/airflow/dags/taxi_pipeline_dag.py
[2026-08-06T06:02:21.478+0000] {logging_mixin.py:190} INFO - [2026-08-06T06:02:21.478+0000] {dag.py:3239} INFO - Sync 1 DAGs
[2026-08-06T06:02:21.518+0000] {logging_mixin.py:190} INFO - [2026-08-06T06:02:21.518+0000] {dag.py:4180} INFO - Setting next_dagrun for taxi_pipeline to 2026-08-06 00:00:00+00:00, run_after=2026-08-07 00:00:00+00:00
[2026-08-06T06:02:21.591+0000] {processor.py:208} INFO - Processing /opt/airflow/dags/taxi_pipeline_dag.py took 0.218 seconds
[2026-08-06T06:02:52.034+0000] {processor.py:186} INFO - Started process (PID=205) to work on /opt/airflow/dags/taxi_pipeline_dag.py
[2026-08-06T06:02:52.036+0000] {processor.py:914} INFO - Processing file /opt/airflow/dags/taxi_pipeline_dag.py for tasks to queue
[2026-08-06T06:02:52.041+0000] {logging_mixin.py:190} INFO - [2026-08-06T06:02:52.040+0000] {dagbag.py:588} INFO - Filling up the DagBag from /opt/airflow/dags/taxi_pipeline_dag.py
[2026-08-06T06:02:52.081+0000] {processor.py:925} INFO - DAG(s) 'taxi_pipeline' retrieved from /opt/airflow/dags/taxi_pipeline_dag.py
[2026-08-06T06:02:52.112+0000] {logging_mixin.py:190} INFO - [2026-08-06T06:02:52.111+0000] {dag.py:3239} INFO - Sync 1 DAGs
[2026-08-06T06:02:52.149+0000] {logging_mixin.py:190} INFO - [2026-08-06T06:02:52.148+0000] {dag.py:4180} INFO - Setting next_dagrun for taxi_pipeline to 2026-08-06 00:00:00+00:00, run_after=2026-08-07 00:00:00+00:00
[2026-08-06T06:02:52.187+0000] {processor.py:208} INFO - Processing /opt/airflow/dags/taxi_pipeline_dag.py took 0.161 seconds
[2026-08-06T06:03:22.919+0000] {processor.py:186} INFO - Started process (PID=269) to work on /opt/airflow/dags/taxi_pipeline_dag.py
[2026-08-06T06:03:22.923+0000] {processor.py:914} INFO - Processing file /opt/airflow/dags/taxi_pipeline_dag.py for tasks to queue
[2026-08-06T06:03:22.929+0000] {logging_mixin.py:190} INFO - [2026-08-06T06:03:22.928+0000] {dagbag.py:588} INFO - Filling up the DagBag from /opt/airflow/dags/taxi_pipeline_dag.py
[2026-08-06T06:03:23.050+0000] {processor.py:925} INFO - DAG(s) 'taxi_pipeline' retrieved from /opt/airflow/dags/taxi_pipeline_dag.py
[2026-08-06T06:03:23.129+0000] {logging_mixin.py:190} INFO - [2026-08-06T06:03:23.129+0000] {dag.py:3239} INFO - Sync 1 DAGs
[2026-08-06T06:03:23.204+0000] {logging_mixin.py:190} INFO - [2026-08-06T06:03:23.203+0000] {dag.py:4180} INFO - Setting next_dagrun for taxi_pipeline to 2026-08-06 00:00:00+00:00, run_after=2026-08-07 00:00:00+00:00
[2026-08-06T06:03:23.247+0000] {processor.py:208} INFO - Processing /opt/airflow/dags/taxi_pipeline_dag.py took 0.342 seconds
[2026-08-06T06:03:54.009+0000] {processor.py:186} INFO - Started process (PID=333) to work on /opt/airflow/dags/taxi_pipeline_dag.py
[2026-08-06T06:03:54.011+0000] {processor.py:914} INFO - Processing file /opt/airflow/dags/taxi_pipeline_dag.py for tasks to queue
[2026-08-06T06:03:54.015+0000] {logging_mixin.py:190} INFO - [2026-08-06T06:03:54.014+0000] {dagbag.py:588} INFO - Filling up the DagBag from /opt/airflow/dags/taxi_pipeline_dag.py
[2026-08-06T06:03:54.055+0000] {processor.py:925} INFO - DAG(s) 'taxi_pipeline' retrieved from /opt/airflow/dags/taxi_pipeline_dag.py
[2026-08-06T06:03:54.101+0000] {logging_mixin.py:190} INFO - [2026-08-06T06:03:54.101+0000] {dag.py:3239} INFO - Sync 1 DAGs
[2026-08-06T06:03:54.190+0000] {logging_mixin.py:190} INFO - [2026-08-06T06:03:54.190+0000] {dag.py:4180} INFO - Setting next_dagrun for taxi_pipeline to 2026-08-06 00:00:00+00:00, run_after=2026-08-07 00:00:00+00:00
[2026-08-06T06:03:54.236+0000] {processor.py:208} INFO - Processing /opt/airflow/dags/taxi_pipeline_dag.py took 0.236 seconds
[2026-08-06T06:04:25.011+0000] {processor.py:186} INFO - Started process (PID=397) to work on /opt/airflow/dags/taxi_pipeline_dag.py
[2026-08-06T06:04:25.021+0000] {processor.py:914} INFO - Processing file /opt/airflow/dags/taxi_pipeline_dag.py for tasks to queue
[2026-08-06T06:04:25.032+0000] {logging_mixin.py:190} INFO - [2026-08-06T06:04:25.031+0000] {dagbag.py:588} INFO - Filling up the DagBag from /opt/airflow/dags/taxi_pipeline_dag.py
[2026-08-06T06:04:25.078+0000] {processor.py:925} INFO - DAG(s) 'taxi_pipeline' retrieved from /opt/airflow/dags/taxi_pipeline_dag.py
[2026-08-06T06:04:25.114+0000] {logging_mixin.py:190} INFO - [2026-08-06T06:04:25.113+0000] {dag.py:3239} INFO - Sync 1 DAGs
[2026-08-06T06:04:25.148+0000] {logging_mixin.py:190} INFO - [2026-08-06T06:04:25.148+0000] {dag.py:4180} INFO - Setting next_dagrun for taxi_pipeline to 2026-08-06 00:00:00+00:00, run_after=2026-08-07 00:00:00+00:00
[2026-08-06T06:04:25.194+0000] {processor.py:208} INFO - Processing /opt/airflow/dags/taxi_pipeline_dag.py took 0.213 seconds
[2026-08-06T06:04:55.599+0000] {processor.py:186} INFO - Started process (PID=461) to work on /opt/airflow/dags/taxi_pipeline_dag.py
[2026-08-06T06:04:55.601+0000] {processor.py:914} INFO - Processing file /opt/airflow/dags/taxi_pipeline_dag.py for tasks to queue
[2026-08-06T06:04:55.607+0000] {logging_mixin.py:190} INFO - [2026-08-06T06:04:55.606+0000] {dagbag.py:588} INFO - Filling up the DagBag from /opt/airflow/dags/taxi_pipeline_dag.py
[2026-08-06T06:04:55.645+0000] {processor.py:925} INFO - DAG(s) 'taxi_pipeline' retrieved from /opt/airflow/dags/taxi_pipeline_dag.py
[2026-08-06T06:04:55.680+0000] {logging_mixin.py:190} INFO - [2026-08-06T06:04:55.680+0000] {dag.py:3239} INFO - Sync 1 DAGs
[2026-08-06T06:04:55.727+0000] {logging_mixin.py:190} INFO - [2026-08-06T06:04:55.726+0000] {dag.py:4180} INFO - Setting next_dagrun for taxi_pipeline to 2026-08-06 00:00:00+00:00, run_after=2026-08-07 00:00:00+00:00
[2026-08-06T06:04:55.783+0000] {processor.py:208} INFO - Processing /opt/airflow/dags/taxi_pipeline_dag.py took 0.199 seconds
[2026-08-06T06:05:26.525+0000] {processor.py:186} INFO - Started process (PID=525) to work on /opt/airflow/dags/taxi_pipeline_dag.py
[2026-08-06T06:05:26.528+0000] {processor.py:914} INFO - Processing file /opt/airflow/dags/taxi_pipeline_dag.py for tasks to queue
[2026-08-06T06:05:26.534+0000] {logging_mixin.py:190} INFO - [2026-08-06T06:05:26.533+0000] {dagbag.py:588} INFO - Filling up the DagBag from /opt/airflow/dags/taxi_pipeline_dag.py
[2026-08-06T06:05:27.014+0000] {processor.py:925} INFO - DAG(s) 'taxi_pipeline' retrieved from /opt/airflow/dags/taxi_pipeline_dag.py
[2026-08-06T06:05:27.050+0000] {logging_mixin.py:190} INFO - [2026-08-06T06:05:27.049+0000] {dag.py:3239} INFO - Sync 1 DAGs
[2026-08-06T06:05:27.092+0000] {logging_mixin.py:190} INFO - [2026-08-06T06:05:27.092+0000] {dag.py:4180} INFO - Setting next_dagrun for taxi_pipeline to 2026-08-06 00:00:00+00:00, run_after=2026-08-07 00:00:00+00:00
[2026-08-06T06:05:27.132+0000] {processor.py:208} INFO - Processing /opt/airflow/dags/taxi_pipeline_dag.py took 0.616 seconds
[2026-08-06T06:05:57.590+0000] {processor.py:186} INFO - Started process (PID=590) to work on /opt/airflow/dags/taxi_pipeline_dag.py
[2026-08-06T06:05:57.593+0000] {processor.py:914} INFO - Processing file /opt/airflow/dags/taxi_pipeline_dag.py for tasks to queue
[2026-08-06T06:05:57.598+0000] {logging_mixin.py:190} INFO - [2026-08-06T06:05:57.597+0000] {dagbag.py:588} INFO - Filling up the DagBag from /opt/airflow/dags/taxi_pipeline_dag.py
[2026-08-06T06:05:57.640+0000] {processor.py:925} INFO - DAG(s) 'taxi_pipeline' retrieved from /opt/airflow/dags/taxi_pipeline_dag.py
[2026-08-06T06:05:57.689+0000] {logging_mixin.py:190} INFO - [2026-08-06T06:05:57.689+0000] {dag.py:3239} INFO - Sync 1 DAGs
[2026-08-06T06:05:57.729+0000] {logging_mixin.py:190} INFO - [2026-08-06T06:05:57.729+0000] {dag.py:4180} INFO - Setting next_dagrun for taxi_pipeline to 2026-08-06 00:00:00+00:00, run_after=2026-08-07 00:00:00+00:00
[2026-08-06T06:05:57.790+0000] {processor.py:208} INFO - Processing /opt/airflow/dags/taxi_pipeline_dag.py took 0.208 seconds
[2026-08-06T06:06:29.056+0000] {processor.py:186} INFO - Started process (PID=655) to work on /opt/airflow/dags/taxi_pipeline_dag.py
[2026-08-06T06:06:29.058+0000] {processor.py:914} INFO - Processing file /opt/airflow/dags/taxi_pipeline_dag.py for tasks to queue
[2026-08-06T06:06:29.066+0000] {logging_mixin.py:190} INFO - [2026-08-06T06:06:29.065+0000] {dagbag.py:588} INFO - Filling up the DagBag from /opt/airflow/dags/taxi_pipeline_dag.py
[2026-08-06T06:06:29.102+0000] {processor.py:925} INFO - DAG(s) 'taxi_pipeline' retrieved from /opt/airflow/dags/taxi_pipeline_dag.py
[2026-08-06T06:06:29.132+0000] {logging_mixin.py:190} INFO - [2026-08-06T06:06:29.132+0000] {dag.py:3239} INFO - Sync 1 DAGs
[2026-08-06T06:06:29.169+0000] {logging_mixin.py:190} INFO - [2026-08-06T06:06:29.168+0000] {dag.py:4180} INFO - Setting next_dagrun for taxi_pipeline to 2026-08-06 00:00:00+00:00, run_after=2026-08-07 00:00:00+00:00
[2026-08-06T06:06:29.230+0000] {processor.py:208} INFO - Processing /opt/airflow/dags/taxi_pipeline_dag.py took 0.182 seconds
[2026-08-06T06:06:59.534+0000] {processor.py:186} INFO - Started process (PID=719) to work on /opt/airflow/dags/taxi_pipeline_dag.py
[2026-08-06T06:06:59.536+0000] {processor.py:914} INFO - Processing file /opt/airflow/dags/taxi_pipeline_dag.py for tasks to queue
[2026-08-06T06:06:59.542+0000] {logging_mixin.py:190} INFO - [2026-08-06T06:06:59.541+0000] {dagbag.py:588} INFO - Filling up the DagBag from /opt/airflow/dags/taxi_pipeline_dag.py
[2026-08-06T06:06:59.598+0000] {processor.py:925} INFO - DAG(s) 'taxi_pipeline' retrieved from /opt/airflow/dags/taxi_pipeline_dag.py
[2026-08-06T06:06:59.632+0000] {logging_mixin.py:190} INFO - [2026-08-06T06:06:59.632+0000] {dag.py:3239} INFO - Sync 1 DAGs
[2026-08-06T06:06:59.683+0000] {logging_mixin.py:190} INFO - [2026-08-06T06:06:59.683+0000] {dag.py:4180} INFO - Setting next_dagrun for taxi_pipeline to 2026-08-06 00:00:00+00:00, run_after=2026-08-07 00:00:00+00:00
[2026-08-06T06:06:59.726+0000] {processor.py:208} INFO - Processing /opt/airflow/dags/taxi_pipeline_dag.py took 0.203 seconds
[2026-08-06T06:07:30.434+0000] {processor.py:186} INFO - Started process (PID=783) to work on /opt/airflow/dags/taxi_pipeline_dag.py
[2026-08-06T06:07:30.435+0000] {processor.py:914} INFO - Processing file /opt/airflow/dags/taxi_pipeline_dag.py for tasks to queue
[2026-08-06T06:07:30.440+0000] {logging_mixin.py:190} INFO - [2026-08-06T06:07:30.439+0000] {dagbag.py:588} INFO - Filling up the DagBag from /opt/airflow/dags/taxi_pipeline_dag.py
[2026-08-06T06:07:30.470+0000] {processor.py:925} INFO - DAG(s) 'taxi_pipeline' retrieved from /opt/airflow/dags/taxi_pipeline_dag.py
[2026-08-06T06:07:30.507+0000] {logging_mixin.py:190} INFO - [2026-08-06T06:07:30.506+0000] {dag.py:3239} INFO - Sync 1 DAGs
[2026-08-06T06:07:30.543+0000] {logging_mixin.py:190} INFO - [2026-08-06T06:07:30.542+0000] {dag.py:4180} INFO - Setting next_dagrun for taxi_pipeline to 2026-08-06 00:00:00+00:00, run_after=2026-08-07 00:00:00+00:00
[2026-08-06T06:07:30.579+0000] {processor.py:208} INFO - Processing /opt/airflow/dags/taxi_pipeline_dag.py took 0.155 seconds
[2026-08-06T06:08:00.968+0000] {processor.py:186} INFO - Started process (PID=847) to work on /opt/airflow/dags/taxi_pipeline_dag.py
[2026-08-06T06:08:00.969+0000] {processor.py:914} INFO - Processing file /opt/airflow/dags/taxi_pipeline_dag.py for tasks to queue
[2026-08-06T06:08:00.972+0000] {logging_mixin.py:190} INFO - [2026-08-06T06:08:00.971+0000] {dagbag.py:588} INFO - Filling up the DagBag from /opt/airflow/dags/taxi_pipeline_dag.py
[2026-08-06T06:08:01.001+0000] {processor.py:925} INFO - DAG(s) 'taxi_pipeline' retrieved from /opt/airflow/dags/taxi_pipeline_dag.py
[2026-08-06T06:08:01.025+0000] {logging_mixin.py:190} INFO - [2026-08-06T06:08:01.025+0000] {dag.py:3239} INFO - Sync 1 DAGs
[2026-08-06T06:08:01.057+0000] {logging_mixin.py:190} INFO - [2026-08-06T06:08:01.057+0000] {dag.py:4180} INFO - Setting next_dagrun for taxi_pipeline to 2026-08-06 00:00:00+00:00, run_after=2026-08-07 00:00:00+00:00
[2026-08-06T06:08:01.090+0000] {processor.py:208} INFO - Processing /opt/airflow/dags/taxi_pipeline_dag.py took 0.129 seconds
[2026-08-06T06:08:31.523+0000] {processor.py:186} INFO - Started process (PID=916) to work on /opt/airflow/dags/taxi_pipeline_dag.py
[2026-08-06T06:08:31.525+0000] {processor.py:914} INFO - Processing file /opt/airflow/dags/taxi_pipeline_dag.py for tasks to queue
[2026-08-06T06:08:31.529+0000] {logging_mixin.py:190} INFO - [2026-08-06T06:08:31.528+0000] {dagbag.py:588} INFO - Filling up the DagBag from /opt/airflow/dags/taxi_pipeline_dag.py
[2026-08-06T06:08:31.569+0000] {processor.py:925} INFO - DAG(s) 'taxi_pipeline' retrieved from /opt/airflow/dags/taxi_pipeline_dag.py
[2026-08-06T06:08:31.603+0000] {logging_mixin.py:190} INFO - [2026-08-06T06:08:31.603+0000] {dag.py:3239} INFO - Sync 1 DAGs
[2026-08-06T06:08:31.637+0000] {logging_mixin.py:190} INFO - [2026-08-06T06:08:31.637+0000] {dag.py:4180} INFO - Setting next_dagrun for taxi_pipeline to 2026-08-06 00:00:00+00:00, run_after=2026-08-07 00:00:00+00:00
[2026-08-06T06:08:31.676+0000] {processor.py:208} INFO - Processing /opt/airflow/dags/taxi_pipeline_dag.py took 0.168 seconds
[2026-08-06T06:09:01.959+0000] {processor.py:186} INFO - Started process (PID=980) to work on /opt/airflow/dags/taxi_pipeline_dag.py
[2026-08-06T06:09:01.961+0000] {processor.py:914} INFO - Processing file /opt/airflow/dags/taxi_pipeline_dag.py for tasks to queue
[2026-08-06T06:09:01.965+0000] {logging_mixin.py:190} INFO - [2026-08-06T06:09:01.964+0000] {dagbag.py:588} INFO - Filling up the DagBag from /opt/airflow/dags/taxi_pipeline_dag.py
[2026-08-06T06:09:02.010+0000] {processor.py:925} INFO - DAG(s) 'taxi_pipeline' retrieved from /opt/airflow/dags/taxi_pipeline_dag.py
[2026-08-06T06:09:02.043+0000] {logging_mixin.py:190} INFO - [2026-08-06T06:09:02.042+0000] {dag.py:3239} INFO - Sync 1 DAGs
[2026-08-06T06:09:02.079+0000] {logging_mixin.py:190} INFO - [2026-08-06T06:09:02.079+0000] {dag.py:4180} INFO - Setting next_dagrun for taxi_pipeline to 2026-08-06 00:00:00+00:00, run_after=2026-08-07 00:00:00+00:00
[2026-08-06T06:09:02.113+0000] {processor.py:208} INFO - Processing /opt/airflow/dags/taxi_pipeline_dag.py took 0.164 seconds
[2026-08-06T06:09:32.316+0000] {processor.py:186} INFO - Started process (PID=1044) to work on /opt/airflow/dags/taxi_pipeline_dag.py
[2026-08-06T06:09:32.318+0000] {processor.py:914} INFO - Processing file /opt/airflow/dags/taxi_pipeline_dag.py for tasks to queue
[2026-08-06T06:09:32.323+0000] {logging_mixin.py:190} INFO - [2026-08-06T06:09:32.322+0000] {dagbag.py:588} INFO - Filling up the DagBag from /opt/airflow/dags/taxi_pipeline_dag.py
[2026-08-06T06:09:32.372+0000] {processor.py:925} INFO - DAG(s) 'taxi_pipeline' retrieved from /opt/airflow/dags/taxi_pipeline_dag.py
[2026-08-06T06:09:32.404+0000] {logging_mixin.py:190} INFO - [2026-08-06T06:09:32.404+0000] {dag.py:3239} INFO - Sync 1 DAGs
[2026-08-06T06:09:32.436+0000] {logging_mixin.py:190} INFO - [2026-08-06T06:09:32.436+0000] {dag.py:4180} INFO - Setting next_dagrun for taxi_pipeline to 2026-08-06 00:00:00+00:00, run_after=2026-08-07 00:00:00+00:00
[2026-08-06T06:09:32.470+0000] {processor.py:208} INFO - Processing /opt/airflow/dags/taxi_pipeline_dag.py took 0.162 seconds
[2026-08-06T06:10:02.925+0000] {processor.py:186} INFO - Started process (PID=1108) to work on /opt/airflow/dags/taxi_pipeline_dag.py
[2026-08-06T06:10:02.927+0000] {processor.py:914} INFO - Processing file /opt/airflow/dags/taxi_pipeline_dag.py for tasks to queue
[2026-08-06T06:10:02.930+0000] {logging_mixin.py:190} INFO - [2026-08-06T06:10:02.930+0000] {dagbag.py:588} INFO - Filling up the DagBag from /opt/airflow/dags/taxi_pipeline_dag.py
[2026-08-06T06:10:02.974+0000] {processor.py:925} INFO - DAG(s) 'taxi_pipeline' retrieved from /opt/airflow/dags/taxi_pipeline_dag.py
[2026-08-06T06:10:03.003+0000] {logging_mixin.py:190} INFO - [2026-08-06T06:10:03.003+0000] {dag.py:3239} INFO - Sync 1 DAGs
[2026-08-06T06:10:03.040+0000] {logging_mixin.py:190} INFO - [2026-08-06T06:10:03.040+0000] {dag.py:4180} INFO - Setting next_dagrun for taxi_pipeline to 2026-08-06 00:00:00+00:00, run_after=2026-08-07 00:00:00+00:00
[2026-08-06T06:10:03.087+0000] {processor.py:208} INFO - Processing /opt/airflow/dags/taxi_pipeline_dag.py took 0.169 seconds
