[2026-08-06T16:04:43.363+0000] {local_task_job_runner.py:123} INFO - ::group::Pre task execution logs
[2026-08-06T16:04:43.403+0000] {taskinstance.py:2614} INFO - Dependencies all met for dep_context=non-requeueable deps ti=<TaskInstance: taxi_pipeline.download_data manual__2026-08-06T16:04:37.958650+00:00 [queued]>
[2026-08-06T16:04:43.424+0000] {taskinstance.py:2614} INFO - Dependencies all met for dep_context=requeueable deps ti=<TaskInstance: taxi_pipeline.download_data manual__2026-08-06T16:04:37.958650+00:00 [queued]>
[2026-08-06T16:04:43.426+0000] {taskinstance.py:2867} INFO - Starting attempt 1 of 3
[2026-08-06T16:04:43.472+0000] {taskinstance.py:2890} INFO - Executing <Task(BashOperator): download_data> on 2026-08-06 16:04:37.958650+00:00
[2026-08-06T16:04:43.487+0000] {warnings.py:112} WARNING - /home/***/.local/lib/python3.12/site-packages/***/task/task_runner/standard_task_runner.py:70: DeprecationWarning: This process (pid=120) is multi-threaded, use of fork() may lead to deadlocks in the child.
  pid = os.fork()

[2026-08-06T16:04:43.490+0000] {standard_task_runner.py:72} INFO - Started process 143 to run task
[2026-08-06T16:04:43.492+0000] {standard_task_runner.py:104} INFO - Running: ['***', 'tasks', 'run', 'taxi_pipeline', 'download_data', 'manual__2026-08-06T16:04:37.958650+00:00', '--job-id', '247', '--raw', '--subdir', 'DAGS_FOLDER/taxi_pipeline_dag.py', '--cfg-path', '/tmp/tmpip6ndm94']
[2026-08-06T16:04:43.494+0000] {standard_task_runner.py:105} INFO - Job 247: Subtask download_data
[2026-08-06T16:04:44.099+0000] {task_command.py:467} INFO - Running <TaskInstance: taxi_pipeline.download_data manual__2026-08-06T16:04:37.958650+00:00 [running]> on host 673ed38df894
[2026-08-06T16:04:44.344+0000] {taskinstance.py:3134} INFO - Exporting env vars: AIRFLOW_CTX_DAG_OWNER='***' AIRFLOW_CTX_DAG_ID='taxi_pipeline' AIRFLOW_CTX_TASK_ID='download_data' AIRFLOW_CTX_EXECUTION_DATE='2026-08-06T16:04:37.958650+00:00' AIRFLOW_CTX_TRY_NUMBER='1' AIRFLOW_CTX_DAG_RUN_ID='manual__2026-08-06T16:04:37.958650+00:00'
[2026-08-06T16:04:44.347+0000] {logging_mixin.py:190} INFO - Task instance is in running state
[2026-08-06T16:04:44.349+0000] {logging_mixin.py:190} INFO -  Previous state of the Task instance: queued
[2026-08-06T16:04:44.351+0000] {logging_mixin.py:190} INFO - Current task name:download_data state:running start_date:2026-08-06 16:04:43.404754+00:00
[2026-08-06T16:04:44.353+0000] {logging_mixin.py:190} INFO - Dag name:taxi_pipeline and current dag run status:running
[2026-08-06T16:04:44.357+0000] {taskinstance.py:732} INFO - ::endgroup::
[2026-08-06T16:04:44.360+0000] {subprocess.py:78} INFO - Tmp dir root location: /tmp
[2026-08-06T16:04:44.362+0000] {subprocess.py:88} INFO - Running command: ['/usr/bin/bash', '-c', 'python /opt/project/ingestion/download_taxi_data.py']
[2026-08-06T16:04:44.396+0000] {subprocess.py:99} INFO - Output:
[2026-08-06T16:04:46.082+0000] {subprocess.py:106} INFO - 2026-08-06 16:04:46,081 - INFO - Starting download...
[2026-08-06T16:04:46.203+0000] {subprocess.py:106} INFO - 2026-08-06 16:04:46,203 - INFO - Downloading NYC Taxi July 2025 data...
[2026-08-06T16:05:18.292+0000] {subprocess.py:106} INFO - 2026-08-06 16:05:18,290 - INFO - Download complete! Saved to data/raw/yellow_tripdata_2025-07.parquet
[2026-08-06T16:05:18.351+0000] {subprocess.py:110} INFO - Command exited with return code 0
[2026-08-06T16:05:18.431+0000] {taskinstance.py:341} INFO - ::group::Post task execution logs
[2026-08-06T16:05:18.433+0000] {taskinstance.py:353} INFO - Marking task as SUCCESS. dag_id=taxi_pipeline, task_id=download_data, run_id=manual__2026-08-06T16:04:37.958650+00:00, execution_date=20260806T160437, start_date=20260806T160443, end_date=20260806T160518
[2026-08-06T16:05:18.486+0000] {logging_mixin.py:190} INFO - Task instance in success state
[2026-08-06T16:05:18.488+0000] {logging_mixin.py:190} INFO -  Previous state of the Task instance: running
[2026-08-06T16:05:18.489+0000] {logging_mixin.py:190} INFO - Dag name:taxi_pipeline queued_at:2026-08-06 16:04:38.011577+00:00
[2026-08-06T16:05:18.490+0000] {logging_mixin.py:190} INFO - Task hostname:673ed38df894 operator:BashOperator
[2026-08-06T16:05:18.558+0000] {local_task_job_runner.py:266} INFO - Task exited with return code 0
[2026-08-06T16:05:18.620+0000] {taskinstance.py:3901} INFO - 1 downstream tasks scheduled from follow-on schedule check
[2026-08-06T16:05:18.624+0000] {local_task_job_runner.py:245} INFO - ::endgroup::
