[2026-08-06T16:04:40.021+0000] {local_task_job_runner.py:123} INFO - ::group::Pre task execution logs
[2026-08-06T16:04:40.087+0000] {taskinstance.py:2614} INFO - Dependencies all met for dep_context=non-requeueable deps ti=<TaskInstance: taxi_pipeline.silver_to_gold manual__2026-08-06T15:56:22.442827+00:00 [queued]>
[2026-08-06T16:04:40.117+0000] {taskinstance.py:2614} INFO - Dependencies all met for dep_context=requeueable deps ti=<TaskInstance: taxi_pipeline.silver_to_gold manual__2026-08-06T15:56:22.442827+00:00 [queued]>
[2026-08-06T16:04:40.119+0000] {taskinstance.py:2867} INFO - Starting attempt 1 of 3
[2026-08-06T16:04:40.473+0000] {taskinstance.py:2890} INFO - Executing <Task(BashOperator): silver_to_gold> on 2026-08-06 15:56:22.442827+00:00
[2026-08-06T16:04:40.489+0000] {warnings.py:112} WARNING - /home/***/.local/lib/python3.12/site-packages/***/task/task_runner/standard_task_runner.py:70: DeprecationWarning: This process (pid=118) is multi-threaded, use of fork() may lead to deadlocks in the child.
  pid = os.fork()

[2026-08-06T16:04:40.493+0000] {standard_task_runner.py:72} INFO - Started process 129 to run task
[2026-08-06T16:04:40.497+0000] {standard_task_runner.py:104} INFO - Running: ['***', 'tasks', 'run', 'taxi_pipeline', 'silver_to_gold', 'manual__2026-08-06T15:56:22.442827+00:00', '--job-id', '246', '--raw', '--subdir', 'DAGS_FOLDER/taxi_pipeline_dag.py', '--cfg-path', '/tmp/tmptknvu7rj']
[2026-08-06T16:04:40.501+0000] {standard_task_runner.py:105} INFO - Job 246: Subtask silver_to_gold
[2026-08-06T16:04:40.653+0000] {task_command.py:467} INFO - Running <TaskInstance: taxi_pipeline.silver_to_gold manual__2026-08-06T15:56:22.442827+00:00 [running]> on host 673ed38df894
[2026-08-06T16:04:40.914+0000] {taskinstance.py:3134} INFO - Exporting env vars: AIRFLOW_CTX_DAG_OWNER='***' AIRFLOW_CTX_DAG_ID='taxi_pipeline' AIRFLOW_CTX_TASK_ID='silver_to_gold' AIRFLOW_CTX_EXECUTION_DATE='2026-08-06T15:56:22.442827+00:00' AIRFLOW_CTX_TRY_NUMBER='1' AIRFLOW_CTX_DAG_RUN_ID='manual__2026-08-06T15:56:22.442827+00:00'
[2026-08-06T16:04:40.917+0000] {logging_mixin.py:190} INFO - Task instance is in running state
[2026-08-06T16:04:40.918+0000] {logging_mixin.py:190} INFO -  Previous state of the Task instance: queued
[2026-08-06T16:04:40.920+0000] {logging_mixin.py:190} INFO - Current task name:silver_to_gold state:running start_date:2026-08-06 16:04:40.089119+00:00
[2026-08-06T16:04:40.921+0000] {logging_mixin.py:190} INFO - Dag name:taxi_pipeline and current dag run status:running
[2026-08-06T16:04:40.924+0000] {taskinstance.py:732} INFO - ::endgroup::
[2026-08-06T16:04:40.927+0000] {subprocess.py:78} INFO - Tmp dir root location: /tmp
[2026-08-06T16:04:40.931+0000] {subprocess.py:88} INFO - Running command: ['/usr/bin/bash', '-c', '\n        docker exec spark         spark-submit /opt/project/transform/silver_to_gold.py\n        ']
[2026-08-06T16:04:40.977+0000] {subprocess.py:99} INFO - Output:
[2026-08-06T16:04:42.388+0000] {subprocess.py:106} INFO - WARNING: Using incubator modules: jdk.incubator.vector
[2026-08-06T16:04:50.511+0000] {subprocess.py:106} INFO - Using Spark's default log4j profile: org/apache/spark/log4j2-defaults.properties
[2026-08-06T16:04:50.577+0000] {subprocess.py:106} INFO - 26/08/06 16:04:50 INFO SparkContext: Running Spark version 4.0.0
[2026-08-06T16:04:50.608+0000] {subprocess.py:106} INFO - 26/08/06 16:04:50 INFO SparkContext: OS info Linux, 5.15.167.4-microsoft-standard-WSL2, amd64
[2026-08-06T16:04:50.616+0000] {subprocess.py:106} INFO - 26/08/06 16:04:50 INFO SparkContext: Java version 17.0.15
[2026-08-06T16:04:51.083+0000] {subprocess.py:106} INFO - 26/08/06 16:04:51 WARN NativeCodeLoader: Unable to load native-hadoop library for your platform... using builtin-java classes where applicable
[2026-08-06T16:04:51.333+0000] {subprocess.py:106} INFO - 26/08/06 16:04:51 INFO ResourceUtils: ==============================================================
[2026-08-06T16:04:51.337+0000] {subprocess.py:106} INFO - 26/08/06 16:04:51 INFO ResourceUtils: No custom resources configured for spark.driver.
[2026-08-06T16:04:51.341+0000] {subprocess.py:106} INFO - 26/08/06 16:04:51 INFO ResourceUtils: ==============================================================
[2026-08-06T16:04:51.344+0000] {subprocess.py:106} INFO - 26/08/06 16:04:51 INFO SparkContext: Submitted application: SilverToGold
[2026-08-06T16:04:51.453+0000] {subprocess.py:106} INFO - 26/08/06 16:04:51 INFO ResourceProfile: Default ResourceProfile created, executor resources: Map(cores -> name: cores, amount: 1, script: , vendor: , memory -> name: memory, amount: 1024, script: , vendor: , offHeap -> name: offHeap, amount: 0, script: , vendor: ), task resources: Map(cpus -> name: cpus, amount: 1.0)
[2026-08-06T16:04:51.462+0000] {subprocess.py:106} INFO - 26/08/06 16:04:51 INFO ResourceProfile: Limiting resource is cpu
[2026-08-06T16:04:51.467+0000] {subprocess.py:106} INFO - 26/08/06 16:04:51 INFO ResourceProfileManager: Added ResourceProfile id: 0
[2026-08-06T16:04:51.716+0000] {subprocess.py:106} INFO - 26/08/06 16:04:51 INFO SecurityManager: Changing view acls to: spark
[2026-08-06T16:04:51.724+0000] {subprocess.py:106} INFO - 26/08/06 16:04:51 INFO SecurityManager: Changing modify acls to: spark
[2026-08-06T16:04:51.729+0000] {subprocess.py:106} INFO - 26/08/06 16:04:51 INFO SecurityManager: Changing view acls groups to: spark
[2026-08-06T16:04:51.737+0000] {subprocess.py:106} INFO - 26/08/06 16:04:51 INFO SecurityManager: Changing modify acls groups to: spark
[2026-08-06T16:04:51.757+0000] {subprocess.py:106} INFO - 26/08/06 16:04:51 INFO SecurityManager: SecurityManager: authentication disabled; ui acls disabled; users with view permissions: spark groups with view permissions: EMPTY; users with modify permissions: spark; groups with modify permissions: EMPTY; RPC SSL disabled
[2026-08-06T16:04:52.764+0000] {subprocess.py:106} INFO - 26/08/06 16:04:52 INFO Utils: Successfully started service 'sparkDriver' on port 46173.
[2026-08-06T16:04:52.922+0000] {subprocess.py:106} INFO - 26/08/06 16:04:52 INFO SparkEnv: Registering MapOutputTracker
[2026-08-06T16:04:52.978+0000] {subprocess.py:106} INFO - 26/08/06 16:04:52 INFO SparkEnv: Registering BlockManagerMaster
[2026-08-06T16:04:53.057+0000] {subprocess.py:106} INFO - 26/08/06 16:04:53 INFO BlockManagerMasterEndpoint: Using org.apache.spark.storage.DefaultTopologyMapper for getting topology information
[2026-08-06T16:04:53.059+0000] {subprocess.py:106} INFO - 26/08/06 16:04:53 INFO BlockManagerMasterEndpoint: BlockManagerMasterEndpoint up
[2026-08-06T16:04:53.071+0000] {subprocess.py:106} INFO - 26/08/06 16:04:53 INFO SparkEnv: Registering BlockManagerMasterHeartbeat
[2026-08-06T16:04:53.188+0000] {subprocess.py:106} INFO - 26/08/06 16:04:53 INFO DiskBlockManager: Created local directory at /tmp/blockmgr-30a633fa-8768-4d3b-9ee4-3017d7d5e0a7
[2026-08-06T16:04:53.342+0000] {subprocess.py:106} INFO - 26/08/06 16:04:53 INFO SparkEnv: Registering OutputCommitCoordinator
[2026-08-06T16:04:54.114+0000] {subprocess.py:106} INFO - 26/08/06 16:04:54 INFO JettyUtils: Start Jetty 0.0.0.0:4040 for SparkUI
[2026-08-06T16:04:54.508+0000] {subprocess.py:106} INFO - 26/08/06 16:04:54 INFO Utils: Successfully started service 'SparkUI' on port 4040.
[2026-08-06T16:04:54.764+0000] {subprocess.py:106} INFO - 26/08/06 16:04:54 INFO SecurityManager: Changing view acls to: spark
[2026-08-06T16:04:54.768+0000] {subprocess.py:106} INFO - 26/08/06 16:04:54 INFO SecurityManager: Changing modify acls to: spark
[2026-08-06T16:04:54.771+0000] {subprocess.py:106} INFO - 26/08/06 16:04:54 INFO SecurityManager: Changing view acls groups to: spark
[2026-08-06T16:04:54.775+0000] {subprocess.py:106} INFO - 26/08/06 16:04:54 INFO SecurityManager: Changing modify acls groups to: spark
[2026-08-06T16:04:54.778+0000] {subprocess.py:106} INFO - 26/08/06 16:04:54 INFO SecurityManager: SecurityManager: authentication disabled; ui acls disabled; users with view permissions: spark groups with view permissions: EMPTY; users with modify permissions: spark; groups with modify permissions: EMPTY; RPC SSL disabled
[2026-08-06T16:04:55.457+0000] {subprocess.py:106} INFO - 26/08/06 16:04:55 INFO Executor: Starting executor ID driver on host 3637e63650c7
[2026-08-06T16:04:55.460+0000] {subprocess.py:106} INFO - 26/08/06 16:04:55 INFO Executor: OS info Linux, 5.15.167.4-microsoft-standard-WSL2, amd64
[2026-08-06T16:04:55.467+0000] {subprocess.py:106} INFO - 26/08/06 16:04:55 INFO Executor: Java version 17.0.15
[2026-08-06T16:04:55.561+0000] {subprocess.py:106} INFO - 26/08/06 16:04:55 INFO Executor: Starting executor with user classpath (userClassPathFirst = false): ''
[2026-08-06T16:04:55.569+0000] {subprocess.py:106} INFO - 26/08/06 16:04:55 INFO Executor: Created or updated repl class loader org.apache.spark.util.MutableURLClassLoader@3c059127 for default.
[2026-08-06T16:04:55.694+0000] {subprocess.py:106} INFO - 26/08/06 16:04:55 INFO Utils: Successfully started service 'org.apache.spark.network.netty.NettyBlockTransferService' on port 34979.
[2026-08-06T16:04:55.731+0000] {subprocess.py:106} INFO - 26/08/06 16:04:55 INFO NettyBlockTransferService: Server created on 3637e63650c7:34979
[2026-08-06T16:04:55.744+0000] {subprocess.py:106} INFO - 26/08/06 16:04:55 INFO BlockManager: Using org.apache.spark.storage.RandomBlockReplicationPolicy for block replication policy
[2026-08-06T16:04:55.852+0000] {subprocess.py:106} INFO - 26/08/06 16:04:55 INFO BlockManagerMaster: Registering BlockManager BlockManagerId(driver, 3637e63650c7, 34979, None)
[2026-08-06T16:04:55.891+0000] {subprocess.py:106} INFO - 26/08/06 16:04:55 INFO BlockManagerMasterEndpoint: Registering block manager 3637e63650c7:34979 with 434.4 MiB RAM, BlockManagerId(driver, 3637e63650c7, 34979, None)
[2026-08-06T16:04:55.903+0000] {subprocess.py:106} INFO - 26/08/06 16:04:55 INFO BlockManagerMaster: Registered BlockManager BlockManagerId(driver, 3637e63650c7, 34979, None)
[2026-08-06T16:04:55.911+0000] {subprocess.py:106} INFO - 26/08/06 16:04:55 INFO BlockManager: Initialized BlockManager: BlockManagerId(driver, 3637e63650c7, 34979, None)
[2026-08-06T16:05:08.757+0000] {subprocess.py:106} INFO - Starting Silver to Gold transformation...
[2026-08-06T16:05:11.135+0000] {local_task_job_runner.py:346} WARNING - State of this instance has been externally set to failed. Terminating instance.
[2026-08-06T16:05:11.141+0000] {local_task_job_runner.py:245} INFO - ::endgroup::
[2026-08-06T16:05:11.157+0000] {process_utils.py:132} INFO - Sending 15 to group 129. PIDs of all processes in the group: [131, 132, 129]
[2026-08-06T16:05:11.159+0000] {process_utils.py:87} INFO - Sending the signal 15 to group 129
[2026-08-06T16:05:11.161+0000] {taskinstance.py:3094} ERROR - Received SIGTERM. Terminating subprocesses.
[2026-08-06T16:05:11.212+0000] {taskinstance.py:3095} ERROR - Stacktrace: 
  File "/home/***/.local/bin/***", line 8, in <module>
    sys.exit(main())
  File "/home/***/.local/lib/python3.12/site-packages/***/__main__.py", line 62, in main
    args.func(args)
  File "/home/***/.local/lib/python3.12/site-packages/***/cli/cli_config.py", line 49, in command
    return func(*args, **kwargs)
  File "/home/***/.local/lib/python3.12/site-packages/***/utils/cli.py", line 116, in wrapper
    return f(*args, **kwargs)
  File "/home/***/.local/lib/python3.12/site-packages/***/providers/celery/cli/celery_command.py", line 64, in wrapper
    providers_configuration_loaded(func)(*args, **kwargs)
  File "/home/***/.local/lib/python3.12/site-packages/***/utils/providers_configuration_loader.py", line 55, in wrapped_function
    return func(*args, **kwargs)
  File "/home/***/.local/lib/python3.12/site-packages/***/providers/celery/cli/celery_command.py", line 237, in worker
    _run_command_with_daemon_option(
  File "/home/***/.local/lib/python3.12/site-packages/***/providers/celery/cli/celery_command.py", line 50, in _run_command_with_daemon_option
    run_command_with_daemon_option(*args, **kwargs)
  File "/home/***/.local/lib/python3.12/site-packages/***/cli/commands/daemon_utils.py", line 86, in run_command_with_daemon_option
    callback()
  File "/home/***/.local/lib/python3.12/site-packages/***/providers/celery/cli/celery_command.py", line 230, in run_celery_worker
    celery_app.worker_main(options)
  File "/home/***/.local/lib/python3.12/site-packages/celery/app/base.py", line 391, in worker_main
    self.start(argv=argv)
  File "/home/***/.local/lib/python3.12/site-packages/celery/app/base.py", line 371, in start
    celery.main(args=argv, standalone_mode=False)
  File "/home/***/.local/lib/python3.12/site-packages/click/core.py", line 1082, in main
    rv = self.invoke(ctx)
  File "/home/***/.local/lib/python3.12/site-packages/click/core.py", line 1697, in invoke
    return _process_result(sub_ctx.command.invoke(sub_ctx))
  File "/home/***/.local/lib/python3.12/site-packages/click/core.py", line 1443, in invoke
    return ctx.invoke(self.callback, **ctx.params)
  File "/home/***/.local/lib/python3.12/site-packages/click/core.py", line 788, in invoke
    return __callback(*args, **kwargs)
  File "/home/***/.local/lib/python3.12/site-packages/click/decorators.py", line 33, in new_func
    return f(get_current_context(), *args, **kwargs)
  File "/home/***/.local/lib/python3.12/site-packages/celery/bin/base.py", line 135, in caller
    return f(ctx, *args, **kwargs)
  File "/home/***/.local/lib/python3.12/site-packages/celery/bin/worker.py", line 356, in worker
    worker.start()
  File "/home/***/.local/lib/python3.12/site-packages/celery/worker/worker.py", line 202, in start
    self.blueprint.start(self)
  File "/home/***/.local/lib/python3.12/site-packages/celery/bootsteps.py", line 116, in start
    step.start(parent)
  File "/home/***/.local/lib/python3.12/site-packages/celery/bootsteps.py", line 365, in start
    return self.obj.start()
  File "/home/***/.local/lib/python3.12/site-packages/celery/concurrency/base.py", line 130, in start
    self.on_start()
  File "/home/***/.local/lib/python3.12/site-packages/celery/concurrency/prefork.py", line 109, in on_start
    P = self._pool = Pool(processes=self.limit,
  File "/home/***/.local/lib/python3.12/site-packages/celery/concurrency/asynpool.py", line 464, in __init__
    super().__init__(processes, *args, **kwargs)
  File "/home/***/.local/lib/python3.12/site-packages/billiard/pool.py", line 1046, in __init__
    self._create_worker_process(i)
  File "/home/***/.local/lib/python3.12/site-packages/celery/concurrency/asynpool.py", line 482, in _create_worker_process
    return super()._create_worker_process(i)
  File "/home/***/.local/lib/python3.12/site-packages/billiard/pool.py", line 1158, in _create_worker_process
    w.start()
  File "/home/***/.local/lib/python3.12/site-packages/billiard/process.py", line 120, in start
    self._popen = self._Popen(self)
  File "/home/***/.local/lib/python3.12/site-packages/billiard/context.py", line 331, in _Popen
    return Popen(process_obj)
  File "/home/***/.local/lib/python3.12/site-packages/billiard/popen_fork.py", line 22, in __init__
    self._launch(process_obj)
  File "/home/***/.local/lib/python3.12/site-packages/billiard/popen_fork.py", line 77, in _launch
    code = process_obj._bootstrap()
  File "/home/***/.local/lib/python3.12/site-packages/billiard/process.py", line 323, in _bootstrap
    self.run()
  File "/home/***/.local/lib/python3.12/site-packages/billiard/process.py", line 110, in run
    self._target(*self._args, **self._kwargs)
  File "/home/***/.local/lib/python3.12/site-packages/billiard/pool.py", line 292, in __call__
    sys.exit(self.workloop(pid=pid))
  File "/home/***/.local/lib/python3.12/site-packages/billiard/pool.py", line 362, in workloop
    result = (True, prepare_result(fun(*args, **kwargs)))
  File "/home/***/.local/lib/python3.12/site-packages/celery/app/trace.py", line 651, in fast_trace_task
    R, I, T, Rstr = tasks[task].__trace__(
  File "/home/***/.local/lib/python3.12/site-packages/celery/app/trace.py", line 453, in trace_task
    R = retval = fun(*args, **kwargs)
  File "/home/***/.local/lib/python3.12/site-packages/celery/app/trace.py", line 736, in __protected_call__
    return self.run(*args, **kwargs)
  File "/home/***/.local/lib/python3.12/site-packages/***/providers/celery/executors/celery_executor_utils.py", line 139, in execute_command
    _execute_in_fork(command_to_exec, celery_task_id)
  File "/home/***/.local/lib/python3.12/site-packages/***/providers/celery/executors/celery_executor_utils.py", line 171, in _execute_in_fork
    args.func(args)
  File "/home/***/.local/lib/python3.12/site-packages/***/cli/cli_config.py", line 49, in command
    return func(*args, **kwargs)
  File "/home/***/.local/lib/python3.12/site-packages/***/utils/cli.py", line 116, in wrapper
    return f(*args, **kwargs)
  File "/home/***/.local/lib/python3.12/site-packages/***/cli/commands/task_command.py", line 483, in task_run
    task_return_code = _run_task_by_selected_method(args, _dag, ti)
  File "/home/***/.local/lib/python3.12/site-packages/***/cli/commands/task_command.py", line 254, in _run_task_by_selected_method
    return _run_task_by_local_task_job(args, ti)
  File "/home/***/.local/lib/python3.12/site-packages/***/cli/commands/task_command.py", line 322, in _run_task_by_local_task_job
    ret = run_job(job=job_runner.job, execute_callable=job_runner._execute)
  File "/home/***/.local/lib/python3.12/site-packages/***/utils/session.py", line 97, in wrapper
    return func(*args, session=session, **kwargs)
  File "/home/***/.local/lib/python3.12/site-packages/***/jobs/job.py", line 421, in run_job
    return execute_job(job, execute_callable=execute_callable)
  File "/home/***/.local/lib/python3.12/site-packages/***/jobs/job.py", line 450, in execute_job
    ret = execute_callable()
  File "/home/***/.local/lib/python3.12/site-packages/***/jobs/local_task_job_runner.py", line 171, in _execute
    self.task_runner.start()
  File "/home/***/.local/lib/python3.12/site-packages/***/task/task_runner/standard_task_runner.py", line 55, in start
    self.process = self._start_by_fork()
  File "/home/***/.local/lib/python3.12/site-packages/***/task/task_runner/standard_task_runner.py", line 117, in _start_by_fork
    ret = args.func(args, dag=self.dag)
  File "/home/***/.local/lib/python3.12/site-packages/***/cli/cli_config.py", line 49, in command
    return func(*args, **kwargs)
  File "/home/***/.local/lib/python3.12/site-packages/***/utils/cli.py", line 116, in wrapper
    return f(*args, **kwargs)
  File "/home/***/.local/lib/python3.12/site-packages/***/cli/commands/task_command.py", line 483, in task_run
    task_return_code = _run_task_by_selected_method(args, _dag, ti)
  File "/home/***/.local/lib/python3.12/site-packages/***/cli/commands/task_command.py", line 256, in _run_task_by_selected_method
    return _run_raw_task(args, ti)
  File "/home/***/.local/lib/python3.12/site-packages/***/cli/commands/task_command.py", line 341, in _run_raw_task
    return ti._run_raw_task(
  File "/home/***/.local/lib/python3.12/site-packages/***/utils/session.py", line 97, in wrapper
    return func(*args, session=session, **kwargs)
  File "/home/***/.local/lib/python3.12/site-packages/***/models/taskinstance.py", line 3006, in _run_raw_task
    return _run_raw_task(
  File "/home/***/.local/lib/python3.12/site-packages/***/models/taskinstance.py", line 274, in _run_raw_task
    TaskInstance._execute_task_with_callbacks(
  File "/home/***/.local/lib/python3.12/site-packages/***/models/taskinstance.py", line 3161, in _execute_task_with_callbacks
    result = self._execute_task(context, task_orig)
  File "/home/***/.local/lib/python3.12/site-packages/***/models/taskinstance.py", line 3185, in _execute_task
    return _execute_task(self, context, task_orig)
  File "/home/***/.local/lib/python3.12/site-packages/***/models/taskinstance.py", line 768, in _execute_task
    result = _execute_callable(context=context, **execute_callable_kwargs)
  File "/home/***/.local/lib/python3.12/site-packages/***/models/taskinstance.py", line 734, in _execute_callable
    return ExecutionCallableRunner(
  File "/home/***/.local/lib/python3.12/site-packages/***/utils/operator_helpers.py", line 252, in run
    return self.func(*args, **kwargs)
  File "/home/***/.local/lib/python3.12/site-packages/***/models/baseoperator.py", line 424, in wrapper
    return func(self, *args, **kwargs)
  File "/home/***/.local/lib/python3.12/site-packages/***/operators/bash.py", line 257, in execute
    result = self._run_inline_command(bash_path=bash_path, env=env)
  File "/home/***/.local/lib/python3.12/site-packages/***/operators/bash.py", line 284, in _run_inline_command
    return self.subprocess_hook.run_command(
  File "/home/***/.local/lib/python3.12/site-packages/***/hooks/subprocess.py", line 104, in run_command
    for raw_line in iter(self.sub_process.stdout.readline, b""):
  File "/home/***/.local/lib/python3.12/site-packages/***/models/taskinstance.py", line 3095, in signal_handler
    self.log.error("Stacktrace: \n%s", "".join(traceback.format_stack()))

[2026-08-06T16:05:11.219+0000] {subprocess.py:117} INFO - Sending SIGTERM signal to process group
[2026-08-06T16:05:11.325+0000] {taskinstance.py:341} INFO - ::group::Post task execution logs
[2026-08-06T16:05:11.378+0000] {process_utils.py:80} INFO - Process psutil.Process(pid=131, status='terminated', started='16:04:40') (131) terminated with exit code None
[2026-08-06T16:05:11.379+0000] {process_utils.py:80} INFO - Process psutil.Process(pid=129, status='terminated', exitcode=0, started='16:04:40') (129) terminated with exit code 0
[2026-08-06T16:05:11.381+0000] {process_utils.py:80} INFO - Process psutil.Process(pid=132, status='terminated', started='16:04:40') (132) terminated with exit code None
