[2026-08-06T05:49:01.097+0000] {local_task_job_runner.py:123} INFO - ::group::Pre task execution logs
[2026-08-06T05:49:01.132+0000] {taskinstance.py:2614} INFO - Dependencies all met for dep_context=non-requeueable deps ti=<TaskInstance: taxi_pipeline.download_data manual__2026-08-06T05:38:43.014786+00:00 [queued]>
[2026-08-06T05:49:01.157+0000] {taskinstance.py:2614} INFO - Dependencies all met for dep_context=requeueable deps ti=<TaskInstance: taxi_pipeline.download_data manual__2026-08-06T05:38:43.014786+00:00 [queued]>
[2026-08-06T05:49:01.163+0000] {taskinstance.py:2867} INFO - Starting attempt 3 of 3
[2026-08-06T05:49:01.198+0000] {taskinstance.py:2890} INFO - Executing <Task(BashOperator): download_data> on 2026-08-06 05:38:43.014786+00:00
[2026-08-06T05:49:01.215+0000] {warnings.py:112} WARNING - /home/***/.local/lib/python3.12/site-packages/***/task/task_runner/standard_task_runner.py:70: DeprecationWarning: This process (pid=362) is multi-threaded, use of fork() may lead to deadlocks in the child.
  pid = os.fork()

[2026-08-06T05:49:01.221+0000] {standard_task_runner.py:104} INFO - Running: ['***', 'tasks', 'run', 'taxi_pipeline', 'download_data', 'manual__2026-08-06T05:38:43.014786+00:00', '--job-id', '103', '--raw', '--subdir', 'DAGS_FOLDER/taxi_pipeline_dag.py', '--cfg-path', '/tmp/tmp8tot04zi']
[2026-08-06T05:49:01.223+0000] {standard_task_runner.py:72} INFO - Started process 375 to run task
[2026-08-06T05:49:01.230+0000] {standard_task_runner.py:105} INFO - Job 103: Subtask download_data
[2026-08-06T05:49:01.750+0000] {task_command.py:467} INFO - Running <TaskInstance: taxi_pipeline.download_data manual__2026-08-06T05:38:43.014786+00:00 [running]> on host 745fbce30acf
[2026-08-06T05:49:01.903+0000] {taskinstance.py:3134} INFO - Exporting env vars: AIRFLOW_CTX_DAG_OWNER='***' AIRFLOW_CTX_DAG_ID='taxi_pipeline' AIRFLOW_CTX_TASK_ID='download_data' AIRFLOW_CTX_EXECUTION_DATE='2026-08-06T05:38:43.014786+00:00' AIRFLOW_CTX_TRY_NUMBER='3' AIRFLOW_CTX_DAG_RUN_ID='manual__2026-08-06T05:38:43.014786+00:00'
[2026-08-06T05:49:01.905+0000] {logging_mixin.py:190} INFO - Task instance is in running state
[2026-08-06T05:49:01.906+0000] {logging_mixin.py:190} INFO -  Previous state of the Task instance: queued
[2026-08-06T05:49:01.907+0000] {logging_mixin.py:190} INFO - Current task name:download_data state:running start_date:2026-08-06 05:49:01.142218+00:00
[2026-08-06T05:49:01.908+0000] {logging_mixin.py:190} INFO - Dag name:taxi_pipeline and current dag run status:running
[2026-08-06T05:49:01.909+0000] {taskinstance.py:732} INFO - ::endgroup::
[2026-08-06T05:49:01.910+0000] {subprocess.py:78} INFO - Tmp dir root location: /tmp
[2026-08-06T05:49:01.913+0000] {subprocess.py:88} INFO - Running command: ['/usr/bin/bash', '-c', 'python /opt/project/ingestion/download_taxi_data.py']
[2026-08-06T05:49:01.941+0000] {subprocess.py:99} INFO - Output:
[2026-08-06T05:49:02.024+0000] {subprocess.py:106} INFO - python: can't open file '/opt/project/ingestion/download_taxi_data.py': [Errno 2] No such file or directory
[2026-08-06T05:49:02.028+0000] {subprocess.py:110} INFO - Command exited with return code 2
[2026-08-06T05:49:02.047+0000] {taskinstance.py:3313} ERROR - Task failed with exception
Traceback (most recent call last):
  File "/home/airflow/.local/lib/python3.12/site-packages/airflow/models/taskinstance.py", line 768, in _execute_task
    result = _execute_callable(context=context, **execute_callable_kwargs)
             ^^^^^^^^^^^^^^^^^^^^^^^^^^^^^^^^^^^^^^^^^^^^^^^^^^^^^^^^^^^^^
  File "/home/airflow/.local/lib/python3.12/site-packages/airflow/models/taskinstance.py", line 734, in _execute_callable
    return ExecutionCallableRunner(
           ^^^^^^^^^^^^^^^^^^^^^^^^
  File "/home/airflow/.local/lib/python3.12/site-packages/airflow/utils/operator_helpers.py", line 252, in run
    return self.func(*args, **kwargs)
           ^^^^^^^^^^^^^^^^^^^^^^^^^^
  File "/home/airflow/.local/lib/python3.12/site-packages/airflow/models/baseoperator.py", line 424, in wrapper
    return func(self, *args, **kwargs)
           ^^^^^^^^^^^^^^^^^^^^^^^^^^^
  File "/home/airflow/.local/lib/python3.12/site-packages/airflow/operators/bash.py", line 276, in execute
    raise AirflowException(
airflow.exceptions.AirflowException: Bash command failed. The command returned a non-zero exit code 2.
[2026-08-06T05:49:02.056+0000] {logging_mixin.py:190} INFO - Task instance in failure state
[2026-08-06T05:49:02.057+0000] {logging_mixin.py:190} INFO - Task start:2026-08-06 05:49:01.142218+00:00 end:2026-08-06 05:49:02.055826+00:00 duration:0.913608
[2026-08-06T05:49:02.059+0000] {logging_mixin.py:190} INFO - Task:<Task(BashOperator): download_data> dag:<DAG: taxi_pipeline> dagrun:<DagRun taxi_pipeline @ 2026-08-06 05:38:43.014786+00:00: manual__2026-08-06T05:38:43.014786+00:00, state:running, queued_at: 2026-08-06 05:38:43.061358+00:00. externally triggered: True>
[2026-08-06T05:49:02.060+0000] {logging_mixin.py:190} INFO - Failure caused by Bash command failed. The command returned a non-zero exit code 2.
[2026-08-06T05:49:02.061+0000] {taskinstance.py:1226} INFO - Marking task as FAILED. dag_id=taxi_pipeline, task_id=download_data, run_id=manual__2026-08-06T05:38:43.014786+00:00, execution_date=20260806T053843, start_date=20260806T054901, end_date=20260806T054902
[2026-08-06T05:49:02.120+0000] {taskinstance.py:341} INFO - ::group::Post task execution logs
[2026-08-06T05:49:02.121+0000] {standard_task_runner.py:124} ERROR - Failed to execute job 103 for task download_data (Bash command failed. The command returned a non-zero exit code 2.; 375)
Traceback (most recent call last):
  File "/home/airflow/.local/lib/python3.12/site-packages/airflow/task/task_runner/standard_task_runner.py", line 117, in _start_by_fork
    ret = args.func(args, dag=self.dag)
          ^^^^^^^^^^^^^^^^^^^^^^^^^^^^^
  File "/home/airflow/.local/lib/python3.12/site-packages/airflow/cli/cli_config.py", line 49, in command
    return func(*args, **kwargs)
           ^^^^^^^^^^^^^^^^^^^^^
  File "/home/airflow/.local/lib/python3.12/site-packages/airflow/utils/cli.py", line 116, in wrapper
    return f(*args, **kwargs)
           ^^^^^^^^^^^^^^^^^^
  File "/home/airflow/.local/lib/python3.12/site-packages/airflow/cli/commands/task_command.py", line 483, in task_run
    task_return_code = _run_task_by_selected_method(args, _dag, ti)
                       ^^^^^^^^^^^^^^^^^^^^^^^^^^^^^^^^^^^^^^^^^^^^
  File "/home/airflow/.local/lib/python3.12/site-packages/airflow/cli/commands/task_command.py", line 256, in _run_task_by_selected_method
    return _run_raw_task(args, ti)
           ^^^^^^^^^^^^^^^^^^^^^^^
  File "/home/airflow/.local/lib/python3.12/site-packages/airflow/cli/commands/task_command.py", line 341, in _run_raw_task
    return ti._run_raw_task(
           ^^^^^^^^^^^^^^^^^
  File "/home/airflow/.local/lib/python3.12/site-packages/airflow/utils/session.py", line 97, in wrapper
    return func(*args, session=session, **kwargs)
           ^^^^^^^^^^^^^^^^^^^^^^^^^^^^^^^^^^^^^^
  File "/home/airflow/.local/lib/python3.12/site-packages/airflow/models/taskinstance.py", line 3006, in _run_raw_task
    return _run_raw_task(
           ^^^^^^^^^^^^^^
  File "/home/airflow/.local/lib/python3.12/site-packages/airflow/models/taskinstance.py", line 274, in _run_raw_task
    TaskInstance._execute_task_with_callbacks(
  File "/home/airflow/.local/lib/python3.12/site-packages/airflow/models/taskinstance.py", line 3161, in _execute_task_with_callbacks
    result = self._execute_task(context, task_orig)
             ^^^^^^^^^^^^^^^^^^^^^^^^^^^^^^^^^^^^^^
  File "/home/airflow/.local/lib/python3.12/site-packages/airflow/models/taskinstance.py", line 3185, in _execute_task
    return _execute_task(self, context, task_orig)
           ^^^^^^^^^^^^^^^^^^^^^^^^^^^^^^^^^^^^^^^
  File "/home/airflow/.local/lib/python3.12/site-packages/airflow/models/taskinstance.py", line 768, in _execute_task
    result = _execute_callable(context=context, **execute_callable_kwargs)
             ^^^^^^^^^^^^^^^^^^^^^^^^^^^^^^^^^^^^^^^^^^^^^^^^^^^^^^^^^^^^^
  File "/home/airflow/.local/lib/python3.12/site-packages/airflow/models/taskinstance.py", line 734, in _execute_callable
    return ExecutionCallableRunner(
           ^^^^^^^^^^^^^^^^^^^^^^^^
  File "/home/airflow/.local/lib/python3.12/site-packages/airflow/utils/operator_helpers.py", line 252, in run
    return self.func(*args, **kwargs)
           ^^^^^^^^^^^^^^^^^^^^^^^^^^
  File "/home/airflow/.local/lib/python3.12/site-packages/airflow/models/baseoperator.py", line 424, in wrapper
    return func(self, *args, **kwargs)
           ^^^^^^^^^^^^^^^^^^^^^^^^^^^
  File "/home/airflow/.local/lib/python3.12/site-packages/airflow/operators/bash.py", line 276, in execute
    raise AirflowException(
airflow.exceptions.AirflowException: Bash command failed. The command returned a non-zero exit code 2.
[2026-08-06T05:49:02.174+0000] {local_task_job_runner.py:266} INFO - Task exited with return code 1
[2026-08-06T05:49:02.459+0000] {local_task_job_runner.py:245} INFO - ::endgroup::
