[2026-08-06T17:39:01.971+0000] {local_task_job_runner.py:123} INFO - ::group::Pre task execution logs
[2026-08-06T17:39:01.993+0000] {taskinstance.py:2614} INFO - Dependencies all met for dep_context=non-requeueable deps ti=<TaskInstance: taxi_pipeline.silver_to_gold manual__2026-08-06T17:37:48.004606+00:00 [queued]>
[2026-08-06T17:39:02.002+0000] {taskinstance.py:2614} INFO - Dependencies all met for dep_context=requeueable deps ti=<TaskInstance: taxi_pipeline.silver_to_gold manual__2026-08-06T17:37:48.004606+00:00 [queued]>
[2026-08-06T17:39:02.003+0000] {taskinstance.py:2867} INFO - Starting attempt 1 of 3
[2026-08-06T17:39:02.170+0000] {taskinstance.py:2890} INFO - Executing <Task(BashOperator): silver_to_gold> on 2026-08-06 17:37:48.004606+00:00
[2026-08-06T17:39:02.179+0000] {warnings.py:112} WARNING - /home/***/.local/lib/python3.12/site-packages/***/task/task_runner/standard_task_runner.py:70: DeprecationWarning: This process (pid=119) is multi-threaded, use of fork() may lead to deadlocks in the child.
  pid = os.fork()

[2026-08-06T17:39:02.181+0000] {standard_task_runner.py:72} INFO - Started process 121 to run task
[2026-08-06T17:39:02.181+0000] {standard_task_runner.py:104} INFO - Running: ['***', 'tasks', 'run', 'taxi_pipeline', 'silver_to_gold', 'manual__2026-08-06T17:37:48.004606+00:00', '--job-id', '337', '--raw', '--subdir', 'DAGS_FOLDER/taxi_pipeline_dag.py', '--cfg-path', '/tmp/tmppz1h0txz']
[2026-08-06T17:39:02.183+0000] {standard_task_runner.py:105} INFO - Job 337: Subtask silver_to_gold
[2026-08-06T17:39:02.231+0000] {task_command.py:467} INFO - Running <TaskInstance: taxi_pipeline.silver_to_gold manual__2026-08-06T17:37:48.004606+00:00 [running]> on host 30beeb09e17c
[2026-08-06T17:39:02.301+0000] {taskinstance.py:3134} INFO - Exporting env vars: AIRFLOW_CTX_DAG_OWNER='***' AIRFLOW_CTX_DAG_ID='taxi_pipeline' AIRFLOW_CTX_TASK_ID='silver_to_gold' AIRFLOW_CTX_EXECUTION_DATE='2026-08-06T17:37:48.004606+00:00' AIRFLOW_CTX_TRY_NUMBER='1' AIRFLOW_CTX_DAG_RUN_ID='manual__2026-08-06T17:37:48.004606+00:00'
[2026-08-06T17:39:02.304+0000] {logging_mixin.py:190} INFO - Task instance is in running state
[2026-08-06T17:39:02.305+0000] {logging_mixin.py:190} INFO -  Previous state of the Task instance: queued
[2026-08-06T17:39:02.306+0000] {logging_mixin.py:190} INFO - Current task name:silver_to_gold state:running start_date:2026-08-06 17:39:01.994640+00:00
[2026-08-06T17:39:02.307+0000] {logging_mixin.py:190} INFO - Dag name:taxi_pipeline and current dag run status:running
[2026-08-06T17:39:02.308+0000] {taskinstance.py:732} INFO - ::endgroup::
[2026-08-06T17:39:02.309+0000] {subprocess.py:78} INFO - Tmp dir root location: /tmp
[2026-08-06T17:39:02.311+0000] {subprocess.py:88} INFO - Running command: ['/usr/bin/bash', '-c', '\n        docker exec spark         spark-submit /opt/project/transform/silver_to_gold.py\n        ']
[2026-08-06T17:39:02.324+0000] {subprocess.py:99} INFO - Output:
[2026-08-06T17:39:02.719+0000] {subprocess.py:106} INFO - WARNING: Using incubator modules: jdk.incubator.vector
[2026-08-06T17:39:04.963+0000] {subprocess.py:106} INFO - Using Spark's default log4j profile: org/apache/spark/log4j2-defaults.properties
[2026-08-06T17:39:04.975+0000] {subprocess.py:106} INFO - 26/08/06 17:39:04 INFO SparkContext: Running Spark version 4.0.0
[2026-08-06T17:39:04.979+0000] {subprocess.py:106} INFO - 26/08/06 17:39:04 INFO SparkContext: OS info Linux, 5.15.167.4-microsoft-standard-WSL2, amd64
[2026-08-06T17:39:04.980+0000] {subprocess.py:106} INFO - 26/08/06 17:39:04 INFO SparkContext: Java version 17.0.15
[2026-08-06T17:39:05.070+0000] {subprocess.py:106} INFO - 26/08/06 17:39:05 WARN NativeCodeLoader: Unable to load native-hadoop library for your platform... using builtin-java classes where applicable
[2026-08-06T17:39:05.118+0000] {subprocess.py:106} INFO - 26/08/06 17:39:05 INFO ResourceUtils: ==============================================================
[2026-08-06T17:39:05.119+0000] {subprocess.py:106} INFO - 26/08/06 17:39:05 INFO ResourceUtils: No custom resources configured for spark.driver.
[2026-08-06T17:39:05.120+0000] {subprocess.py:106} INFO - 26/08/06 17:39:05 INFO ResourceUtils: ==============================================================
[2026-08-06T17:39:05.121+0000] {subprocess.py:106} INFO - 26/08/06 17:39:05 INFO SparkContext: Submitted application: SilverToGold
[2026-08-06T17:39:05.143+0000] {subprocess.py:106} INFO - 26/08/06 17:39:05 INFO ResourceProfile: Default ResourceProfile created, executor resources: Map(cores -> name: cores, amount: 1, script: , vendor: , memory -> name: memory, amount: 1024, script: , vendor: , offHeap -> name: offHeap, amount: 0, script: , vendor: ), task resources: Map(cpus -> name: cpus, amount: 1.0)
[2026-08-06T17:39:05.145+0000] {subprocess.py:106} INFO - 26/08/06 17:39:05 INFO ResourceProfile: Limiting resource is cpu
[2026-08-06T17:39:05.146+0000] {subprocess.py:106} INFO - 26/08/06 17:39:05 INFO ResourceProfileManager: Added ResourceProfile id: 0
[2026-08-06T17:39:05.195+0000] {subprocess.py:106} INFO - 26/08/06 17:39:05 INFO SecurityManager: Changing view acls to: spark
[2026-08-06T17:39:05.196+0000] {subprocess.py:106} INFO - 26/08/06 17:39:05 INFO SecurityManager: Changing modify acls to: spark
[2026-08-06T17:39:05.197+0000] {subprocess.py:106} INFO - 26/08/06 17:39:05 INFO SecurityManager: Changing view acls groups to: spark
[2026-08-06T17:39:05.198+0000] {subprocess.py:106} INFO - 26/08/06 17:39:05 INFO SecurityManager: Changing modify acls groups to: spark
[2026-08-06T17:39:05.199+0000] {subprocess.py:106} INFO - 26/08/06 17:39:05 INFO SecurityManager: SecurityManager: authentication disabled; ui acls disabled; users with view permissions: spark groups with view permissions: EMPTY; users with modify permissions: spark; groups with modify permissions: EMPTY; RPC SSL disabled
[2026-08-06T17:39:05.476+0000] {subprocess.py:106} INFO - 26/08/06 17:39:05 INFO Utils: Successfully started service 'sparkDriver' on port 34459.
[2026-08-06T17:39:05.515+0000] {subprocess.py:106} INFO - 26/08/06 17:39:05 INFO SparkEnv: Registering MapOutputTracker
[2026-08-06T17:39:05.528+0000] {subprocess.py:106} INFO - 26/08/06 17:39:05 INFO SparkEnv: Registering BlockManagerMaster
[2026-08-06T17:39:05.548+0000] {subprocess.py:106} INFO - 26/08/06 17:39:05 INFO BlockManagerMasterEndpoint: Using org.apache.spark.storage.DefaultTopologyMapper for getting topology information
[2026-08-06T17:39:05.549+0000] {subprocess.py:106} INFO - 26/08/06 17:39:05 INFO BlockManagerMasterEndpoint: BlockManagerMasterEndpoint up
[2026-08-06T17:39:05.554+0000] {subprocess.py:106} INFO - 26/08/06 17:39:05 INFO SparkEnv: Registering BlockManagerMasterHeartbeat
[2026-08-06T17:39:05.580+0000] {subprocess.py:106} INFO - 26/08/06 17:39:05 INFO DiskBlockManager: Created local directory at /tmp/blockmgr-02d36b29-c765-41ca-9a4c-549f218b221c
[2026-08-06T17:39:05.615+0000] {subprocess.py:106} INFO - 26/08/06 17:39:05 INFO SparkEnv: Registering OutputCommitCoordinator
[2026-08-06T17:39:05.755+0000] {subprocess.py:106} INFO - 26/08/06 17:39:05 INFO JettyUtils: Start Jetty 0.0.0.0:4040 for SparkUI
[2026-08-06T17:39:05.851+0000] {subprocess.py:106} INFO - 26/08/06 17:39:05 INFO Utils: Successfully started service 'SparkUI' on port 4040.
[2026-08-06T17:39:05.909+0000] {subprocess.py:106} INFO - 26/08/06 17:39:05 INFO SecurityManager: Changing view acls to: spark
[2026-08-06T17:39:05.910+0000] {subprocess.py:106} INFO - 26/08/06 17:39:05 INFO SecurityManager: Changing modify acls to: spark
[2026-08-06T17:39:05.911+0000] {subprocess.py:106} INFO - 26/08/06 17:39:05 INFO SecurityManager: Changing view acls groups to: spark
[2026-08-06T17:39:05.912+0000] {subprocess.py:106} INFO - 26/08/06 17:39:05 INFO SecurityManager: Changing modify acls groups to: spark
[2026-08-06T17:39:05.913+0000] {subprocess.py:106} INFO - 26/08/06 17:39:05 INFO SecurityManager: SecurityManager: authentication disabled; ui acls disabled; users with view permissions: spark groups with view permissions: EMPTY; users with modify permissions: spark; groups with modify permissions: EMPTY; RPC SSL disabled
[2026-08-06T17:39:06.063+0000] {subprocess.py:106} INFO - 26/08/06 17:39:06 INFO Executor: Starting executor ID driver on host 71a658fff4e1
[2026-08-06T17:39:06.065+0000] {subprocess.py:106} INFO - 26/08/06 17:39:06 INFO Executor: OS info Linux, 5.15.167.4-microsoft-standard-WSL2, amd64
[2026-08-06T17:39:06.065+0000] {subprocess.py:106} INFO - 26/08/06 17:39:06 INFO Executor: Java version 17.0.15
[2026-08-06T17:39:06.077+0000] {subprocess.py:106} INFO - 26/08/06 17:39:06 INFO Executor: Starting executor with user classpath (userClassPathFirst = false): ''
[2026-08-06T17:39:06.080+0000] {subprocess.py:106} INFO - 26/08/06 17:39:06 INFO Executor: Created or updated repl class loader org.apache.spark.util.MutableURLClassLoader@30158e49 for default.
[2026-08-06T17:39:06.108+0000] {subprocess.py:106} INFO - 26/08/06 17:39:06 INFO Utils: Successfully started service 'org.apache.spark.network.netty.NettyBlockTransferService' on port 38665.
[2026-08-06T17:39:06.117+0000] {subprocess.py:106} INFO - 26/08/06 17:39:06 INFO NettyBlockTransferService: Server created on 71a658fff4e1:38665
[2026-08-06T17:39:06.119+0000] {subprocess.py:106} INFO - 26/08/06 17:39:06 INFO BlockManager: Using org.apache.spark.storage.RandomBlockReplicationPolicy for block replication policy
[2026-08-06T17:39:06.138+0000] {subprocess.py:106} INFO - 26/08/06 17:39:06 INFO BlockManagerMaster: Registering BlockManager BlockManagerId(driver, 71a658fff4e1, 38665, None)
[2026-08-06T17:39:06.145+0000] {subprocess.py:106} INFO - 26/08/06 17:39:06 INFO BlockManagerMasterEndpoint: Registering block manager 71a658fff4e1:38665 with 434.4 MiB RAM, BlockManagerId(driver, 71a658fff4e1, 38665, None)
[2026-08-06T17:39:06.148+0000] {subprocess.py:106} INFO - 26/08/06 17:39:06 INFO BlockManagerMaster: Registered BlockManager BlockManagerId(driver, 71a658fff4e1, 38665, None)
[2026-08-06T17:39:06.150+0000] {subprocess.py:106} INFO - 26/08/06 17:39:06 INFO BlockManager: Initialized BlockManager: BlockManagerId(driver, 71a658fff4e1, 38665, None)
[2026-08-06T17:39:08.711+0000] {subprocess.py:106} INFO - Starting Silver to Gold transformation...
[2026-08-06T17:39:11.642+0000] {subprocess.py:106} INFO - Silver schema:
[2026-08-06T17:39:11.657+0000] {subprocess.py:106} INFO - root
[2026-08-06T17:39:11.658+0000] {subprocess.py:106} INFO -  |-- vendor_id: integer (nullable = true)
[2026-08-06T17:39:11.659+0000] {subprocess.py:106} INFO -  |-- pickup_datetime: timestamp_ntz (nullable = true)
[2026-08-06T17:39:11.659+0000] {subprocess.py:106} INFO -  |-- dropoff_datetime: timestamp_ntz (nullable = true)
[2026-08-06T17:39:11.660+0000] {subprocess.py:106} INFO -  |-- passenger_count: integer (nullable = true)
[2026-08-06T17:39:11.661+0000] {subprocess.py:106} INFO -  |-- trip_distance: double (nullable = true)
[2026-08-06T17:39:11.661+0000] {subprocess.py:106} INFO -  |-- rate_code_id: integer (nullable = true)
[2026-08-06T17:39:11.662+0000] {subprocess.py:106} INFO -  |-- store_and_fwd_flag: string (nullable = true)
[2026-08-06T17:39:11.663+0000] {subprocess.py:106} INFO -  |-- pickup_location_id: integer (nullable = true)
[2026-08-06T17:39:11.664+0000] {subprocess.py:106} INFO -  |-- dropoff_location_id: integer (nullable = true)
[2026-08-06T17:39:11.664+0000] {subprocess.py:106} INFO -  |-- payment_type: integer (nullable = true)
[2026-08-06T17:39:11.665+0000] {subprocess.py:106} INFO -  |-- fare_amount: double (nullable = true)
[2026-08-06T17:39:11.665+0000] {subprocess.py:106} INFO -  |-- extra: double (nullable = true)
[2026-08-06T17:39:11.666+0000] {subprocess.py:106} INFO -  |-- mta_tax: double (nullable = true)
[2026-08-06T17:39:11.666+0000] {subprocess.py:106} INFO -  |-- tip_amount: double (nullable = true)
[2026-08-06T17:39:11.667+0000] {subprocess.py:106} INFO -  |-- tolls_amount: double (nullable = true)
[2026-08-06T17:39:11.667+0000] {subprocess.py:106} INFO -  |-- improvement_surcharge: double (nullable = true)
[2026-08-06T17:39:11.668+0000] {subprocess.py:106} INFO -  |-- total_amount: double (nullable = true)
[2026-08-06T17:39:11.668+0000] {subprocess.py:106} INFO -  |-- congestion_surcharge: double (nullable = true)
[2026-08-06T17:39:11.669+0000] {subprocess.py:106} INFO -  |-- airport_fee: double (nullable = true)
[2026-08-06T17:39:11.670+0000] {subprocess.py:106} INFO -  |-- cbd_congestion_fee: double (nullable = true)
[2026-08-06T17:39:11.670+0000] {subprocess.py:106} INFO -  |-- trip_duration_minutes: double (nullable = true)
[2026-08-06T17:39:11.671+0000] {subprocess.py:106} INFO -  |-- average_speed_mph: double (nullable = true)
[2026-08-06T17:39:11.672+0000] {subprocess.py:106} INFO -  |-- pickup_hour: integer (nullable = true)
[2026-08-06T17:39:11.672+0000] {subprocess.py:106} INFO -  |-- pickup_day_of_week: integer (nullable = true)
[2026-08-06T17:39:11.673+0000] {subprocess.py:106} INFO -  |-- is_weekend: boolean (nullable = true)
[2026-08-06T17:39:11.673+0000] {subprocess.py:106} INFO -  |-- trip_distance_category: string (nullable = true)
[2026-08-06T17:39:11.674+0000] {subprocess.py:106} INFO - 
[2026-08-06T17:39:12.095+0000] {subprocess.py:106} INFO - Daily Summary
[2026-08-06T17:39:17.320+0000] {subprocess.py:106} INFO - +----------+-----------+-----------------+-------------------------+---------------+--------------+-------------+-------------+----+-----+
[2026-08-06T17:39:17.321+0000] {subprocess.py:106} INFO - |      date|total_trips|avg_trip_distance|avg_trip_duration_minutes|avg_fare_amount|avg_tip_amount|total_revenue|avg_speed_mph|year|month|
[2026-08-06T17:39:17.322+0000] {subprocess.py:106} INFO - +----------+-----------+-----------------+-------------------------+---------------+--------------+-------------+-------------+----+-----+
[2026-08-06T17:39:17.323+0000] {subprocess.py:106} INFO - |2025-07-15|     133444|             9.06|                     17.8|          18.87|          3.08|   3714836.24|        29.27|2025|   07|
[2026-08-06T17:39:17.324+0000] {subprocess.py:106} INFO - |2025-07-21|     111317|             5.95|                     17.3|          19.17|          2.95|   3111276.65|        19.34|2025|   07|
[2026-08-06T17:39:17.324+0000] {subprocess.py:106} INFO - |2025-07-16|     144325|             6.04|                    17.39|          18.19|          2.89|    3871094.1|        18.77|2025|   07|
[2026-08-06T17:39:17.325+0000] {subprocess.py:106} INFO - |2025-07-06|      96065|             5.74|                    16.52|          20.31|          2.78|   2734715.97|        16.81|2025|   07|
[2026-08-06T17:39:17.326+0000] {subprocess.py:106} INFO - |2025-07-08|     131924|             4.66|                    16.63|          18.04|           2.8|   3503595.53|         15.0|2025|   07|
[2026-08-06T17:39:17.327+0000] {subprocess.py:106} INFO - +----------+-----------+-----------------+-------------------------+---------------+--------------+-------------+-------------+----+-----+
[2026-08-06T17:39:17.328+0000] {subprocess.py:106} INFO - only showing top 5 rows
[2026-08-06T17:39:17.407+0000] {subprocess.py:106} INFO - Hourly Demand
[2026-08-06T17:39:18.960+0000] {subprocess.py:106} INFO - +-----------+----------+-----------+--------+------------+------------+
[2026-08-06T17:39:18.961+0000] {subprocess.py:106} INFO - |pickup_hour|is_weekend|total_trips|avg_fare|avg_distance|avg_duration|
[2026-08-06T17:39:18.963+0000] {subprocess.py:106} INFO - +-----------+----------+-----------+--------+------------+------------+
[2026-08-06T17:39:18.964+0000] {subprocess.py:106} INFO - |         17|      true|      58401|   19.06|        6.42|       17.53|
[2026-08-06T17:39:18.965+0000] {subprocess.py:106} INFO - |          1|     false|      36280|   21.94|         6.4|       15.04|
[2026-08-06T17:39:18.970+0000] {subprocess.py:106} INFO - |          6|      true|      10541|   21.58|        10.7|       14.61|
[2026-08-06T17:39:18.973+0000] {subprocess.py:106} INFO - |          3|      true|      23410|   17.78|       10.03|        13.8|
[2026-08-06T17:39:18.974+0000] {subprocess.py:106} INFO - |         18|      true|      59688|   18.48|        5.52|        16.9|
[2026-08-06T17:39:18.976+0000] {subprocess.py:106} INFO - +-----------+----------+-----------+--------+------------+------------+
[2026-08-06T17:39:18.978+0000] {subprocess.py:106} INFO - only showing top 5 rows
[2026-08-06T17:39:19.063+0000] {subprocess.py:106} INFO - Location Metrics
[2026-08-06T17:39:20.544+0000] {subprocess.py:106} INFO - +------------------+-----------+-------------+--------+--------------+-----------------+
[2026-08-06T17:39:20.545+0000] {subprocess.py:106} INFO - |pickup_location_id|total_trips|total_revenue|avg_fare|avg_tip_amount|avg_trip_distance|
[2026-08-06T17:39:20.546+0000] {subprocess.py:106} INFO - +------------------+-----------+-------------+--------+--------------+-----------------+
[2026-08-06T17:39:20.547+0000] {subprocess.py:106} INFO - |               148|      48620|   1186097.98|   16.95|          1.94|             3.62|
[2026-08-06T17:39:20.548+0000] {subprocess.py:106} INFO - |               243|       4121|    117527.27|    23.7|          0.42|             6.43|
[2026-08-06T17:39:20.549+0000] {subprocess.py:106} INFO - |                31|        131|      4531.79|   28.77|          1.21|             6.75|
[2026-08-06T17:39:20.550+0000] {subprocess.py:106} INFO - |               137|      43579|     957849.4|   14.58|          1.82|            12.31|
[2026-08-06T17:39:20.551+0000] {subprocess.py:106} INFO - |                85|       1961|      55033.6|   25.19|           0.1|              5.3|
[2026-08-06T17:39:20.553+0000] {subprocess.py:106} INFO - +------------------+-----------+-------------+--------+--------------+-----------------+
[2026-08-06T17:39:20.555+0000] {subprocess.py:106} INFO - only showing top 5 rows
[2026-08-06T17:39:30.077+0000] {subprocess.py:106} INFO - Gold tables created successfully!
[2026-08-06T17:39:30.081+0000] {subprocess.py:106} INFO - Finished Gold table creation.
[2026-08-06T17:39:30.456+0000] {subprocess.py:110} INFO - Command exited with return code 0
[2026-08-06T17:39:30.477+0000] {taskinstance.py:341} INFO - ::group::Post task execution logs
[2026-08-06T17:39:30.478+0000] {taskinstance.py:353} INFO - Marking task as SUCCESS. dag_id=taxi_pipeline, task_id=silver_to_gold, run_id=manual__2026-08-06T17:37:48.004606+00:00, execution_date=20260806T173748, start_date=20260806T173901, end_date=20260806T173930
[2026-08-06T17:39:30.502+0000] {logging_mixin.py:190} INFO - Task instance in success state
[2026-08-06T17:39:30.502+0000] {logging_mixin.py:190} INFO -  Previous state of the Task instance: running
[2026-08-06T17:39:30.503+0000] {logging_mixin.py:190} INFO - Dag name:taxi_pipeline queued_at:2026-08-06 17:37:48.020496+00:00
[2026-08-06T17:39:30.504+0000] {logging_mixin.py:190} INFO - Task hostname:30beeb09e17c operator:BashOperator
[2026-08-06T17:39:30.537+0000] {local_task_job_runner.py:266} INFO - Task exited with return code 0
[2026-08-06T17:39:30.558+0000] {taskinstance.py:3901} INFO - 1 downstream tasks scheduled from follow-on schedule check
[2026-08-06T17:39:30.562+0000] {local_task_job_runner.py:245} INFO - ::endgroup::
