[2026-08-06T17:07:44.648+0000] {local_task_job_runner.py:123} INFO - ::group::Pre task execution logs
[2026-08-06T17:07:44.666+0000] {taskinstance.py:2614} INFO - Dependencies all met for dep_context=non-requeueable deps ti=<TaskInstance: taxi_pipeline.upload_to_bronze manual__2026-08-06T17:06:34.820630+00:00 [queued]>
[2026-08-06T17:07:44.675+0000] {taskinstance.py:2614} INFO - Dependencies all met for dep_context=requeueable deps ti=<TaskInstance: taxi_pipeline.upload_to_bronze manual__2026-08-06T17:06:34.820630+00:00 [queued]>
[2026-08-06T17:07:44.677+0000] {taskinstance.py:2867} INFO - Starting attempt 1 of 3
[2026-08-06T17:07:44.831+0000] {taskinstance.py:2890} INFO - Executing <Task(BashOperator): upload_to_bronze> on 2026-08-06 17:06:34.820630+00:00
[2026-08-06T17:07:44.839+0000] {warnings.py:112} WARNING - /home/***/.local/lib/python3.12/site-packages/***/task/task_runner/standard_task_runner.py:70: DeprecationWarning: This process (pid=107) is multi-threaded, use of fork() may lead to deadlocks in the child.
  pid = os.fork()

[2026-08-06T17:07:44.841+0000] {standard_task_runner.py:72} INFO - Started process 109 to run task
[2026-08-06T17:07:44.841+0000] {standard_task_runner.py:104} INFO - Running: ['***', 'tasks', 'run', 'taxi_pipeline', 'upload_to_bronze', 'manual__2026-08-06T17:06:34.820630+00:00', '--job-id', '303', '--raw', '--subdir', 'DAGS_FOLDER/taxi_pipeline_dag.py', '--cfg-path', '/tmp/tmp4uw1cprr']
[2026-08-06T17:07:44.842+0000] {standard_task_runner.py:105} INFO - Job 303: Subtask upload_to_bronze
[2026-08-06T17:07:44.890+0000] {task_command.py:467} INFO - Running <TaskInstance: taxi_pipeline.upload_to_bronze manual__2026-08-06T17:06:34.820630+00:00 [running]> on host 7f6200aff2a1
[2026-08-06T17:07:44.959+0000] {taskinstance.py:3134} INFO - Exporting env vars: AIRFLOW_CTX_DAG_OWNER='***' AIRFLOW_CTX_DAG_ID='taxi_pipeline' AIRFLOW_CTX_TASK_ID='upload_to_bronze' AIRFLOW_CTX_EXECUTION_DATE='2026-08-06T17:06:34.820630+00:00' AIRFLOW_CTX_TRY_NUMBER='1' AIRFLOW_CTX_DAG_RUN_ID='manual__2026-08-06T17:06:34.820630+00:00'
[2026-08-06T17:07:44.961+0000] {logging_mixin.py:190} INFO - Task instance is in running state
[2026-08-06T17:07:44.961+0000] {logging_mixin.py:190} INFO -  Previous state of the Task instance: queued
[2026-08-06T17:07:44.962+0000] {logging_mixin.py:190} INFO - Current task name:upload_to_bronze state:running start_date:2026-08-06 17:07:44.668062+00:00
[2026-08-06T17:07:44.962+0000] {logging_mixin.py:190} INFO - Dag name:taxi_pipeline and current dag run status:running
[2026-08-06T17:07:44.963+0000] {taskinstance.py:732} INFO - ::endgroup::
[2026-08-06T17:07:44.964+0000] {subprocess.py:78} INFO - Tmp dir root location: /tmp
[2026-08-06T17:07:44.965+0000] {subprocess.py:88} INFO - Running command: ['/usr/bin/bash', '-c', 'python /opt/project/ingestion/upload_to_s3.py']
[2026-08-06T17:07:44.977+0000] {subprocess.py:99} INFO - Output:
[2026-08-06T17:07:45.854+0000] {subprocess.py:106} INFO - 2026-08-06 17:07:45,854 - INFO - Uploading NYC Taxi data...
[2026-08-06T17:07:45.855+0000] {subprocess.py:106} INFO - 2026-08-06 17:07:45,854 - ERROR - File does not exist
[2026-08-06T17:07:45.856+0000] {subprocess.py:106} INFO - Starting Bronze upload...
[2026-08-06T17:07:45.856+0000] {subprocess.py:106} INFO - Finished Bronze upload successfully.
[2026-08-06T17:07:45.955+0000] {subprocess.py:110} INFO - Command exited with return code 0
[2026-08-06T17:07:45.978+0000] {taskinstance.py:341} INFO - ::group::Post task execution logs
[2026-08-06T17:07:45.979+0000] {taskinstance.py:353} INFO - Marking task as SUCCESS. dag_id=taxi_pipeline, task_id=upload_to_bronze, run_id=manual__2026-08-06T17:06:34.820630+00:00, execution_date=20260806T170634, start_date=20260806T170744, end_date=20260806T170745
[2026-08-06T17:07:46.001+0000] {logging_mixin.py:190} INFO - Task instance in success state
[2026-08-06T17:07:46.001+0000] {logging_mixin.py:190} INFO -  Previous state of the Task instance: running
[2026-08-06T17:07:46.002+0000] {logging_mixin.py:190} INFO - Dag name:taxi_pipeline queued_at:2026-08-06 17:06:34.839635+00:00
[2026-08-06T17:07:46.003+0000] {logging_mixin.py:190} INFO - Task hostname:7f6200aff2a1 operator:BashOperator
[2026-08-06T17:07:46.021+0000] {local_task_job_runner.py:266} INFO - Task exited with return code 0
[2026-08-06T17:07:46.047+0000] {taskinstance.py:3901} INFO - 1 downstream tasks scheduled from follow-on schedule check
[2026-08-06T17:07:46.050+0000] {local_task_job_runner.py:245} INFO - ::endgroup::
