[2026-08-06T15:36:59.018+0000] {local_task_job_runner.py:123} INFO - ::group::Pre task execution logs
[2026-08-06T15:36:59.086+0000] {taskinstance.py:2614} INFO - Dependencies all met for dep_context=non-requeueable deps ti=<TaskInstance: taxi_pipeline.upload_to_bronze manual__2026-08-06T05:53:38.430780+00:00 [queued]>
[2026-08-06T15:36:59.117+0000] {taskinstance.py:2614} INFO - Dependencies all met for dep_context=requeueable deps ti=<TaskInstance: taxi_pipeline.upload_to_bronze manual__2026-08-06T05:53:38.430780+00:00 [queued]>
[2026-08-06T15:36:59.148+0000] {taskinstance.py:2867} INFO - Starting attempt 3 of 5
[2026-08-06T15:36:59.559+0000] {taskinstance.py:2890} INFO - Executing <Task(BashOperator): upload_to_bronze> on 2026-08-06 05:53:38.430780+00:00
[2026-08-06T15:36:59.584+0000] {warnings.py:112} WARNING - /home/***/.local/lib/python3.12/site-packages/***/task/task_runner/standard_task_runner.py:70: DeprecationWarning: This process (pid=194) is multi-threaded, use of fork() may lead to deadlocks in the child.
  pid = os.fork()

[2026-08-06T15:36:59.588+0000] {standard_task_runner.py:72} INFO - Started process 196 to run task
[2026-08-06T15:36:59.592+0000] {standard_task_runner.py:104} INFO - Running: ['***', 'tasks', 'run', 'taxi_pipeline', 'upload_to_bronze', 'manual__2026-08-06T05:53:38.430780+00:00', '--job-id', '204', '--raw', '--subdir', 'DAGS_FOLDER/taxi_pipeline_dag.py', '--cfg-path', '/tmp/tmpoef3m0bz']
[2026-08-06T15:36:59.597+0000] {standard_task_runner.py:105} INFO - Job 204: Subtask upload_to_bronze
[2026-08-06T15:36:59.731+0000] {task_command.py:467} INFO - Running <TaskInstance: taxi_pipeline.upload_to_bronze manual__2026-08-06T05:53:38.430780+00:00 [running]> on host b456c799bc18
[2026-08-06T15:36:59.972+0000] {taskinstance.py:3134} INFO - Exporting env vars: AIRFLOW_CTX_DAG_OWNER='***' AIRFLOW_CTX_DAG_ID='taxi_pipeline' AIRFLOW_CTX_TASK_ID='upload_to_bronze' AIRFLOW_CTX_EXECUTION_DATE='2026-08-06T05:53:38.430780+00:00' AIRFLOW_CTX_TRY_NUMBER='3' AIRFLOW_CTX_DAG_RUN_ID='manual__2026-08-06T05:53:38.430780+00:00'
[2026-08-06T15:36:59.977+0000] {logging_mixin.py:190} INFO - Task instance is in running state
[2026-08-06T15:36:59.979+0000] {logging_mixin.py:190} INFO -  Previous state of the Task instance: queued
[2026-08-06T15:36:59.981+0000] {logging_mixin.py:190} INFO - Current task name:upload_to_bronze state:running start_date:2026-08-06 15:36:59.088397+00:00
[2026-08-06T15:36:59.983+0000] {logging_mixin.py:190} INFO - Dag name:taxi_pipeline and current dag run status:running
[2026-08-06T15:36:59.985+0000] {taskinstance.py:732} INFO - ::endgroup::
[2026-08-06T15:36:59.988+0000] {subprocess.py:78} INFO - Tmp dir root location: /tmp
[2026-08-06T15:36:59.991+0000] {subprocess.py:88} INFO - Running command: ['/usr/bin/bash', '-c', 'python /opt/project/ingestion/upload_to_s3.py']
[2026-08-06T15:37:00.046+0000] {subprocess.py:99} INFO - Output:
[2026-08-06T15:37:03.172+0000] {subprocess.py:106} INFO - 2026-08-06 15:37:03,172 - INFO - Uploading NYC Taxi data...
[2026-08-06T15:37:03.174+0000] {subprocess.py:106} INFO - 2026-08-06 15:37:03,172 - ERROR - File does not exist
[2026-08-06T15:37:03.177+0000] {subprocess.py:106} INFO - Starting Bronze upload...
[2026-08-06T15:37:03.183+0000] {subprocess.py:106} INFO - Finished Bronze upload successfully.
[2026-08-06T15:37:03.523+0000] {subprocess.py:110} INFO - Command exited with return code 0
[2026-08-06T15:37:03.607+0000] {taskinstance.py:341} INFO - ::group::Post task execution logs
[2026-08-06T15:37:03.609+0000] {taskinstance.py:353} INFO - Marking task as SUCCESS. dag_id=taxi_pipeline, task_id=upload_to_bronze, run_id=manual__2026-08-06T05:53:38.430780+00:00, execution_date=20260806T055338, start_date=20260806T153659, end_date=20260806T153703
[2026-08-06T15:37:03.686+0000] {logging_mixin.py:190} INFO - Task instance in success state
[2026-08-06T15:37:03.687+0000] {logging_mixin.py:190} INFO -  Previous state of the Task instance: running
[2026-08-06T15:37:03.689+0000] {logging_mixin.py:190} INFO - Dag name:taxi_pipeline queued_at:2026-08-06 06:18:59.611285+00:00
[2026-08-06T15:37:03.691+0000] {logging_mixin.py:190} INFO - Task hostname:b456c799bc18 operator:BashOperator
[2026-08-06T15:37:03.728+0000] {local_task_job_runner.py:266} INFO - Task exited with return code 0
[2026-08-06T15:37:03.804+0000] {taskinstance.py:3901} INFO - 1 downstream tasks scheduled from follow-on schedule check
[2026-08-06T15:37:03.810+0000] {local_task_job_runner.py:245} INFO - ::endgroup::
