[2026-08-06T16:51:57.458+0000] {local_task_job_runner.py:123} INFO - ::group::Pre task execution logs
[2026-08-06T16:51:57.481+0000] {taskinstance.py:2614} INFO - Dependencies all met for dep_context=non-requeueable deps ti=<TaskInstance: taxi_pipeline.load_to_snowflake manual__2026-08-06T16:49:58.668082+00:00 [queued]>
[2026-08-06T16:51:57.492+0000] {taskinstance.py:2614} INFO - Dependencies all met for dep_context=requeueable deps ti=<TaskInstance: taxi_pipeline.load_to_snowflake manual__2026-08-06T16:49:58.668082+00:00 [queued]>
[2026-08-06T16:51:57.493+0000] {taskinstance.py:2867} INFO - Starting attempt 1 of 4
[2026-08-06T16:51:57.670+0000] {taskinstance.py:2890} INFO - Executing <Task(BashOperator): load_to_snowflake> on 2026-08-06 16:49:58.668082+00:00
[2026-08-06T16:51:57.681+0000] {warnings.py:112} WARNING - /home/***/.local/lib/python3.12/site-packages/***/task/task_runner/standard_task_runner.py:70: DeprecationWarning: This process (pid=170) is multi-threaded, use of fork() may lead to deadlocks in the child.
  pid = os.fork()

[2026-08-06T16:51:57.683+0000] {standard_task_runner.py:72} INFO - Started process 172 to run task
[2026-08-06T16:51:57.683+0000] {standard_task_runner.py:104} INFO - Running: ['***', 'tasks', 'run', 'taxi_pipeline', 'load_to_snowflake', 'manual__2026-08-06T16:49:58.668082+00:00', '--job-id', '291', '--raw', '--subdir', 'DAGS_FOLDER/taxi_pipeline_dag.py', '--cfg-path', '/tmp/tmp6a7s4nrj']
[2026-08-06T16:51:57.684+0000] {standard_task_runner.py:105} INFO - Job 291: Subtask load_to_snowflake
[2026-08-06T16:51:57.730+0000] {task_command.py:467} INFO - Running <TaskInstance: taxi_pipeline.load_to_snowflake manual__2026-08-06T16:49:58.668082+00:00 [running]> on host 83f263088631
[2026-08-06T16:51:57.807+0000] {taskinstance.py:3134} INFO - Exporting env vars: AIRFLOW_CTX_DAG_OWNER='***' AIRFLOW_CTX_DAG_ID='taxi_pipeline' AIRFLOW_CTX_TASK_ID='load_to_snowflake' AIRFLOW_CTX_EXECUTION_DATE='2026-08-06T16:49:58.668082+00:00' AIRFLOW_CTX_TRY_NUMBER='1' AIRFLOW_CTX_DAG_RUN_ID='manual__2026-08-06T16:49:58.668082+00:00'
[2026-08-06T16:51:57.809+0000] {logging_mixin.py:190} INFO - Task instance is in running state
[2026-08-06T16:51:57.810+0000] {logging_mixin.py:190} INFO -  Previous state of the Task instance: queued
[2026-08-06T16:51:57.811+0000] {logging_mixin.py:190} INFO - Current task name:load_to_snowflake state:running start_date:2026-08-06 16:51:57.482404+00:00
[2026-08-06T16:51:57.812+0000] {logging_mixin.py:190} INFO - Dag name:taxi_pipeline and current dag run status:running
[2026-08-06T16:51:57.812+0000] {taskinstance.py:732} INFO - ::endgroup::
[2026-08-06T16:51:57.813+0000] {subprocess.py:78} INFO - Tmp dir root location: /tmp
[2026-08-06T16:51:57.815+0000] {subprocess.py:88} INFO - Running command: ['/usr/bin/bash', '-c', 'python /opt/project/snowflake/load_gold.py']
[2026-08-06T16:51:57.831+0000] {subprocess.py:99} INFO - Output:
[2026-08-06T16:52:00.544+0000] {subprocess.py:106} INFO - Traceback (most recent call last):
[2026-08-06T16:52:00.545+0000] {subprocess.py:106} INFO -   File "/home/***/.local/lib/python3.12/site-packages/snowflake/connector/vendored/urllib3/connection.py", line 174, in _new_conn
[2026-08-06T16:52:00.545+0000] {subprocess.py:106} INFO -     conn = connection.create_connection(
[2026-08-06T16:52:00.545+0000] {subprocess.py:106} INFO -            ^^^^^^^^^^^^^^^^^^^^^^^^^^^^^
[2026-08-06T16:52:00.546+0000] {subprocess.py:106} INFO -   File "/home/***/.local/lib/python3.12/site-packages/snowflake/connector/vendored/urllib3/util/connection.py", line 79, in create_connection
[2026-08-06T16:52:00.546+0000] {subprocess.py:106} INFO -     for res in socket.getaddrinfo(host, port, family, socket.SOCK_STREAM):
[2026-08-06T16:52:00.546+0000] {subprocess.py:106} INFO -                ^^^^^^^^^^^^^^^^^^^^^^^^^^^^^^^^^^^^^^^^^^^^^^^^^^^^^^^^^^
[2026-08-06T16:52:00.547+0000] {subprocess.py:106} INFO -   File "/usr/local/lib/python3.12/socket.py", line 978, in getaddrinfo
[2026-08-06T16:52:00.547+0000] {subprocess.py:106} INFO -     for res in _socket.getaddrinfo(host, port, family, type, proto, flags):
[2026-08-06T16:52:00.548+0000] {subprocess.py:106} INFO -                ^^^^^^^^^^^^^^^^^^^^^^^^^^^^^^^^^^^^^^^^^^^^^^^^^^^^^^^^^^^
[2026-08-06T16:52:00.548+0000] {subprocess.py:106} INFO - socket.gaierror: [Errno -2] Name or service not known
[2026-08-06T16:52:00.548+0000] {subprocess.py:106} INFO - 
[2026-08-06T16:52:00.549+0000] {subprocess.py:106} INFO - During handling of the above exception, another exception occurred:
[2026-08-06T16:52:00.549+0000] {subprocess.py:106} INFO - 
[2026-08-06T16:52:00.550+0000] {subprocess.py:106} INFO - Traceback (most recent call last):
[2026-08-06T16:52:00.550+0000] {subprocess.py:106} INFO -   File "/home/***/.local/lib/python3.12/site-packages/snowflake/connector/vendored/urllib3/connectionpool.py", line 715, in urlopen
[2026-08-06T16:52:00.551+0000] {subprocess.py:106} INFO -     httplib_response = self._make_request(
[2026-08-06T16:52:00.551+0000] {subprocess.py:106} INFO -                        ^^^^^^^^^^^^^^^^^^^
[2026-08-06T16:52:00.551+0000] {subprocess.py:106} INFO -   File "/home/***/.local/lib/python3.12/site-packages/snowflake/connector/vendored/urllib3/connectionpool.py", line 404, in _make_request
[2026-08-06T16:52:00.551+0000] {subprocess.py:106} INFO -     self._validate_conn(conn)
[2026-08-06T16:52:00.551+0000] {subprocess.py:106} INFO -   File "/home/***/.local/lib/python3.12/site-packages/snowflake/connector/vendored/urllib3/connectionpool.py", line 1058, in _validate_conn
[2026-08-06T16:52:00.552+0000] {subprocess.py:106} INFO -     conn.connect()
[2026-08-06T16:52:00.556+0000] {subprocess.py:106} INFO -   File "/home/***/.local/lib/python3.12/site-packages/snowflake/connector/vendored/urllib3/connection.py", line 363, in connect
[2026-08-06T16:52:00.557+0000] {subprocess.py:106} INFO -     self.sock = conn = self._new_conn()
[2026-08-06T16:52:00.557+0000] {subprocess.py:106} INFO -                        ^^^^^^^^^^^^^^^^
[2026-08-06T16:52:00.557+0000] {subprocess.py:106} INFO -   File "/home/***/.local/lib/python3.12/site-packages/snowflake/connector/vendored/urllib3/connection.py", line 186, in _new_conn
[2026-08-06T16:52:00.558+0000] {subprocess.py:106} INFO -     raise NewConnectionError(
[2026-08-06T16:52:00.558+0000] {subprocess.py:106} INFO - snowflake.connector.vendored.urllib3.exceptions.NewConnectionError: <snowflake.connector.vendored.urllib3.connection.HTTPSConnection object at 0x7fe142f9c5c0>: Failed to establish a new connection: [Errno -2] Name or service not known
[2026-08-06T16:52:00.558+0000] {subprocess.py:106} INFO - 
[2026-08-06T16:52:00.559+0000] {subprocess.py:106} INFO - During handling of the above exception, another exception occurred:
[2026-08-06T16:52:00.559+0000] {subprocess.py:106} INFO - 
[2026-08-06T16:52:00.560+0000] {subprocess.py:106} INFO - Traceback (most recent call last):
[2026-08-06T16:52:00.560+0000] {subprocess.py:106} INFO -   File "/home/***/.local/lib/python3.12/site-packages/snowflake/connector/vendored/requests/adapters.py", line 486, in send
[2026-08-06T16:52:00.560+0000] {subprocess.py:106} INFO -     resp = conn.urlopen(
[2026-08-06T16:52:00.561+0000] {subprocess.py:106} INFO -            ^^^^^^^^^^^^^
[2026-08-06T16:52:00.561+0000] {subprocess.py:106} INFO -   File "/home/***/.local/lib/python3.12/site-packages/snowflake/connector/vendored/urllib3/connectionpool.py", line 827, in urlopen
[2026-08-06T16:52:00.561+0000] {subprocess.py:106} INFO -     return self.urlopen(
[2026-08-06T16:52:00.561+0000] {subprocess.py:106} INFO -            ^^^^^^^^^^^^^
[2026-08-06T16:52:00.562+0000] {subprocess.py:106} INFO -   File "/home/***/.local/lib/python3.12/site-packages/snowflake/connector/vendored/urllib3/connectionpool.py", line 799, in urlopen
[2026-08-06T16:52:00.562+0000] {subprocess.py:106} INFO -     retries = retries.increment(
[2026-08-06T16:52:00.562+0000] {subprocess.py:106} INFO -               ^^^^^^^^^^^^^^^^^^
[2026-08-06T16:52:00.563+0000] {subprocess.py:106} INFO -   File "/home/***/.local/lib/python3.12/site-packages/snowflake/connector/vendored/urllib3/util/retry.py", line 592, in increment
[2026-08-06T16:52:00.563+0000] {subprocess.py:106} INFO -     raise MaxRetryError(_pool, url, error or ResponseError(cause))
[2026-08-06T16:52:00.563+0000] {subprocess.py:106} INFO - snowflake.connector.vendored.urllib3.exceptions.MaxRetryError: HTTPSConnectionPool(host='snowflake_account=rkwbbqk-sbb67166svadakup.snowflakecomputing.com', port=443): Max retries exceeded with url: /session/v1/login-request?request_id=2a679d5f-5f2c-4a4b-a30c-d6de02b78730&databaseName=TAXI_ANALYTICS&schemaName=GOLD&warehouse=COMPUTE_WH&request_guid=f17a25db-83ef-4917-bcf5-e9051b85851b (Caused by NewConnectionError('<snowflake.connector.vendored.urllib3.connection.HTTPSConnection object at 0x7fe142f9c5c0>: Failed to establish a new connection: [Errno -2] Name or service not known'))
[2026-08-06T16:52:00.564+0000] {subprocess.py:106} INFO - 
[2026-08-06T16:52:00.564+0000] {subprocess.py:106} INFO - During handling of the above exception, another exception occurred:
[2026-08-06T16:52:00.564+0000] {subprocess.py:106} INFO - 
[2026-08-06T16:52:00.565+0000] {subprocess.py:106} INFO - Traceback (most recent call last):
[2026-08-06T16:52:00.565+0000] {subprocess.py:106} INFO -   File "/home/***/.local/lib/python3.12/site-packages/snowflake/connector/network.py", line 1081, in _request_exec
[2026-08-06T16:52:00.565+0000] {subprocess.py:106} INFO -     raw_ret = session.request(
[2026-08-06T16:52:00.566+0000] {subprocess.py:106} INFO -               ^^^^^^^^^^^^^^^^
[2026-08-06T16:52:00.566+0000] {subprocess.py:106} INFO -   File "/home/***/.local/lib/python3.12/site-packages/snowflake/connector/vendored/requests/sessions.py", line 589, in request
[2026-08-06T16:52:00.566+0000] {subprocess.py:106} INFO -     resp = self.send(prep, **send_kwargs)
[2026-08-06T16:52:00.567+0000] {subprocess.py:106} INFO -            ^^^^^^^^^^^^^^^^^^^^^^^^^^^^^^
[2026-08-06T16:52:00.567+0000] {subprocess.py:106} INFO -   File "/home/***/.local/lib/python3.12/site-packages/snowflake/connector/vendored/requests/sessions.py", line 703, in send
[2026-08-06T16:52:00.567+0000] {subprocess.py:106} INFO -     r = adapter.send(request, **kwargs)
[2026-08-06T16:52:00.568+0000] {subprocess.py:106} INFO -         ^^^^^^^^^^^^^^^^^^^^^^^^^^^^^^^
[2026-08-06T16:52:00.568+0000] {subprocess.py:106} INFO -   File "/home/***/.local/lib/python3.12/site-packages/snowflake/connector/vendored/requests/adapters.py", line 519, in send
[2026-08-06T16:52:00.568+0000] {subprocess.py:106} INFO -     raise ConnectionError(e, request=request)
[2026-08-06T16:52:00.571+0000] {subprocess.py:106} INFO - snowflake.connector.vendored.requests.exceptions.ConnectionError: HTTPSConnectionPool(host='snowflake_account=rkwbbqk-sbb67166svadakup.snowflakecomputing.com', port=443): Max retries exceeded with url: /session/v1/login-request?request_id=2a679d5f-5f2c-4a4b-a30c-d6de02b78730&databaseName=TAXI_ANALYTICS&schemaName=GOLD&warehouse=COMPUTE_WH&request_guid=f17a25db-83ef-4917-bcf5-e9051b85851b (Caused by NewConnectionError('<snowflake.connector.vendored.urllib3.connection.HTTPSConnection object at 0x7fe142f9c5c0>: Failed to establish a new connection: [Errno -2] Name or service not known'))
[2026-08-06T16:52:00.575+0000] {subprocess.py:106} INFO - 
[2026-08-06T16:52:00.577+0000] {subprocess.py:106} INFO - During handling of the above exception, another exception occurred:
[2026-08-06T16:52:00.577+0000] {subprocess.py:106} INFO - 
[2026-08-06T16:52:00.578+0000] {subprocess.py:106} INFO - Traceback (most recent call last):
[2026-08-06T16:52:00.578+0000] {subprocess.py:106} INFO -   File "/home/***/.local/lib/python3.12/site-packages/snowflake/connector/connection.py", line 1432, in _authenticate
[2026-08-06T16:52:00.579+0000] {subprocess.py:106} INFO -     auth.authenticate(
[2026-08-06T16:52:00.580+0000] {subprocess.py:106} INFO -   File "/home/***/.local/lib/python3.12/site-packages/snowflake/connector/auth/_auth.py", line 265, in authenticate
[2026-08-06T16:52:00.580+0000] {subprocess.py:106} INFO -     ret = self._rest._post_request(
[2026-08-06T16:52:00.581+0000] {subprocess.py:106} INFO -           ^^^^^^^^^^^^^^^^^^^^^^^^^
[2026-08-06T16:52:00.582+0000] {subprocess.py:106} INFO -   File "/home/***/.local/lib/python3.12/site-packages/snowflake/connector/network.py", line 749, in _post_request
[2026-08-06T16:52:00.583+0000] {subprocess.py:106} INFO -     ret = self.fetch(
[2026-08-06T16:52:00.584+0000] {subprocess.py:106} INFO -           ^^^^^^^^^^^
[2026-08-06T16:52:00.584+0000] {subprocess.py:106} INFO -   File "/home/***/.local/lib/python3.12/site-packages/snowflake/connector/network.py", line 864, in fetch
[2026-08-06T16:52:00.585+0000] {subprocess.py:106} INFO -     ret = self._request_exec_wrapper(
[2026-08-06T16:52:00.586+0000] {subprocess.py:106} INFO -           ^^^^^^^^^^^^^^^^^^^^^^^^^^^
[2026-08-06T16:52:00.587+0000] {subprocess.py:106} INFO -   File "/home/***/.local/lib/python3.12/site-packages/snowflake/connector/network.py", line 992, in _request_exec_wrapper
[2026-08-06T16:52:00.588+0000] {subprocess.py:106} INFO -     raise e
[2026-08-06T16:52:00.590+0000] {subprocess.py:106} INFO -   File "/home/***/.local/lib/python3.12/site-packages/snowflake/connector/network.py", line 914, in _request_exec_wrapper
[2026-08-06T16:52:00.591+0000] {subprocess.py:106} INFO -     return_object = self._request_exec(
[2026-08-06T16:52:00.591+0000] {subprocess.py:106} INFO -                     ^^^^^^^^^^^^^^^^^^^
[2026-08-06T16:52:00.592+0000] {subprocess.py:106} INFO -   File "/home/***/.local/lib/python3.12/site-packages/snowflake/connector/network.py", line 1179, in _request_exec
[2026-08-06T16:52:00.593+0000] {subprocess.py:106} INFO -     raise OperationalError(
[2026-08-06T16:52:00.594+0000] {subprocess.py:106} INFO - snowflake.connector.errors.OperationalError: 251011: ConnectionTimeout occurred during login. Will be handled by authenticator
[2026-08-06T16:52:00.595+0000] {subprocess.py:106} INFO - 
[2026-08-06T16:52:00.596+0000] {subprocess.py:106} INFO - The above exception was the direct cause of the following exception:
[2026-08-06T16:52:00.597+0000] {subprocess.py:106} INFO - 
[2026-08-06T16:52:00.598+0000] {subprocess.py:106} INFO - Traceback (most recent call last):
[2026-08-06T16:52:00.598+0000] {subprocess.py:106} INFO -   File "/opt/project/snowflake/load_gold.py", line 5, in <module>
[2026-08-06T16:52:00.599+0000] {subprocess.py:106} INFO -     conn = snowflake.connector.connect(
[2026-08-06T16:52:00.599+0000] {subprocess.py:106} INFO -            ^^^^^^^^^^^^^^^^^^^^^^^^^^^^
[2026-08-06T16:52:00.600+0000] {subprocess.py:106} INFO -   File "/home/***/.local/lib/python3.12/site-packages/snowflake/connector/__init__.py", line 55, in Connect
[2026-08-06T16:52:00.601+0000] {subprocess.py:106} INFO -     return SnowflakeConnection(**kwargs)
[2026-08-06T16:52:00.601+0000] {subprocess.py:106} INFO -            ^^^^^^^^^^^^^^^^^^^^^^^^^^^^^
[2026-08-06T16:52:00.601+0000] {subprocess.py:106} INFO -   File "/home/***/.local/lib/python3.12/site-packages/snowflake/connector/connection.py", line 467, in __init__
[2026-08-06T16:52:00.602+0000] {subprocess.py:106} INFO -     self.connect(**kwargs)
[2026-08-06T16:52:00.602+0000] {subprocess.py:106} INFO -   File "/home/***/.local/lib/python3.12/site-packages/snowflake/connector/connection.py", line 786, in connect
[2026-08-06T16:52:00.603+0000] {subprocess.py:106} INFO -     self.__open_connection()
[2026-08-06T16:52:00.604+0000] {subprocess.py:106} INFO -   File "/home/***/.local/lib/python3.12/site-packages/snowflake/connector/connection.py", line 1116, in __open_connection
[2026-08-06T16:52:00.605+0000] {subprocess.py:106} INFO -     self.authenticate_with_retry(self.auth_class)
[2026-08-06T16:52:00.605+0000] {subprocess.py:106} INFO -   File "/home/***/.local/lib/python3.12/site-packages/snowflake/connector/connection.py", line 1404, in authenticate_with_retry
[2026-08-06T16:52:00.606+0000] {subprocess.py:106} INFO -     self._authenticate(auth_instance)
[2026-08-06T16:52:00.606+0000] {subprocess.py:106} INFO -   File "/home/***/.local/lib/python3.12/site-packages/snowflake/connector/connection.py", line 1478, in _authenticate
[2026-08-06T16:52:00.607+0000] {subprocess.py:106} INFO -     raise auth_op from e
[2026-08-06T16:52:00.608+0000] {subprocess.py:106} INFO -   File "/home/***/.local/lib/python3.12/site-packages/snowflake/connector/connection.py", line 1453, in _authenticate
[2026-08-06T16:52:00.608+0000] {subprocess.py:106} INFO -     auth_instance.handle_timeout(
[2026-08-06T16:52:00.609+0000] {subprocess.py:106} INFO -   File "/home/***/.local/lib/python3.12/site-packages/snowflake/connector/auth/by_plugin.py", line 213, in handle_timeout
[2026-08-06T16:52:00.609+0000] {subprocess.py:106} INFO -     raise error
[2026-08-06T16:52:00.610+0000] {subprocess.py:106} INFO - snowflake.connector.errors.OperationalError: 250001: Could not connect to Snowflake backend after 2 attempt(s).Aborting
[2026-08-06T16:52:00.696+0000] {subprocess.py:110} INFO - Command exited with return code 1
[2026-08-06T16:52:00.706+0000] {taskinstance.py:3313} ERROR - Task failed with exception
Traceback (most recent call last):
  File "/home/airflow/.local/lib/python3.12/site-packages/airflow/models/taskinstance.py", line 768, in _execute_task
    result = _execute_callable(context=context, **execute_callable_kwargs)
             ^^^^^^^^^^^^^^^^^^^^^^^^^^^^^^^^^^^^^^^^^^^^^^^^^^^^^^^^^^^^^
  File "/home/airflow/.local/lib/python3.12/site-packages/airflow/models/taskinstance.py", line 734, in _execute_callable
    return ExecutionCallableRunner(
           ^^^^^^^^^^^^^^^^^^^^^^^^
  File "/home/airflow/.local/lib/python3.12/site-packages/airflow/utils/operator_helpers.py", line 252, in run
    return self.func(*args, **kwargs)
           ^^^^^^^^^^^^^^^^^^^^^^^^^^
  File "/home/airflow/.local/lib/python3.12/site-packages/airflow/models/baseoperator.py", line 424, in wrapper
    return func(self, *args, **kwargs)
           ^^^^^^^^^^^^^^^^^^^^^^^^^^^
  File "/home/airflow/.local/lib/python3.12/site-packages/airflow/operators/bash.py", line 276, in execute
    raise AirflowException(
airflow.exceptions.AirflowException: Bash command failed. The command returned a non-zero exit code 1.
[2026-08-06T16:52:00.716+0000] {logging_mixin.py:190} INFO - Task instance in failure state
[2026-08-06T16:52:00.717+0000] {logging_mixin.py:190} INFO - Task start:2026-08-06 16:51:57.482404+00:00 end:2026-08-06 16:52:00.715670+00:00 duration:3.233266
[2026-08-06T16:52:00.717+0000] {logging_mixin.py:190} INFO - Task:<Task(BashOperator): load_to_snowflake> dag:<DAG: taxi_pipeline> dagrun:<DagRun taxi_pipeline @ 2026-08-06 16:49:58.668082+00:00: manual__2026-08-06T16:49:58.668082+00:00, state:running, queued_at: 2026-08-06 16:49:58.695696+00:00. externally triggered: True>
[2026-08-06T16:52:00.718+0000] {logging_mixin.py:190} INFO - Failure caused by Bash command failed. The command returned a non-zero exit code 1.
[2026-08-06T16:52:00.718+0000] {taskinstance.py:1226} INFO - Marking task as UP_FOR_RETRY. dag_id=taxi_pipeline, task_id=load_to_snowflake, run_id=manual__2026-08-06T16:49:58.668082+00:00, execution_date=20260806T164958, start_date=20260806T165157, end_date=20260806T165200
[2026-08-06T16:52:00.747+0000] {taskinstance.py:341} INFO - ::group::Post task execution logs
[2026-08-06T16:52:00.748+0000] {standard_task_runner.py:124} ERROR - Failed to execute job 291 for task load_to_snowflake (Bash command failed. The command returned a non-zero exit code 1.; 172)
Traceback (most recent call last):
  File "/home/airflow/.local/lib/python3.12/site-packages/airflow/task/task_runner/standard_task_runner.py", line 117, in _start_by_fork
    ret = args.func(args, dag=self.dag)
          ^^^^^^^^^^^^^^^^^^^^^^^^^^^^^
  File "/home/airflow/.local/lib/python3.12/site-packages/airflow/cli/cli_config.py", line 49, in command
    return func(*args, **kwargs)
           ^^^^^^^^^^^^^^^^^^^^^
  File "/home/airflow/.local/lib/python3.12/site-packages/airflow/utils/cli.py", line 116, in wrapper
    return f(*args, **kwargs)
           ^^^^^^^^^^^^^^^^^^
  File "/home/airflow/.local/lib/python3.12/site-packages/airflow/cli/commands/task_command.py", line 483, in task_run
    task_return_code = _run_task_by_selected_method(args, _dag, ti)
                       ^^^^^^^^^^^^^^^^^^^^^^^^^^^^^^^^^^^^^^^^^^^^
  File "/home/airflow/.local/lib/python3.12/site-packages/airflow/cli/commands/task_command.py", line 256, in _run_task_by_selected_method
    return _run_raw_task(args, ti)
           ^^^^^^^^^^^^^^^^^^^^^^^
  File "/home/airflow/.local/lib/python3.12/site-packages/airflow/cli/commands/task_command.py", line 341, in _run_raw_task
    return ti._run_raw_task(
           ^^^^^^^^^^^^^^^^^
  File "/home/airflow/.local/lib/python3.12/site-packages/airflow/utils/session.py", line 97, in wrapper
    return func(*args, session=session, **kwargs)
           ^^^^^^^^^^^^^^^^^^^^^^^^^^^^^^^^^^^^^^
  File "/home/airflow/.local/lib/python3.12/site-packages/airflow/models/taskinstance.py", line 3006, in _run_raw_task
    return _run_raw_task(
           ^^^^^^^^^^^^^^
  File "/home/airflow/.local/lib/python3.12/site-packages/airflow/models/taskinstance.py", line 274, in _run_raw_task
    TaskInstance._execute_task_with_callbacks(
  File "/home/airflow/.local/lib/python3.12/site-packages/airflow/models/taskinstance.py", line 3161, in _execute_task_with_callbacks
    result = self._execute_task(context, task_orig)
             ^^^^^^^^^^^^^^^^^^^^^^^^^^^^^^^^^^^^^^
  File "/home/airflow/.local/lib/python3.12/site-packages/airflow/models/taskinstance.py", line 3185, in _execute_task
    return _execute_task(self, context, task_orig)
           ^^^^^^^^^^^^^^^^^^^^^^^^^^^^^^^^^^^^^^^
  File "/home/airflow/.local/lib/python3.12/site-packages/airflow/models/taskinstance.py", line 768, in _execute_task
    result = _execute_callable(context=context, **execute_callable_kwargs)
             ^^^^^^^^^^^^^^^^^^^^^^^^^^^^^^^^^^^^^^^^^^^^^^^^^^^^^^^^^^^^^
  File "/home/airflow/.local/lib/python3.12/site-packages/airflow/models/taskinstance.py", line 734, in _execute_callable
    return ExecutionCallableRunner(
           ^^^^^^^^^^^^^^^^^^^^^^^^
  File "/home/airflow/.local/lib/python3.12/site-packages/airflow/utils/operator_helpers.py", line 252, in run
    return self.func(*args, **kwargs)
           ^^^^^^^^^^^^^^^^^^^^^^^^^^
  File "/home/airflow/.local/lib/python3.12/site-packages/airflow/models/baseoperator.py", line 424, in wrapper
    return func(self, *args, **kwargs)
           ^^^^^^^^^^^^^^^^^^^^^^^^^^^
  File "/home/airflow/.local/lib/python3.12/site-packages/airflow/operators/bash.py", line 276, in execute
    raise AirflowException(
airflow.exceptions.AirflowException: Bash command failed. The command returned a non-zero exit code 1.
[2026-08-06T16:52:00.799+0000] {local_task_job_runner.py:266} INFO - Task exited with return code 1
[2026-08-06T16:52:00.819+0000] {taskinstance.py:3901} INFO - 0 downstream tasks scheduled from follow-on schedule check
[2026-08-06T16:52:00.823+0000] {local_task_job_runner.py:245} INFO - ::endgroup::
