[2026-08-06T16:14:17.657+0000] {local_task_job_runner.py:123} INFO - ::group::Pre task execution logs
[2026-08-06T16:14:17.705+0000] {taskinstance.py:2614} INFO - Dependencies all met for dep_context=non-requeueable deps ti=<TaskInstance: taxi_pipeline.upload_to_bronze manual__2026-08-06T16:13:11.080815+00:00 [queued]>
[2026-08-06T16:14:17.733+0000] {taskinstance.py:2614} INFO - Dependencies all met for dep_context=requeueable deps ti=<TaskInstance: taxi_pipeline.upload_to_bronze manual__2026-08-06T16:13:11.080815+00:00 [queued]>
[2026-08-06T16:14:17.736+0000] {taskinstance.py:2867} INFO - Starting attempt 1 of 3
[2026-08-06T16:14:18.193+0000] {taskinstance.py:2890} INFO - Executing <Task(BashOperator): upload_to_bronze> on 2026-08-06 16:13:11.080815+00:00
[2026-08-06T16:14:18.217+0000] {warnings.py:112} WARNING - /home/***/.local/lib/python3.12/site-packages/***/task/task_runner/standard_task_runner.py:70: DeprecationWarning: This process (pid=114) is multi-threaded, use of fork() may lead to deadlocks in the child.
  pid = os.fork()

[2026-08-06T16:14:18.224+0000] {standard_task_runner.py:72} INFO - Started process 116 to run task
[2026-08-06T16:14:18.222+0000] {standard_task_runner.py:104} INFO - Running: ['***', 'tasks', 'run', 'taxi_pipeline', 'upload_to_bronze', 'manual__2026-08-06T16:13:11.080815+00:00', '--job-id', '255', '--raw', '--subdir', 'DAGS_FOLDER/taxi_pipeline_dag.py', '--cfg-path', '/tmp/tmpd_c25km_']
[2026-08-06T16:14:18.226+0000] {standard_task_runner.py:105} INFO - Job 255: Subtask upload_to_bronze
[2026-08-06T16:14:18.346+0000] {task_command.py:467} INFO - Running <TaskInstance: taxi_pipeline.upload_to_bronze manual__2026-08-06T16:13:11.080815+00:00 [running]> on host bc4af1760526
[2026-08-06T16:14:18.555+0000] {taskinstance.py:3134} INFO - Exporting env vars: AIRFLOW_CTX_DAG_OWNER='***' AIRFLOW_CTX_DAG_ID='taxi_pipeline' AIRFLOW_CTX_TASK_ID='upload_to_bronze' AIRFLOW_CTX_EXECUTION_DATE='2026-08-06T16:13:11.080815+00:00' AIRFLOW_CTX_TRY_NUMBER='1' AIRFLOW_CTX_DAG_RUN_ID='manual__2026-08-06T16:13:11.080815+00:00'
[2026-08-06T16:14:18.560+0000] {logging_mixin.py:190} INFO - Task instance is in running state
[2026-08-06T16:14:18.562+0000] {logging_mixin.py:190} INFO -  Previous state of the Task instance: queued
[2026-08-06T16:14:18.564+0000] {logging_mixin.py:190} INFO - Current task name:upload_to_bronze state:running start_date:2026-08-06 16:14:17.707046+00:00
[2026-08-06T16:14:18.565+0000] {logging_mixin.py:190} INFO - Dag name:taxi_pipeline and current dag run status:running
[2026-08-06T16:14:18.567+0000] {taskinstance.py:732} INFO - ::endgroup::
[2026-08-06T16:14:18.570+0000] {subprocess.py:78} INFO - Tmp dir root location: /tmp
[2026-08-06T16:14:18.576+0000] {subprocess.py:88} INFO - Running command: ['/usr/bin/bash', '-c', 'python /opt/project/ingestion/upload_to_s3.py']
[2026-08-06T16:14:18.618+0000] {subprocess.py:99} INFO - Output:
[2026-08-06T16:14:20.851+0000] {subprocess.py:106} INFO - 2026-08-06 16:14:20,850 - INFO - Uploading NYC Taxi data...
[2026-08-06T16:14:20.853+0000] {subprocess.py:106} INFO - 2026-08-06 16:14:20,851 - ERROR - File does not exist
[2026-08-06T16:14:20.855+0000] {subprocess.py:106} INFO - Starting Bronze upload...
[2026-08-06T16:14:20.857+0000] {subprocess.py:106} INFO - Finished Bronze upload successfully.
[2026-08-06T16:14:21.161+0000] {subprocess.py:110} INFO - Command exited with return code 0
[2026-08-06T16:14:21.251+0000] {taskinstance.py:341} INFO - ::group::Post task execution logs
[2026-08-06T16:14:21.253+0000] {taskinstance.py:353} INFO - Marking task as SUCCESS. dag_id=taxi_pipeline, task_id=upload_to_bronze, run_id=manual__2026-08-06T16:13:11.080815+00:00, execution_date=20260806T161311, start_date=20260806T161417, end_date=20260806T161421
[2026-08-06T16:14:21.315+0000] {logging_mixin.py:190} INFO - Task instance in success state
[2026-08-06T16:14:21.317+0000] {logging_mixin.py:190} INFO -  Previous state of the Task instance: running
[2026-08-06T16:14:21.318+0000] {logging_mixin.py:190} INFO - Dag name:taxi_pipeline queued_at:2026-08-06 16:13:11.134312+00:00
[2026-08-06T16:14:21.319+0000] {logging_mixin.py:190} INFO - Task hostname:bc4af1760526 operator:BashOperator
[2026-08-06T16:14:21.349+0000] {local_task_job_runner.py:266} INFO - Task exited with return code 0
[2026-08-06T16:14:21.372+0000] {local_task_job_runner.py:245} INFO - ::endgroup::
