[2026-08-06T17:23:26.746+0000] {local_task_job_runner.py:123} INFO - ::group::Pre task execution logs
[2026-08-06T17:23:26.765+0000] {taskinstance.py:2614} INFO - Dependencies all met for dep_context=non-requeueable deps ti=<TaskInstance: taxi_pipeline.load_to_snowflake manual__2026-08-06T17:21:12.495721+00:00 [queued]>
[2026-08-06T17:23:26.773+0000] {taskinstance.py:2614} INFO - Dependencies all met for dep_context=requeueable deps ti=<TaskInstance: taxi_pipeline.load_to_snowflake manual__2026-08-06T17:21:12.495721+00:00 [queued]>
[2026-08-06T17:23:26.776+0000] {taskinstance.py:2867} INFO - Starting attempt 1 of 4
[2026-08-06T17:23:26.926+0000] {taskinstance.py:2890} INFO - Executing <Task(BashOperator): load_to_snowflake> on 2026-08-06 17:21:12.495721+00:00
[2026-08-06T17:23:26.935+0000] {warnings.py:112} WARNING - /home/***/.local/lib/python3.12/site-packages/***/task/task_runner/standard_task_runner.py:70: DeprecationWarning: This process (pid=170) is multi-threaded, use of fork() may lead to deadlocks in the child.
  pid = os.fork()

[2026-08-06T17:23:26.936+0000] {standard_task_runner.py:72} INFO - Started process 172 to run task
[2026-08-06T17:23:26.936+0000] {standard_task_runner.py:104} INFO - Running: ['***', 'tasks', 'run', 'taxi_pipeline', 'load_to_snowflake', 'manual__2026-08-06T17:21:12.495721+00:00', '--job-id', '323', '--raw', '--subdir', 'DAGS_FOLDER/taxi_pipeline_dag.py', '--cfg-path', '/tmp/tmpnl75gx25']
[2026-08-06T17:23:26.937+0000] {standard_task_runner.py:105} INFO - Job 323: Subtask load_to_snowflake
[2026-08-06T17:23:26.981+0000] {task_command.py:467} INFO - Running <TaskInstance: taxi_pipeline.load_to_snowflake manual__2026-08-06T17:21:12.495721+00:00 [running]> on host e77f2191e42c
[2026-08-06T17:23:27.049+0000] {taskinstance.py:3134} INFO - Exporting env vars: AIRFLOW_CTX_DAG_OWNER='***' AIRFLOW_CTX_DAG_ID='taxi_pipeline' AIRFLOW_CTX_TASK_ID='load_to_snowflake' AIRFLOW_CTX_EXECUTION_DATE='2026-08-06T17:21:12.495721+00:00' AIRFLOW_CTX_TRY_NUMBER='1' AIRFLOW_CTX_DAG_RUN_ID='manual__2026-08-06T17:21:12.495721+00:00'
[2026-08-06T17:23:27.051+0000] {logging_mixin.py:190} INFO - Task instance is in running state
[2026-08-06T17:23:27.051+0000] {logging_mixin.py:190} INFO -  Previous state of the Task instance: queued
[2026-08-06T17:23:27.052+0000] {logging_mixin.py:190} INFO - Current task name:load_to_snowflake state:running start_date:2026-08-06 17:23:26.766711+00:00
[2026-08-06T17:23:27.052+0000] {logging_mixin.py:190} INFO - Dag name:taxi_pipeline and current dag run status:running
[2026-08-06T17:23:27.053+0000] {taskinstance.py:732} INFO - ::endgroup::
[2026-08-06T17:23:27.054+0000] {subprocess.py:78} INFO - Tmp dir root location: /tmp
[2026-08-06T17:23:27.055+0000] {subprocess.py:88} INFO - Running command: ['/usr/bin/bash', '-c', 'python /opt/project/snowflake/load_gold.py']
[2026-08-06T17:23:27.069+0000] {subprocess.py:99} INFO - Output:
[2026-08-06T17:23:31.805+0000] {subprocess.py:106} INFO - Connecting to Snowflake...
[2026-08-06T17:23:31.806+0000] {subprocess.py:106} INFO - Connected to Snowflake
[2026-08-06T17:23:31.807+0000] {subprocess.py:106} INFO - Creating Snowflake stage...
[2026-08-06T17:23:31.808+0000] {subprocess.py:106} INFO - Stage ready
[2026-08-06T17:23:31.809+0000] {subprocess.py:106} INFO - Uploading Gold parquet files...
[2026-08-06T17:23:31.810+0000] {subprocess.py:106} INFO - Uploading daily_trip_summary...
[2026-08-06T17:23:31.810+0000] {subprocess.py:106} INFO - Traceback (most recent call last):
[2026-08-06T17:23:31.811+0000] {subprocess.py:106} INFO -   File "/opt/project/snowflake/load_gold.py", line 51, in <module>
[2026-08-06T17:23:31.811+0000] {subprocess.py:106} INFO -     cursor.execute(f"""
[2026-08-06T17:23:31.812+0000] {subprocess.py:106} INFO -   File "/home/***/.local/lib/python3.12/site-packages/snowflake/connector/cursor.py", line 1064, in execute
[2026-08-06T17:23:31.813+0000] {subprocess.py:106} INFO -     sf_file_transfer_agent.execute()
[2026-08-06T17:23:31.814+0000] {subprocess.py:106} INFO -   File "/home/***/.local/lib/python3.12/site-packages/snowflake/connector/file_transfer_agent.py", line 392, in execute
[2026-08-06T17:23:31.815+0000] {subprocess.py:106} INFO -     self._init_file_metadata()
[2026-08-06T17:23:31.815+0000] {subprocess.py:106} INFO -   File "/home/***/.local/lib/python3.12/site-packages/snowflake/connector/file_transfer_agent.py", line 996, in _init_file_metadata
[2026-08-06T17:23:31.816+0000] {subprocess.py:106} INFO -     Error.errorhandler_wrapper(
[2026-08-06T17:23:31.817+0000] {subprocess.py:106} INFO -   File "/home/***/.local/lib/python3.12/site-packages/snowflake/connector/errors.py", line 283, in errorhandler_wrapper
[2026-08-06T17:23:31.817+0000] {subprocess.py:106} INFO -     handed_over = Error.hand_to_other_handler(
[2026-08-06T17:23:31.818+0000] {subprocess.py:106} INFO -                   ^^^^^^^^^^^^^^^^^^^^^^^^^^^^
[2026-08-06T17:23:31.818+0000] {subprocess.py:106} INFO -   File "/home/***/.local/lib/python3.12/site-packages/snowflake/connector/errors.py", line 338, in hand_to_other_handler
[2026-08-06T17:23:31.819+0000] {subprocess.py:106} INFO -     cursor.errorhandler(connection, cursor, error_class, error_value)
[2026-08-06T17:23:31.819+0000] {subprocess.py:106} INFO -   File "/home/***/.local/lib/python3.12/site-packages/snowflake/connector/errors.py", line 214, in default_errorhandler
[2026-08-06T17:23:31.820+0000] {subprocess.py:106} INFO -     raise error_class(
[2026-08-06T17:23:31.820+0000] {subprocess.py:106} INFO - snowflake.connector.errors.ProgrammingError: 253006: File doesn't exist: ['/opt/project/data/gold/daily_trip_summary/*.parquet']
[2026-08-06T17:23:32.213+0000] {subprocess.py:110} INFO - Command exited with return code 1
[2026-08-06T17:23:32.226+0000] {taskinstance.py:3313} ERROR - Task failed with exception
Traceback (most recent call last):
  File "/home/airflow/.local/lib/python3.12/site-packages/airflow/models/taskinstance.py", line 768, in _execute_task
    result = _execute_callable(context=context, **execute_callable_kwargs)
             ^^^^^^^^^^^^^^^^^^^^^^^^^^^^^^^^^^^^^^^^^^^^^^^^^^^^^^^^^^^^^
  File "/home/airflow/.local/lib/python3.12/site-packages/airflow/models/taskinstance.py", line 734, in _execute_callable
    return ExecutionCallableRunner(
           ^^^^^^^^^^^^^^^^^^^^^^^^
  File "/home/airflow/.local/lib/python3.12/site-packages/airflow/utils/operator_helpers.py", line 252, in run
    return self.func(*args, **kwargs)
           ^^^^^^^^^^^^^^^^^^^^^^^^^^
  File "/home/airflow/.local/lib/python3.12/site-packages/airflow/models/baseoperator.py", line 424, in wrapper
    return func(self, *args, **kwargs)
           ^^^^^^^^^^^^^^^^^^^^^^^^^^^
  File "/home/airflow/.local/lib/python3.12/site-packages/airflow/operators/bash.py", line 276, in execute
    raise AirflowException(
airflow.exceptions.AirflowException: Bash command failed. The command returned a non-zero exit code 1.
[2026-08-06T17:23:32.235+0000] {logging_mixin.py:190} INFO - Task instance in failure state
[2026-08-06T17:23:32.236+0000] {logging_mixin.py:190} INFO - Task start:2026-08-06 17:23:26.766711+00:00 end:2026-08-06 17:23:32.234917+00:00 duration:5.468206
[2026-08-06T17:23:32.237+0000] {logging_mixin.py:190} INFO - Task:<Task(BashOperator): load_to_snowflake> dag:<DAG: taxi_pipeline> dagrun:<DagRun taxi_pipeline @ 2026-08-06 17:21:12.495721+00:00: manual__2026-08-06T17:21:12.495721+00:00, state:running, queued_at: 2026-08-06 17:21:12.509113+00:00. externally triggered: True>
[2026-08-06T17:23:32.237+0000] {logging_mixin.py:190} INFO - Failure caused by Bash command failed. The command returned a non-zero exit code 1.
[2026-08-06T17:23:32.238+0000] {taskinstance.py:1226} INFO - Marking task as UP_FOR_RETRY. dag_id=taxi_pipeline, task_id=load_to_snowflake, run_id=manual__2026-08-06T17:21:12.495721+00:00, execution_date=20260806T172112, start_date=20260806T172326, end_date=20260806T172332
[2026-08-06T17:23:32.268+0000] {taskinstance.py:341} INFO - ::group::Post task execution logs
[2026-08-06T17:23:32.269+0000] {standard_task_runner.py:124} ERROR - Failed to execute job 323 for task load_to_snowflake (Bash command failed. The command returned a non-zero exit code 1.; 172)
Traceback (most recent call last):
  File "/home/airflow/.local/lib/python3.12/site-packages/airflow/task/task_runner/standard_task_runner.py", line 117, in _start_by_fork
    ret = args.func(args, dag=self.dag)
          ^^^^^^^^^^^^^^^^^^^^^^^^^^^^^
  File "/home/airflow/.local/lib/python3.12/site-packages/airflow/cli/cli_config.py", line 49, in command
    return func(*args, **kwargs)
           ^^^^^^^^^^^^^^^^^^^^^
  File "/home/airflow/.local/lib/python3.12/site-packages/airflow/utils/cli.py", line 116, in wrapper
    return f(*args, **kwargs)
           ^^^^^^^^^^^^^^^^^^
  File "/home/airflow/.local/lib/python3.12/site-packages/airflow/cli/commands/task_command.py", line 483, in task_run
    task_return_code = _run_task_by_selected_method(args, _dag, ti)
                       ^^^^^^^^^^^^^^^^^^^^^^^^^^^^^^^^^^^^^^^^^^^^
  File "/home/airflow/.local/lib/python3.12/site-packages/airflow/cli/commands/task_command.py", line 256, in _run_task_by_selected_method
    return _run_raw_task(args, ti)
           ^^^^^^^^^^^^^^^^^^^^^^^
  File "/home/airflow/.local/lib/python3.12/site-packages/airflow/cli/commands/task_command.py", line 341, in _run_raw_task
    return ti._run_raw_task(
           ^^^^^^^^^^^^^^^^^
  File "/home/airflow/.local/lib/python3.12/site-packages/airflow/utils/session.py", line 97, in wrapper
    return func(*args, session=session, **kwargs)
           ^^^^^^^^^^^^^^^^^^^^^^^^^^^^^^^^^^^^^^
  File "/home/airflow/.local/lib/python3.12/site-packages/airflow/models/taskinstance.py", line 3006, in _run_raw_task
    return _run_raw_task(
           ^^^^^^^^^^^^^^
  File "/home/airflow/.local/lib/python3.12/site-packages/airflow/models/taskinstance.py", line 274, in _run_raw_task
    TaskInstance._execute_task_with_callbacks(
  File "/home/airflow/.local/lib/python3.12/site-packages/airflow/models/taskinstance.py", line 3161, in _execute_task_with_callbacks
    result = self._execute_task(context, task_orig)
             ^^^^^^^^^^^^^^^^^^^^^^^^^^^^^^^^^^^^^^
  File "/home/airflow/.local/lib/python3.12/site-packages/airflow/models/taskinstance.py", line 3185, in _execute_task
    return _execute_task(self, context, task_orig)
           ^^^^^^^^^^^^^^^^^^^^^^^^^^^^^^^^^^^^^^^
  File "/home/airflow/.local/lib/python3.12/site-packages/airflow/models/taskinstance.py", line 768, in _execute_task
    result = _execute_callable(context=context, **execute_callable_kwargs)
             ^^^^^^^^^^^^^^^^^^^^^^^^^^^^^^^^^^^^^^^^^^^^^^^^^^^^^^^^^^^^^
  File "/home/airflow/.local/lib/python3.12/site-packages/airflow/models/taskinstance.py", line 734, in _execute_callable
    return ExecutionCallableRunner(
           ^^^^^^^^^^^^^^^^^^^^^^^^
  File "/home/airflow/.local/lib/python3.12/site-packages/airflow/utils/operator_helpers.py", line 252, in run
    return self.func(*args, **kwargs)
           ^^^^^^^^^^^^^^^^^^^^^^^^^^
  File "/home/airflow/.local/lib/python3.12/site-packages/airflow/models/baseoperator.py", line 424, in wrapper
    return func(self, *args, **kwargs)
           ^^^^^^^^^^^^^^^^^^^^^^^^^^^
  File "/home/airflow/.local/lib/python3.12/site-packages/airflow/operators/bash.py", line 276, in execute
    raise AirflowException(
airflow.exceptions.AirflowException: Bash command failed. The command returned a non-zero exit code 1.
[2026-08-06T17:23:32.296+0000] {local_task_job_runner.py:266} INFO - Task exited with return code 1
[2026-08-06T17:23:32.315+0000] {taskinstance.py:3901} INFO - 0 downstream tasks scheduled from follow-on schedule check
[2026-08-06T17:23:32.318+0000] {local_task_job_runner.py:245} INFO - ::endgroup::
