[2026-08-06T05:49:01.406+0000] {local_task_job_runner.py:123} INFO - ::group::Pre task execution logs
[2026-08-06T05:49:01.442+0000] {taskinstance.py:2614} INFO - Dependencies all met for dep_context=non-requeueable deps ti=<TaskInstance: taxi_pipeline.silver_to_gold manual__2026-08-06T05:38:43.014786+00:00 [queued]>
[2026-08-06T05:49:01.460+0000] {taskinstance.py:2614} INFO - Dependencies all met for dep_context=requeueable deps ti=<TaskInstance: taxi_pipeline.silver_to_gold manual__2026-08-06T05:38:43.014786+00:00 [queued]>
[2026-08-06T05:49:01.462+0000] {taskinstance.py:2867} INFO - Starting attempt 3 of 3
[2026-08-06T05:49:01.491+0000] {taskinstance.py:2890} INFO - Executing <Task(BashOperator): silver_to_gold> on 2026-08-06 05:38:43.014786+00:00
[2026-08-06T05:49:01.503+0000] {warnings.py:112} WARNING - /home/***/.local/lib/python3.12/site-packages/***/task/task_runner/standard_task_runner.py:70: DeprecationWarning: This process (pid=365) is multi-threaded, use of fork() may lead to deadlocks in the child.
  pid = os.fork()

[2026-08-06T05:49:01.509+0000] {standard_task_runner.py:72} INFO - Started process 381 to run task
[2026-08-06T05:49:01.509+0000] {standard_task_runner.py:104} INFO - Running: ['***', 'tasks', 'run', 'taxi_pipeline', 'silver_to_gold', 'manual__2026-08-06T05:38:43.014786+00:00', '--job-id', '105', '--raw', '--subdir', 'DAGS_FOLDER/taxi_pipeline_dag.py', '--cfg-path', '/tmp/tmp296hnihb']
[2026-08-06T05:49:01.511+0000] {standard_task_runner.py:105} INFO - Job 105: Subtask silver_to_gold
[2026-08-06T05:49:01.641+0000] {task_command.py:467} INFO - Running <TaskInstance: taxi_pipeline.silver_to_gold manual__2026-08-06T05:38:43.014786+00:00 [running]> on host 745fbce30acf
[2026-08-06T05:49:02.224+0000] {taskinstance.py:3134} INFO - Exporting env vars: AIRFLOW_CTX_DAG_OWNER='***' AIRFLOW_CTX_DAG_ID='taxi_pipeline' AIRFLOW_CTX_TASK_ID='silver_to_gold' AIRFLOW_CTX_EXECUTION_DATE='2026-08-06T05:38:43.014786+00:00' AIRFLOW_CTX_TRY_NUMBER='3' AIRFLOW_CTX_DAG_RUN_ID='manual__2026-08-06T05:38:43.014786+00:00'
[2026-08-06T05:49:02.226+0000] {logging_mixin.py:190} INFO - Task instance is in running state
[2026-08-06T05:49:02.227+0000] {logging_mixin.py:190} INFO -  Previous state of the Task instance: queued
[2026-08-06T05:49:02.228+0000] {logging_mixin.py:190} INFO - Current task name:silver_to_gold state:running start_date:2026-08-06 05:49:01.444158+00:00
[2026-08-06T05:49:02.229+0000] {logging_mixin.py:190} INFO - Dag name:taxi_pipeline and current dag run status:running
[2026-08-06T05:49:02.230+0000] {taskinstance.py:732} INFO - ::endgroup::
[2026-08-06T05:49:02.232+0000] {subprocess.py:78} INFO - Tmp dir root location: /tmp
[2026-08-06T05:49:02.235+0000] {subprocess.py:88} INFO - Running command: ['/usr/bin/bash', '-c', '/opt/spark/bin/spark-submit /opt/project/transform/silver_to_gold.py']
[2026-08-06T05:49:02.256+0000] {subprocess.py:99} INFO - Output:
[2026-08-06T05:49:02.260+0000] {subprocess.py:106} INFO - /usr/bin/bash: line 1: /opt/spark/bin/spark-submit: No such file or directory
[2026-08-06T05:49:02.261+0000] {subprocess.py:110} INFO - Command exited with return code 127
[2026-08-06T05:49:02.291+0000] {taskinstance.py:3313} ERROR - Task failed with exception
Traceback (most recent call last):
  File "/home/airflow/.local/lib/python3.12/site-packages/airflow/models/taskinstance.py", line 768, in _execute_task
    result = _execute_callable(context=context, **execute_callable_kwargs)
             ^^^^^^^^^^^^^^^^^^^^^^^^^^^^^^^^^^^^^^^^^^^^^^^^^^^^^^^^^^^^^
  File "/home/airflow/.local/lib/python3.12/site-packages/airflow/models/taskinstance.py", line 734, in _execute_callable
    return ExecutionCallableRunner(
           ^^^^^^^^^^^^^^^^^^^^^^^^
  File "/home/airflow/.local/lib/python3.12/site-packages/airflow/utils/operator_helpers.py", line 252, in run
    return self.func(*args, **kwargs)
           ^^^^^^^^^^^^^^^^^^^^^^^^^^
  File "/home/airflow/.local/lib/python3.12/site-packages/airflow/models/baseoperator.py", line 424, in wrapper
    return func(self, *args, **kwargs)
           ^^^^^^^^^^^^^^^^^^^^^^^^^^^
  File "/home/airflow/.local/lib/python3.12/site-packages/airflow/operators/bash.py", line 276, in execute
    raise AirflowException(
airflow.exceptions.AirflowException: Bash command failed. The command returned a non-zero exit code 127.
[2026-08-06T05:49:02.300+0000] {logging_mixin.py:190} INFO - Task instance in failure state
[2026-08-06T05:49:02.302+0000] {logging_mixin.py:190} INFO - Task start:2026-08-06 05:49:01.444158+00:00 end:2026-08-06 05:49:02.299254+00:00 duration:0.855096
[2026-08-06T05:49:02.303+0000] {logging_mixin.py:190} INFO - Task:<Task(BashOperator): silver_to_gold> dag:<DAG: taxi_pipeline> dagrun:<DagRun taxi_pipeline @ 2026-08-06 05:38:43.014786+00:00: manual__2026-08-06T05:38:43.014786+00:00, state:running, queued_at: 2026-08-06 05:38:43.061358+00:00. externally triggered: True>
[2026-08-06T05:49:02.304+0000] {logging_mixin.py:190} INFO - Failure caused by Bash command failed. The command returned a non-zero exit code 127.
[2026-08-06T05:49:02.306+0000] {taskinstance.py:1226} INFO - Marking task as FAILED. dag_id=taxi_pipeline, task_id=silver_to_gold, run_id=manual__2026-08-06T05:38:43.014786+00:00, execution_date=20260806T053843, start_date=20260806T054901, end_date=20260806T054902
[2026-08-06T05:49:02.395+0000] {taskinstance.py:341} INFO - ::group::Post task execution logs
[2026-08-06T05:49:02.398+0000] {standard_task_runner.py:124} ERROR - Failed to execute job 105 for task silver_to_gold (Bash command failed. The command returned a non-zero exit code 127.; 381)
Traceback (most recent call last):
  File "/home/airflow/.local/lib/python3.12/site-packages/airflow/task/task_runner/standard_task_runner.py", line 117, in _start_by_fork
    ret = args.func(args, dag=self.dag)
          ^^^^^^^^^^^^^^^^^^^^^^^^^^^^^
  File "/home/airflow/.local/lib/python3.12/site-packages/airflow/cli/cli_config.py", line 49, in command
    return func(*args, **kwargs)
           ^^^^^^^^^^^^^^^^^^^^^
  File "/home/airflow/.local/lib/python3.12/site-packages/airflow/utils/cli.py", line 116, in wrapper
    return f(*args, **kwargs)
           ^^^^^^^^^^^^^^^^^^
  File "/home/airflow/.local/lib/python3.12/site-packages/airflow/cli/commands/task_command.py", line 483, in task_run
    task_return_code = _run_task_by_selected_method(args, _dag, ti)
                       ^^^^^^^^^^^^^^^^^^^^^^^^^^^^^^^^^^^^^^^^^^^^
  File "/home/airflow/.local/lib/python3.12/site-packages/airflow/cli/commands/task_command.py", line 256, in _run_task_by_selected_method
    return _run_raw_task(args, ti)
           ^^^^^^^^^^^^^^^^^^^^^^^
  File "/home/airflow/.local/lib/python3.12/site-packages/airflow/cli/commands/task_command.py", line 341, in _run_raw_task
    return ti._run_raw_task(
           ^^^^^^^^^^^^^^^^^
  File "/home/airflow/.local/lib/python3.12/site-packages/airflow/utils/session.py", line 97, in wrapper
    return func(*args, session=session, **kwargs)
           ^^^^^^^^^^^^^^^^^^^^^^^^^^^^^^^^^^^^^^
  File "/home/airflow/.local/lib/python3.12/site-packages/airflow/models/taskinstance.py", line 3006, in _run_raw_task
    return _run_raw_task(
           ^^^^^^^^^^^^^^
  File "/home/airflow/.local/lib/python3.12/site-packages/airflow/models/taskinstance.py", line 274, in _run_raw_task
    TaskInstance._execute_task_with_callbacks(
  File "/home/airflow/.local/lib/python3.12/site-packages/airflow/models/taskinstance.py", line 3161, in _execute_task_with_callbacks
    result = self._execute_task(context, task_orig)
             ^^^^^^^^^^^^^^^^^^^^^^^^^^^^^^^^^^^^^^
  File "/home/airflow/.local/lib/python3.12/site-packages/airflow/models/taskinstance.py", line 3185, in _execute_task
    return _execute_task(self, context, task_orig)
           ^^^^^^^^^^^^^^^^^^^^^^^^^^^^^^^^^^^^^^^
  File "/home/airflow/.local/lib/python3.12/site-packages/airflow/models/taskinstance.py", line 768, in _execute_task
    result = _execute_callable(context=context, **execute_callable_kwargs)
             ^^^^^^^^^^^^^^^^^^^^^^^^^^^^^^^^^^^^^^^^^^^^^^^^^^^^^^^^^^^^^
  File "/home/airflow/.local/lib/python3.12/site-packages/airflow/models/taskinstance.py", line 734, in _execute_callable
    return ExecutionCallableRunner(
           ^^^^^^^^^^^^^^^^^^^^^^^^
  File "/home/airflow/.local/lib/python3.12/site-packages/airflow/utils/operator_helpers.py", line 252, in run
    return self.func(*args, **kwargs)
           ^^^^^^^^^^^^^^^^^^^^^^^^^^
  File "/home/airflow/.local/lib/python3.12/site-packages/airflow/models/baseoperator.py", line 424, in wrapper
    return func(self, *args, **kwargs)
           ^^^^^^^^^^^^^^^^^^^^^^^^^^^
  File "/home/airflow/.local/lib/python3.12/site-packages/airflow/operators/bash.py", line 276, in execute
    raise AirflowException(
airflow.exceptions.AirflowException: Bash command failed. The command returned a non-zero exit code 127.
[2026-08-06T05:49:02.459+0000] {local_task_job_runner.py:266} INFO - Task exited with return code 1
[2026-08-06T05:49:02.496+0000] {local_task_job_runner.py:245} INFO - ::endgroup::
