[2026-08-06T15:37:24.424+0000] {local_task_job_runner.py:123} INFO - ::group::Pre task execution logs
[2026-08-06T15:37:24.492+0000] {taskinstance.py:2614} INFO - Dependencies all met for dep_context=non-requeueable deps ti=<TaskInstance: taxi_pipeline.upload_to_bronze manual__2026-08-06T06:33:08.551682+00:00 [queued]>
[2026-08-06T15:37:24.526+0000] {taskinstance.py:2614} INFO - Dependencies all met for dep_context=requeueable deps ti=<TaskInstance: taxi_pipeline.upload_to_bronze manual__2026-08-06T06:33:08.551682+00:00 [queued]>
[2026-08-06T15:37:24.528+0000] {taskinstance.py:2867} INFO - Starting attempt 2 of 4
[2026-08-06T15:37:24.574+0000] {taskinstance.py:2890} INFO - Executing <Task(BashOperator): upload_to_bronze> on 2026-08-06 06:33:08.551682+00:00
[2026-08-06T15:37:24.597+0000] {warnings.py:112} WARNING - /home/***/.local/lib/python3.12/site-packages/***/task/task_runner/standard_task_runner.py:70: DeprecationWarning: This process (pid=227) is multi-threaded, use of fork() may lead to deadlocks in the child.
  pid = os.fork()

[2026-08-06T15:37:24.604+0000] {standard_task_runner.py:72} INFO - Started process 246 to run task
[2026-08-06T15:37:24.604+0000] {standard_task_runner.py:104} INFO - Running: ['***', 'tasks', 'run', 'taxi_pipeline', 'upload_to_bronze', 'manual__2026-08-06T06:33:08.551682+00:00', '--job-id', '210', '--raw', '--subdir', 'DAGS_FOLDER/taxi_pipeline_dag.py', '--cfg-path', '/tmp/tmpt8lvvs7v']
[2026-08-06T15:37:24.607+0000] {standard_task_runner.py:105} INFO - Job 210: Subtask upload_to_bronze
[2026-08-06T15:37:25.377+0000] {task_command.py:467} INFO - Running <TaskInstance: taxi_pipeline.upload_to_bronze manual__2026-08-06T06:33:08.551682+00:00 [running]> on host b456c799bc18
[2026-08-06T15:37:25.612+0000] {taskinstance.py:3134} INFO - Exporting env vars: AIRFLOW_CTX_DAG_OWNER='***' AIRFLOW_CTX_DAG_ID='taxi_pipeline' AIRFLOW_CTX_TASK_ID='upload_to_bronze' AIRFLOW_CTX_EXECUTION_DATE='2026-08-06T06:33:08.551682+00:00' AIRFLOW_CTX_TRY_NUMBER='2' AIRFLOW_CTX_DAG_RUN_ID='manual__2026-08-06T06:33:08.551682+00:00'
[2026-08-06T15:37:25.616+0000] {logging_mixin.py:190} INFO - Task instance is in running state
[2026-08-06T15:37:25.620+0000] {logging_mixin.py:190} INFO -  Previous state of the Task instance: queued
[2026-08-06T15:37:25.622+0000] {logging_mixin.py:190} INFO - Current task name:upload_to_bronze state:running start_date:2026-08-06 15:37:24.495700+00:00
[2026-08-06T15:37:25.624+0000] {logging_mixin.py:190} INFO - Dag name:taxi_pipeline and current dag run status:running
[2026-08-06T15:37:25.627+0000] {taskinstance.py:732} INFO - ::endgroup::
[2026-08-06T15:37:25.631+0000] {subprocess.py:78} INFO - Tmp dir root location: /tmp
[2026-08-06T15:37:25.636+0000] {subprocess.py:88} INFO - Running command: ['/usr/bin/bash', '-c', 'python /opt/project/ingestion/upload_to_s3.py']
[2026-08-06T15:37:25.681+0000] {subprocess.py:99} INFO - Output:
[2026-08-06T15:37:28.417+0000] {subprocess.py:106} INFO - 2026-08-06 15:37:28,416 - INFO - Uploading NYC Taxi data...
[2026-08-06T15:37:28.419+0000] {subprocess.py:106} INFO - 2026-08-06 15:37:28,417 - ERROR - File does not exist
[2026-08-06T15:37:28.421+0000] {subprocess.py:106} INFO - Starting Bronze upload...
[2026-08-06T15:37:28.423+0000] {subprocess.py:106} INFO - Finished Bronze upload successfully.
[2026-08-06T15:37:28.807+0000] {subprocess.py:110} INFO - Command exited with return code 0
[2026-08-06T15:37:28.891+0000] {taskinstance.py:341} INFO - ::group::Post task execution logs
[2026-08-06T15:37:28.893+0000] {taskinstance.py:353} INFO - Marking task as SUCCESS. dag_id=taxi_pipeline, task_id=upload_to_bronze, run_id=manual__2026-08-06T06:33:08.551682+00:00, execution_date=20260806T063308, start_date=20260806T153724, end_date=20260806T153728
[2026-08-06T15:37:28.970+0000] {logging_mixin.py:190} INFO - Task instance in success state
[2026-08-06T15:37:28.972+0000] {logging_mixin.py:190} INFO -  Previous state of the Task instance: running
[2026-08-06T15:37:28.974+0000] {logging_mixin.py:190} INFO - Dag name:taxi_pipeline queued_at:2026-08-06 06:33:08.599264+00:00
[2026-08-06T15:37:28.977+0000] {logging_mixin.py:190} INFO - Task hostname:b456c799bc18 operator:BashOperator
[2026-08-06T15:37:29.023+0000] {local_task_job_runner.py:266} INFO - Task exited with return code 0
[2026-08-06T15:37:29.615+0000] {standard_task_runner.py:217} INFO - Process not found (most likely exited), stop collecting metrics
[2026-08-06T15:37:29.618+0000] {taskinstance.py:3901} INFO - 1 downstream tasks scheduled from follow-on schedule check
[2026-08-06T15:37:29.627+0000] {local_task_job_runner.py:245} INFO - ::endgroup::
