[2026-08-06T15:56:28.310+0000] {local_task_job_runner.py:123} INFO - ::group::Pre task execution logs
[2026-08-06T15:56:28.345+0000] {taskinstance.py:2614} INFO - Dependencies all met for dep_context=non-requeueable deps ti=<TaskInstance: taxi_pipeline.download_data manual__2026-08-06T15:56:22.442827+00:00 [queued]>
[2026-08-06T15:56:28.370+0000] {taskinstance.py:2614} INFO - Dependencies all met for dep_context=requeueable deps ti=<TaskInstance: taxi_pipeline.download_data manual__2026-08-06T15:56:22.442827+00:00 [queued]>
[2026-08-06T15:56:28.372+0000] {taskinstance.py:2867} INFO - Starting attempt 1 of 3
[2026-08-06T15:56:28.427+0000] {taskinstance.py:2890} INFO - Executing <Task(BashOperator): download_data> on 2026-08-06 15:56:22.442827+00:00
[2026-08-06T15:56:28.457+0000] {standard_task_runner.py:104} INFO - Running: ['***', 'tasks', 'run', 'taxi_pipeline', 'download_data', 'manual__2026-08-06T15:56:22.442827+00:00', '--job-id', '240', '--raw', '--subdir', 'DAGS_FOLDER/taxi_pipeline_dag.py', '--cfg-path', '/tmp/tmpszbhlree']
[2026-08-06T15:56:28.454+0000] {warnings.py:112} WARNING - /home/***/.local/lib/python3.12/site-packages/***/task/task_runner/standard_task_runner.py:70: DeprecationWarning: This process (pid=115) is multi-threaded, use of fork() may lead to deadlocks in the child.
  pid = os.fork()

[2026-08-06T15:56:28.461+0000] {standard_task_runner.py:105} INFO - Job 240: Subtask download_data
[2026-08-06T15:56:28.461+0000] {standard_task_runner.py:72} INFO - Started process 117 to run task
[2026-08-06T15:56:28.624+0000] {task_command.py:467} INFO - Running <TaskInstance: taxi_pipeline.download_data manual__2026-08-06T15:56:22.442827+00:00 [running]> on host 47653b4dafad
[2026-08-06T15:56:29.542+0000] {taskinstance.py:3134} INFO - Exporting env vars: AIRFLOW_CTX_DAG_OWNER='***' AIRFLOW_CTX_DAG_ID='taxi_pipeline' AIRFLOW_CTX_TASK_ID='download_data' AIRFLOW_CTX_EXECUTION_DATE='2026-08-06T15:56:22.442827+00:00' AIRFLOW_CTX_TRY_NUMBER='1' AIRFLOW_CTX_DAG_RUN_ID='manual__2026-08-06T15:56:22.442827+00:00'
[2026-08-06T15:56:29.545+0000] {logging_mixin.py:190} INFO - Task instance is in running state
[2026-08-06T15:56:29.547+0000] {logging_mixin.py:190} INFO -  Previous state of the Task instance: queued
[2026-08-06T15:56:29.549+0000] {logging_mixin.py:190} INFO - Current task name:download_data state:running start_date:2026-08-06 15:56:28.347107+00:00
[2026-08-06T15:56:29.550+0000] {logging_mixin.py:190} INFO - Dag name:taxi_pipeline and current dag run status:running
[2026-08-06T15:56:29.551+0000] {taskinstance.py:732} INFO - ::endgroup::
[2026-08-06T15:56:29.553+0000] {subprocess.py:78} INFO - Tmp dir root location: /tmp
[2026-08-06T15:56:29.555+0000] {subprocess.py:88} INFO - Running command: ['/usr/bin/bash', '-c', 'python /opt/project/ingestion/download_taxi_data.py']
[2026-08-06T15:56:29.582+0000] {subprocess.py:99} INFO - Output:
[2026-08-06T15:56:31.251+0000] {subprocess.py:106} INFO - 2026-08-06 15:56:31,251 - INFO - Starting download...
[2026-08-06T15:56:31.482+0000] {subprocess.py:106} INFO - 2026-08-06 15:56:31,481 - INFO - Downloading NYC Taxi July 2025 data...
[2026-08-06T15:57:08.273+0000] {subprocess.py:106} INFO - 2026-08-06 15:57:08,271 - INFO - Download complete! Saved to data/raw/yellow_tripdata_2025-07.parquet
[2026-08-06T15:57:08.347+0000] {subprocess.py:110} INFO - Command exited with return code 0
[2026-08-06T15:57:08.495+0000] {taskinstance.py:341} INFO - ::group::Post task execution logs
[2026-08-06T15:57:08.498+0000] {taskinstance.py:353} INFO - Marking task as SUCCESS. dag_id=taxi_pipeline, task_id=download_data, run_id=manual__2026-08-06T15:56:22.442827+00:00, execution_date=20260806T155622, start_date=20260806T155628, end_date=20260806T155708
[2026-08-06T15:57:08.566+0000] {logging_mixin.py:190} INFO - Task instance in success state
[2026-08-06T15:57:08.569+0000] {logging_mixin.py:190} INFO -  Previous state of the Task instance: running
[2026-08-06T15:57:08.571+0000] {logging_mixin.py:190} INFO - Dag name:taxi_pipeline queued_at:2026-08-06 15:56:22.492236+00:00
[2026-08-06T15:57:08.572+0000] {logging_mixin.py:190} INFO - Task hostname:47653b4dafad operator:BashOperator
[2026-08-06T15:57:08.628+0000] {local_task_job_runner.py:266} INFO - Task exited with return code 0
[2026-08-06T15:57:09.293+0000] {taskinstance.py:3901} INFO - 1 downstream tasks scheduled from follow-on schedule check
[2026-08-06T15:57:09.327+0000] {local_task_job_runner.py:245} INFO - ::endgroup::
