[2026-08-06T05:53:43.610+0000] {local_task_job_runner.py:123} INFO - ::group::Pre task execution logs
[2026-08-06T05:53:43.695+0000] {taskinstance.py:2614} INFO - Dependencies all met for dep_context=non-requeueable deps ti=<TaskInstance: taxi_pipeline.silver_to_gold manual__2026-08-06T05:53:38.430780+00:00 [queued]>
[2026-08-06T05:53:43.744+0000] {taskinstance.py:2614} INFO - Dependencies all met for dep_context=requeueable deps ti=<TaskInstance: taxi_pipeline.silver_to_gold manual__2026-08-06T05:53:38.430780+00:00 [queued]>
[2026-08-06T05:53:43.771+0000] {taskinstance.py:2867} INFO - Starting attempt 1 of 3
[2026-08-06T05:53:43.820+0000] {taskinstance.py:2890} INFO - Executing <Task(BashOperator): silver_to_gold> on 2026-08-06 05:53:38.430780+00:00
[2026-08-06T05:53:43.841+0000] {warnings.py:112} WARNING - /home/***/.local/lib/python3.12/site-packages/***/task/task_runner/standard_task_runner.py:70: DeprecationWarning: This process (pid=450) is multi-threaded, use of fork() may lead to deadlocks in the child.
  pid = os.fork()

[2026-08-06T05:53:43.846+0000] {standard_task_runner.py:104} INFO - Running: ['***', 'tasks', 'run', 'taxi_pipeline', 'silver_to_gold', 'manual__2026-08-06T05:53:38.430780+00:00', '--job-id', '107', '--raw', '--subdir', 'DAGS_FOLDER/taxi_pipeline_dag.py', '--cfg-path', '/tmp/tmp_qd276bz']
[2026-08-06T05:53:43.848+0000] {standard_task_runner.py:72} INFO - Started process 465 to run task
[2026-08-06T05:53:43.850+0000] {standard_task_runner.py:105} INFO - Job 107: Subtask silver_to_gold
[2026-08-06T05:53:44.569+0000] {task_command.py:467} INFO - Running <TaskInstance: taxi_pipeline.silver_to_gold manual__2026-08-06T05:53:38.430780+00:00 [running]> on host 745fbce30acf
[2026-08-06T05:53:44.814+0000] {taskinstance.py:3134} INFO - Exporting env vars: AIRFLOW_CTX_DAG_OWNER='***' AIRFLOW_CTX_DAG_ID='taxi_pipeline' AIRFLOW_CTX_TASK_ID='silver_to_gold' AIRFLOW_CTX_EXECUTION_DATE='2026-08-06T05:53:38.430780+00:00' AIRFLOW_CTX_TRY_NUMBER='1' AIRFLOW_CTX_DAG_RUN_ID='manual__2026-08-06T05:53:38.430780+00:00'
[2026-08-06T05:53:44.817+0000] {logging_mixin.py:190} INFO - Task instance is in running state
[2026-08-06T05:53:44.819+0000] {logging_mixin.py:190} INFO -  Previous state of the Task instance: queued
[2026-08-06T05:53:44.820+0000] {logging_mixin.py:190} INFO - Current task name:silver_to_gold state:running start_date:2026-08-06 05:53:43.702978+00:00
[2026-08-06T05:53:44.821+0000] {logging_mixin.py:190} INFO - Dag name:taxi_pipeline and current dag run status:running
[2026-08-06T05:53:44.823+0000] {taskinstance.py:732} INFO - ::endgroup::
[2026-08-06T05:53:44.826+0000] {subprocess.py:78} INFO - Tmp dir root location: /tmp
[2026-08-06T05:53:44.830+0000] {subprocess.py:88} INFO - Running command: ['/usr/bin/bash', '-c', '/opt/spark/bin/spark-submit /opt/project/transform/silver_to_gold.py']
[2026-08-06T05:53:44.867+0000] {subprocess.py:99} INFO - Output:
[2026-08-06T05:53:44.870+0000] {subprocess.py:106} INFO - /usr/bin/bash: line 1: /opt/spark/bin/spark-submit: No such file or directory
[2026-08-06T05:53:44.872+0000] {subprocess.py:110} INFO - Command exited with return code 127
[2026-08-06T05:53:44.911+0000] {taskinstance.py:3313} ERROR - Task failed with exception
Traceback (most recent call last):
  File "/home/airflow/.local/lib/python3.12/site-packages/airflow/models/taskinstance.py", line 768, in _execute_task
    result = _execute_callable(context=context, **execute_callable_kwargs)
             ^^^^^^^^^^^^^^^^^^^^^^^^^^^^^^^^^^^^^^^^^^^^^^^^^^^^^^^^^^^^^
  File "/home/airflow/.local/lib/python3.12/site-packages/airflow/models/taskinstance.py", line 734, in _execute_callable
    return ExecutionCallableRunner(
           ^^^^^^^^^^^^^^^^^^^^^^^^
  File "/home/airflow/.local/lib/python3.12/site-packages/airflow/utils/operator_helpers.py", line 252, in run
    return self.func(*args, **kwargs)
           ^^^^^^^^^^^^^^^^^^^^^^^^^^
  File "/home/airflow/.local/lib/python3.12/site-packages/airflow/models/baseoperator.py", line 424, in wrapper
    return func(self, *args, **kwargs)
           ^^^^^^^^^^^^^^^^^^^^^^^^^^^
  File "/home/airflow/.local/lib/python3.12/site-packages/airflow/operators/bash.py", line 276, in execute
    raise AirflowException(
airflow.exceptions.AirflowException: Bash command failed. The command returned a non-zero exit code 127.
[2026-08-06T05:53:44.931+0000] {logging_mixin.py:190} INFO - Task instance in failure state
[2026-08-06T05:53:44.933+0000] {logging_mixin.py:190} INFO - Task start:2026-08-06 05:53:43.702978+00:00 end:2026-08-06 05:53:44.930414+00:00 duration:1.227436
[2026-08-06T05:53:44.935+0000] {logging_mixin.py:190} INFO - Task:<Task(BashOperator): silver_to_gold> dag:<DAG: taxi_pipeline> dagrun:<DagRun taxi_pipeline @ 2026-08-06 05:53:38.430780+00:00: manual__2026-08-06T05:53:38.430780+00:00, state:running, queued_at: 2026-08-06 05:53:38.459668+00:00. externally triggered: True>
[2026-08-06T05:53:44.936+0000] {logging_mixin.py:190} INFO - Failure caused by Bash command failed. The command returned a non-zero exit code 127.
[2026-08-06T05:53:44.937+0000] {taskinstance.py:1226} INFO - Marking task as UP_FOR_RETRY. dag_id=taxi_pipeline, task_id=silver_to_gold, run_id=manual__2026-08-06T05:53:38.430780+00:00, execution_date=20260806T055338, start_date=20260806T055343, end_date=20260806T055344
[2026-08-06T05:53:45.041+0000] {taskinstance.py:341} INFO - ::group::Post task execution logs
[2026-08-06T05:53:45.043+0000] {standard_task_runner.py:124} ERROR - Failed to execute job 107 for task silver_to_gold (Bash command failed. The command returned a non-zero exit code 127.; 465)
Traceback (most recent call last):
  File "/home/airflow/.local/lib/python3.12/site-packages/airflow/task/task_runner/standard_task_runner.py", line 117, in _start_by_fork
    ret = args.func(args, dag=self.dag)
          ^^^^^^^^^^^^^^^^^^^^^^^^^^^^^
  File "/home/airflow/.local/lib/python3.12/site-packages/airflow/cli/cli_config.py", line 49, in command
    return func(*args, **kwargs)
           ^^^^^^^^^^^^^^^^^^^^^
  File "/home/airflow/.local/lib/python3.12/site-packages/airflow/utils/cli.py", line 116, in wrapper
    return f(*args, **kwargs)
           ^^^^^^^^^^^^^^^^^^
  File "/home/airflow/.local/lib/python3.12/site-packages/airflow/cli/commands/task_command.py", line 483, in task_run
    task_return_code = _run_task_by_selected_method(args, _dag, ti)
                       ^^^^^^^^^^^^^^^^^^^^^^^^^^^^^^^^^^^^^^^^^^^^
  File "/home/airflow/.local/lib/python3.12/site-packages/airflow/cli/commands/task_command.py", line 256, in _run_task_by_selected_method
    return _run_raw_task(args, ti)
           ^^^^^^^^^^^^^^^^^^^^^^^
  File "/home/airflow/.local/lib/python3.12/site-packages/airflow/cli/commands/task_command.py", line 341, in _run_raw_task
    return ti._run_raw_task(
           ^^^^^^^^^^^^^^^^^
  File "/home/airflow/.local/lib/python3.12/site-packages/airflow/utils/session.py", line 97, in wrapper
    return func(*args, session=session, **kwargs)
           ^^^^^^^^^^^^^^^^^^^^^^^^^^^^^^^^^^^^^^
  File "/home/airflow/.local/lib/python3.12/site-packages/airflow/models/taskinstance.py", line 3006, in _run_raw_task
    return _run_raw_task(
           ^^^^^^^^^^^^^^
  File "/home/airflow/.local/lib/python3.12/site-packages/airflow/models/taskinstance.py", line 274, in _run_raw_task
    TaskInstance._execute_task_with_callbacks(
  File "/home/airflow/.local/lib/python3.12/site-packages/airflow/models/taskinstance.py", line 3161, in _execute_task_with_callbacks
    result = self._execute_task(context, task_orig)
             ^^^^^^^^^^^^^^^^^^^^^^^^^^^^^^^^^^^^^^
  File "/home/airflow/.local/lib/python3.12/site-packages/airflow/models/taskinstance.py", line 3185, in _execute_task
    return _execute_task(self, context, task_orig)
           ^^^^^^^^^^^^^^^^^^^^^^^^^^^^^^^^^^^^^^^
  File "/home/airflow/.local/lib/python3.12/site-packages/airflow/models/taskinstance.py", line 768, in _execute_task
    result = _execute_callable(context=context, **execute_callable_kwargs)
             ^^^^^^^^^^^^^^^^^^^^^^^^^^^^^^^^^^^^^^^^^^^^^^^^^^^^^^^^^^^^^
  File "/home/airflow/.local/lib/python3.12/site-packages/airflow/models/taskinstance.py", line 734, in _execute_callable
    return ExecutionCallableRunner(
           ^^^^^^^^^^^^^^^^^^^^^^^^
  File "/home/airflow/.local/lib/python3.12/site-packages/airflow/utils/operator_helpers.py", line 252, in run
    return self.func(*args, **kwargs)
           ^^^^^^^^^^^^^^^^^^^^^^^^^^
  File "/home/airflow/.local/lib/python3.12/site-packages/airflow/models/baseoperator.py", line 424, in wrapper
    return func(self, *args, **kwargs)
           ^^^^^^^^^^^^^^^^^^^^^^^^^^^
  File "/home/airflow/.local/lib/python3.12/site-packages/airflow/operators/bash.py", line 276, in execute
    raise AirflowException(
airflow.exceptions.AirflowException: Bash command failed. The command returned a non-zero exit code 127.
[2026-08-06T05:53:45.118+0000] {local_task_job_runner.py:266} INFO - Task exited with return code 1
[2026-08-06T05:53:45.527+0000] {taskinstance.py:3901} INFO - 0 downstream tasks scheduled from follow-on schedule check
[2026-08-06T05:53:45.533+0000] {local_task_job_runner.py:245} INFO - ::endgroup::
