[2026-08-06T15:33:01.895+0000] {local_task_job_runner.py:123} INFO - ::group::Pre task execution logs
[2026-08-06T15:33:02.415+0000] {taskinstance.py:2614} INFO - Dependencies all met for dep_context=non-requeueable deps ti=<TaskInstance: taxi_pipeline.download_data manual__2026-08-06T06:33:08.551682+00:00 [queued]>
[2026-08-06T15:33:02.442+0000] {taskinstance.py:2614} INFO - Dependencies all met for dep_context=requeueable deps ti=<TaskInstance: taxi_pipeline.download_data manual__2026-08-06T06:33:08.551682+00:00 [queued]>
[2026-08-06T15:33:02.445+0000] {taskinstance.py:2867} INFO - Starting attempt 2 of 4
[2026-08-06T15:33:02.494+0000] {taskinstance.py:2890} INFO - Executing <Task(BashOperator): download_data> on 2026-08-06 06:33:08.551682+00:00
[2026-08-06T15:33:02.533+0000] {standard_task_runner.py:104} INFO - Running: ['***', 'tasks', 'run', 'taxi_pipeline', 'download_data', 'manual__2026-08-06T06:33:08.551682+00:00', '--job-id', '201', '--raw', '--subdir', 'DAGS_FOLDER/taxi_pipeline_dag.py', '--cfg-path', '/tmp/tmpd7mmmq_m']
[2026-08-06T15:33:02.521+0000] {warnings.py:112} WARNING - /home/***/.local/lib/python3.12/site-packages/***/task/task_runner/standard_task_runner.py:70: DeprecationWarning: This process (pid=125) is multi-threaded, use of fork() may lead to deadlocks in the child.
  pid = os.fork()

[2026-08-06T15:33:02.536+0000] {standard_task_runner.py:105} INFO - Job 201: Subtask download_data
[2026-08-06T15:33:02.537+0000] {standard_task_runner.py:72} INFO - Started process 141 to run task
[2026-08-06T15:33:02.780+0000] {task_command.py:467} INFO - Running <TaskInstance: taxi_pipeline.download_data manual__2026-08-06T06:33:08.551682+00:00 [running]> on host b456c799bc18
[2026-08-06T15:33:03.187+0000] {taskinstance.py:3134} INFO - Exporting env vars: AIRFLOW_CTX_DAG_OWNER='***' AIRFLOW_CTX_DAG_ID='taxi_pipeline' AIRFLOW_CTX_TASK_ID='download_data' AIRFLOW_CTX_EXECUTION_DATE='2026-08-06T06:33:08.551682+00:00' AIRFLOW_CTX_TRY_NUMBER='2' AIRFLOW_CTX_DAG_RUN_ID='manual__2026-08-06T06:33:08.551682+00:00'
[2026-08-06T15:33:03.198+0000] {logging_mixin.py:190} INFO - Task instance is in running state
[2026-08-06T15:33:03.202+0000] {logging_mixin.py:190} INFO -  Previous state of the Task instance: queued
[2026-08-06T15:33:03.208+0000] {logging_mixin.py:190} INFO - Current task name:download_data state:running start_date:2026-08-06 15:33:02.417421+00:00
[2026-08-06T15:33:03.210+0000] {logging_mixin.py:190} INFO - Dag name:taxi_pipeline and current dag run status:running
[2026-08-06T15:33:03.212+0000] {taskinstance.py:732} INFO - ::endgroup::
[2026-08-06T15:33:03.217+0000] {subprocess.py:78} INFO - Tmp dir root location: /tmp
[2026-08-06T15:33:03.228+0000] {subprocess.py:88} INFO - Running command: ['/usr/bin/bash', '-c', 'python /opt/project/ingestion/download_taxi_data.py']
[2026-08-06T15:33:03.288+0000] {subprocess.py:99} INFO - Output:
[2026-08-06T15:33:06.760+0000] {subprocess.py:106} INFO - 2026-08-06 15:33:06,760 - INFO - Starting download...
[2026-08-06T15:33:06.980+0000] {subprocess.py:106} INFO - 2026-08-06 15:33:06,978 - INFO - Downloading NYC Taxi July 2025 data...
[2026-08-06T15:37:11.511+0000] {subprocess.py:106} INFO - 2026-08-06 15:37:11,510 - INFO - Download complete! Saved to data/raw/yellow_tripdata_2025-07.parquet
[2026-08-06T15:37:11.725+0000] {subprocess.py:110} INFO - Command exited with return code 0
[2026-08-06T15:37:11.853+0000] {taskinstance.py:341} INFO - ::group::Post task execution logs
[2026-08-06T15:37:11.858+0000] {taskinstance.py:353} INFO - Marking task as SUCCESS. dag_id=taxi_pipeline, task_id=download_data, run_id=manual__2026-08-06T06:33:08.551682+00:00, execution_date=20260806T063308, start_date=20260806T153302, end_date=20260806T153711
[2026-08-06T15:37:11.947+0000] {logging_mixin.py:190} INFO - Task instance in success state
[2026-08-06T15:37:11.948+0000] {logging_mixin.py:190} INFO -  Previous state of the Task instance: running
[2026-08-06T15:37:11.950+0000] {logging_mixin.py:190} INFO - Dag name:taxi_pipeline queued_at:2026-08-06 06:33:08.599264+00:00
[2026-08-06T15:37:11.951+0000] {logging_mixin.py:190} INFO - Task hostname:b456c799bc18 operator:BashOperator
[2026-08-06T15:37:11.995+0000] {local_task_job_runner.py:266} INFO - Task exited with return code 0
[2026-08-06T15:37:12.092+0000] {taskinstance.py:3901} INFO - 1 downstream tasks scheduled from follow-on schedule check
[2026-08-06T15:37:12.097+0000] {local_task_job_runner.py:245} INFO - ::endgroup::
