[2026-08-06T17:08:20.452+0000] {local_task_job_runner.py:123} INFO - ::group::Pre task execution logs
[2026-08-06T17:08:20.476+0000] {taskinstance.py:2614} INFO - Dependencies all met for dep_context=non-requeueable deps ti=<TaskInstance: taxi_pipeline.silver_to_gold manual__2026-08-06T17:06:34.820630+00:00 [queued]>
[2026-08-06T17:08:20.487+0000] {taskinstance.py:2614} INFO - Dependencies all met for dep_context=requeueable deps ti=<TaskInstance: taxi_pipeline.silver_to_gold manual__2026-08-06T17:06:34.820630+00:00 [queued]>
[2026-08-06T17:08:20.489+0000] {taskinstance.py:2867} INFO - Starting attempt 1 of 3
[2026-08-06T17:08:20.659+0000] {taskinstance.py:2890} INFO - Executing <Task(BashOperator): silver_to_gold> on 2026-08-06 17:06:34.820630+00:00
[2026-08-06T17:08:20.669+0000] {warnings.py:112} WARNING - /home/***/.local/lib/python3.12/site-packages/***/task/task_runner/standard_task_runner.py:70: DeprecationWarning: This process (pid=133) is multi-threaded, use of fork() may lead to deadlocks in the child.
  pid = os.fork()

[2026-08-06T17:08:20.672+0000] {standard_task_runner.py:72} INFO - Started process 135 to run task
[2026-08-06T17:08:20.674+0000] {standard_task_runner.py:104} INFO - Running: ['***', 'tasks', 'run', 'taxi_pipeline', 'silver_to_gold', 'manual__2026-08-06T17:06:34.820630+00:00', '--job-id', '305', '--raw', '--subdir', 'DAGS_FOLDER/taxi_pipeline_dag.py', '--cfg-path', '/tmp/tmpk44u8wz0']
[2026-08-06T17:08:20.675+0000] {standard_task_runner.py:105} INFO - Job 305: Subtask silver_to_gold
[2026-08-06T17:08:20.725+0000] {task_command.py:467} INFO - Running <TaskInstance: taxi_pipeline.silver_to_gold manual__2026-08-06T17:06:34.820630+00:00 [running]> on host 7f6200aff2a1
[2026-08-06T17:08:20.807+0000] {taskinstance.py:3134} INFO - Exporting env vars: AIRFLOW_CTX_DAG_OWNER='***' AIRFLOW_CTX_DAG_ID='taxi_pipeline' AIRFLOW_CTX_TASK_ID='silver_to_gold' AIRFLOW_CTX_EXECUTION_DATE='2026-08-06T17:06:34.820630+00:00' AIRFLOW_CTX_TRY_NUMBER='1' AIRFLOW_CTX_DAG_RUN_ID='manual__2026-08-06T17:06:34.820630+00:00'
[2026-08-06T17:08:20.809+0000] {logging_mixin.py:190} INFO - Task instance is in running state
[2026-08-06T17:08:20.810+0000] {logging_mixin.py:190} INFO -  Previous state of the Task instance: queued
[2026-08-06T17:08:20.810+0000] {logging_mixin.py:190} INFO - Current task name:silver_to_gold state:running start_date:2026-08-06 17:08:20.477243+00:00
[2026-08-06T17:08:20.811+0000] {logging_mixin.py:190} INFO - Dag name:taxi_pipeline and current dag run status:running
[2026-08-06T17:08:20.812+0000] {taskinstance.py:732} INFO - ::endgroup::
[2026-08-06T17:08:20.813+0000] {subprocess.py:78} INFO - Tmp dir root location: /tmp
[2026-08-06T17:08:20.814+0000] {subprocess.py:88} INFO - Running command: ['/usr/bin/bash', '-c', '\n        docker exec spark         spark-submit /opt/project/transform/silver_to_gold.py\n        ']
[2026-08-06T17:08:20.827+0000] {subprocess.py:99} INFO - Output:
[2026-08-06T17:08:21.257+0000] {subprocess.py:106} INFO - WARNING: Using incubator modules: jdk.incubator.vector
[2026-08-06T17:08:23.398+0000] {subprocess.py:106} INFO - Using Spark's default log4j profile: org/apache/spark/log4j2-defaults.properties
[2026-08-06T17:08:23.408+0000] {subprocess.py:106} INFO - 26/08/06 17:08:23 INFO SparkContext: Running Spark version 4.0.0
[2026-08-06T17:08:23.412+0000] {subprocess.py:106} INFO - 26/08/06 17:08:23 INFO SparkContext: OS info Linux, 5.15.167.4-microsoft-standard-WSL2, amd64
[2026-08-06T17:08:23.413+0000] {subprocess.py:106} INFO - 26/08/06 17:08:23 INFO SparkContext: Java version 17.0.15
[2026-08-06T17:08:23.528+0000] {subprocess.py:106} INFO - 26/08/06 17:08:23 WARN NativeCodeLoader: Unable to load native-hadoop library for your platform... using builtin-java classes where applicable
[2026-08-06T17:08:23.590+0000] {subprocess.py:106} INFO - 26/08/06 17:08:23 INFO ResourceUtils: ==============================================================
[2026-08-06T17:08:23.591+0000] {subprocess.py:106} INFO - 26/08/06 17:08:23 INFO ResourceUtils: No custom resources configured for spark.driver.
[2026-08-06T17:08:23.592+0000] {subprocess.py:106} INFO - 26/08/06 17:08:23 INFO ResourceUtils: ==============================================================
[2026-08-06T17:08:23.593+0000] {subprocess.py:106} INFO - 26/08/06 17:08:23 INFO SparkContext: Submitted application: SilverToGold
[2026-08-06T17:08:23.616+0000] {subprocess.py:106} INFO - 26/08/06 17:08:23 INFO ResourceProfile: Default ResourceProfile created, executor resources: Map(cores -> name: cores, amount: 1, script: , vendor: , memory -> name: memory, amount: 1024, script: , vendor: , offHeap -> name: offHeap, amount: 0, script: , vendor: ), task resources: Map(cpus -> name: cpus, amount: 1.0)
[2026-08-06T17:08:23.619+0000] {subprocess.py:106} INFO - 26/08/06 17:08:23 INFO ResourceProfile: Limiting resource is cpu
[2026-08-06T17:08:23.622+0000] {subprocess.py:106} INFO - 26/08/06 17:08:23 INFO ResourceProfileManager: Added ResourceProfile id: 0
[2026-08-06T17:08:23.662+0000] {subprocess.py:106} INFO - 26/08/06 17:08:23 INFO SecurityManager: Changing view acls to: spark
[2026-08-06T17:08:23.664+0000] {subprocess.py:106} INFO - 26/08/06 17:08:23 INFO SecurityManager: Changing modify acls to: spark
[2026-08-06T17:08:23.665+0000] {subprocess.py:106} INFO - 26/08/06 17:08:23 INFO SecurityManager: Changing view acls groups to: spark
[2026-08-06T17:08:23.666+0000] {subprocess.py:106} INFO - 26/08/06 17:08:23 INFO SecurityManager: Changing modify acls groups to: spark
[2026-08-06T17:08:23.671+0000] {subprocess.py:106} INFO - 26/08/06 17:08:23 INFO SecurityManager: SecurityManager: authentication disabled; ui acls disabled; users with view permissions: spark groups with view permissions: EMPTY; users with modify permissions: spark; groups with modify permissions: EMPTY; RPC SSL disabled
[2026-08-06T17:08:23.952+0000] {subprocess.py:106} INFO - 26/08/06 17:08:23 INFO Utils: Successfully started service 'sparkDriver' on port 40681.
[2026-08-06T17:08:24.007+0000] {subprocess.py:106} INFO - 26/08/06 17:08:24 INFO SparkEnv: Registering MapOutputTracker
[2026-08-06T17:08:24.022+0000] {subprocess.py:106} INFO - 26/08/06 17:08:24 INFO SparkEnv: Registering BlockManagerMaster
[2026-08-06T17:08:24.045+0000] {subprocess.py:106} INFO - 26/08/06 17:08:24 INFO BlockManagerMasterEndpoint: Using org.apache.spark.storage.DefaultTopologyMapper for getting topology information
[2026-08-06T17:08:24.046+0000] {subprocess.py:106} INFO - 26/08/06 17:08:24 INFO BlockManagerMasterEndpoint: BlockManagerMasterEndpoint up
[2026-08-06T17:08:24.051+0000] {subprocess.py:106} INFO - 26/08/06 17:08:24 INFO SparkEnv: Registering BlockManagerMasterHeartbeat
[2026-08-06T17:08:24.079+0000] {subprocess.py:106} INFO - 26/08/06 17:08:24 INFO DiskBlockManager: Created local directory at /tmp/blockmgr-084f6bf6-c9a2-4cce-b022-f435786bc08b
[2026-08-06T17:08:24.102+0000] {subprocess.py:106} INFO - 26/08/06 17:08:24 INFO SparkEnv: Registering OutputCommitCoordinator
[2026-08-06T17:08:24.231+0000] {subprocess.py:106} INFO - 26/08/06 17:08:24 INFO JettyUtils: Start Jetty 0.0.0.0:4040 for SparkUI
[2026-08-06T17:08:24.307+0000] {subprocess.py:106} INFO - 26/08/06 17:08:24 INFO Utils: Successfully started service 'SparkUI' on port 4040.
[2026-08-06T17:08:24.391+0000] {subprocess.py:106} INFO - 26/08/06 17:08:24 INFO SecurityManager: Changing view acls to: spark
[2026-08-06T17:08:24.393+0000] {subprocess.py:106} INFO - 26/08/06 17:08:24 INFO SecurityManager: Changing modify acls to: spark
[2026-08-06T17:08:24.394+0000] {subprocess.py:106} INFO - 26/08/06 17:08:24 INFO SecurityManager: Changing view acls groups to: spark
[2026-08-06T17:08:24.395+0000] {subprocess.py:106} INFO - 26/08/06 17:08:24 INFO SecurityManager: Changing modify acls groups to: spark
[2026-08-06T17:08:24.397+0000] {subprocess.py:106} INFO - 26/08/06 17:08:24 INFO SecurityManager: SecurityManager: authentication disabled; ui acls disabled; users with view permissions: spark groups with view permissions: EMPTY; users with modify permissions: spark; groups with modify permissions: EMPTY; RPC SSL disabled
[2026-08-06T17:08:24.542+0000] {subprocess.py:106} INFO - 26/08/06 17:08:24 INFO Executor: Starting executor ID driver on host e1de7a5f47b0
[2026-08-06T17:08:24.543+0000] {subprocess.py:106} INFO - 26/08/06 17:08:24 INFO Executor: OS info Linux, 5.15.167.4-microsoft-standard-WSL2, amd64
[2026-08-06T17:08:24.544+0000] {subprocess.py:106} INFO - 26/08/06 17:08:24 INFO Executor: Java version 17.0.15
[2026-08-06T17:08:24.560+0000] {subprocess.py:106} INFO - 26/08/06 17:08:24 INFO Executor: Starting executor with user classpath (userClassPathFirst = false): ''
[2026-08-06T17:08:24.563+0000] {subprocess.py:106} INFO - 26/08/06 17:08:24 INFO Executor: Created or updated repl class loader org.apache.spark.util.MutableURLClassLoader@73635c6a for default.
[2026-08-06T17:08:24.589+0000] {subprocess.py:106} INFO - 26/08/06 17:08:24 INFO Utils: Successfully started service 'org.apache.spark.network.netty.NettyBlockTransferService' on port 33675.
[2026-08-06T17:08:24.596+0000] {subprocess.py:106} INFO - 26/08/06 17:08:24 INFO NettyBlockTransferService: Server created on e1de7a5f47b0:33675
[2026-08-06T17:08:24.599+0000] {subprocess.py:106} INFO - 26/08/06 17:08:24 INFO BlockManager: Using org.apache.spark.storage.RandomBlockReplicationPolicy for block replication policy
[2026-08-06T17:08:24.628+0000] {subprocess.py:106} INFO - 26/08/06 17:08:24 INFO BlockManagerMaster: Registering BlockManager BlockManagerId(driver, e1de7a5f47b0, 33675, None)
[2026-08-06T17:08:24.636+0000] {subprocess.py:106} INFO - 26/08/06 17:08:24 INFO BlockManagerMasterEndpoint: Registering block manager e1de7a5f47b0:33675 with 434.4 MiB RAM, BlockManagerId(driver, e1de7a5f47b0, 33675, None)
[2026-08-06T17:08:24.640+0000] {subprocess.py:106} INFO - 26/08/06 17:08:24 INFO BlockManagerMaster: Registered BlockManager BlockManagerId(driver, e1de7a5f47b0, 33675, None)
[2026-08-06T17:08:24.641+0000] {subprocess.py:106} INFO - 26/08/06 17:08:24 INFO BlockManager: Initialized BlockManager: BlockManagerId(driver, e1de7a5f47b0, 33675, None)
[2026-08-06T17:08:27.029+0000] {subprocess.py:106} INFO - Starting Silver to Gold transformation...
[2026-08-06T17:08:29.879+0000] {subprocess.py:106} INFO - Silver schema:
[2026-08-06T17:08:29.891+0000] {subprocess.py:106} INFO - root
[2026-08-06T17:08:29.892+0000] {subprocess.py:106} INFO -  |-- vendor_id: integer (nullable = true)
[2026-08-06T17:08:29.893+0000] {subprocess.py:106} INFO -  |-- pickup_datetime: timestamp_ntz (nullable = true)
[2026-08-06T17:08:29.893+0000] {subprocess.py:106} INFO -  |-- dropoff_datetime: timestamp_ntz (nullable = true)
[2026-08-06T17:08:29.894+0000] {subprocess.py:106} INFO -  |-- passenger_count: integer (nullable = true)
[2026-08-06T17:08:29.894+0000] {subprocess.py:106} INFO -  |-- trip_distance: double (nullable = true)
[2026-08-06T17:08:29.895+0000] {subprocess.py:106} INFO -  |-- rate_code_id: integer (nullable = true)
[2026-08-06T17:08:29.896+0000] {subprocess.py:106} INFO -  |-- store_and_fwd_flag: string (nullable = true)
[2026-08-06T17:08:29.897+0000] {subprocess.py:106} INFO -  |-- pickup_location_id: integer (nullable = true)
[2026-08-06T17:08:29.897+0000] {subprocess.py:106} INFO -  |-- dropoff_location_id: integer (nullable = true)
[2026-08-06T17:08:29.898+0000] {subprocess.py:106} INFO -  |-- payment_type: integer (nullable = true)
[2026-08-06T17:08:29.898+0000] {subprocess.py:106} INFO -  |-- fare_amount: double (nullable = true)
[2026-08-06T17:08:29.899+0000] {subprocess.py:106} INFO -  |-- extra: double (nullable = true)
[2026-08-06T17:08:29.899+0000] {subprocess.py:106} INFO -  |-- mta_tax: double (nullable = true)
[2026-08-06T17:08:29.899+0000] {subprocess.py:106} INFO -  |-- tip_amount: double (nullable = true)
[2026-08-06T17:08:29.900+0000] {subprocess.py:106} INFO -  |-- tolls_amount: double (nullable = true)
[2026-08-06T17:08:29.901+0000] {subprocess.py:106} INFO -  |-- improvement_surcharge: double (nullable = true)
[2026-08-06T17:08:29.901+0000] {subprocess.py:106} INFO -  |-- total_amount: double (nullable = true)
[2026-08-06T17:08:29.902+0000] {subprocess.py:106} INFO -  |-- congestion_surcharge: double (nullable = true)
[2026-08-06T17:08:29.903+0000] {subprocess.py:106} INFO -  |-- airport_fee: double (nullable = true)
[2026-08-06T17:08:29.903+0000] {subprocess.py:106} INFO -  |-- cbd_congestion_fee: double (nullable = true)
[2026-08-06T17:08:29.904+0000] {subprocess.py:106} INFO -  |-- trip_duration_minutes: double (nullable = true)
[2026-08-06T17:08:29.904+0000] {subprocess.py:106} INFO -  |-- average_speed_mph: double (nullable = true)
[2026-08-06T17:08:29.905+0000] {subprocess.py:106} INFO -  |-- pickup_hour: integer (nullable = true)
[2026-08-06T17:08:29.905+0000] {subprocess.py:106} INFO -  |-- pickup_day_of_week: integer (nullable = true)
[2026-08-06T17:08:29.906+0000] {subprocess.py:106} INFO -  |-- is_weekend: boolean (nullable = true)
[2026-08-06T17:08:29.906+0000] {subprocess.py:106} INFO -  |-- trip_distance_category: string (nullable = true)
[2026-08-06T17:08:29.907+0000] {subprocess.py:106} INFO - 
[2026-08-06T17:08:30.246+0000] {subprocess.py:106} INFO - Daily Summary
[2026-08-06T17:08:36.160+0000] {subprocess.py:106} INFO - +----------+-----------+-----------------+-------------------------+---------------+--------------+-------------+-------------+----+-----+
[2026-08-06T17:08:36.164+0000] {subprocess.py:106} INFO - |      date|total_trips|avg_trip_distance|avg_trip_duration_minutes|avg_fare_amount|avg_tip_amount|total_revenue|avg_speed_mph|year|month|
[2026-08-06T17:08:36.165+0000] {subprocess.py:106} INFO - +----------+-----------+-----------------+-------------------------+---------------+--------------+-------------+-------------+----+-----+
[2026-08-06T17:08:36.166+0000] {subprocess.py:106} INFO - |2025-07-15|     133444|             9.06|                     17.8|          18.87|          3.08|   3714836.24|        29.27|2025|   07|
[2026-08-06T17:08:36.168+0000] {subprocess.py:106} INFO - |2025-07-21|     111317|             5.95|                     17.3|          19.17|          2.95|   3111276.65|        19.34|2025|   07|
[2026-08-06T17:08:36.169+0000] {subprocess.py:106} INFO - |2025-07-16|     144325|             6.04|                    17.39|          18.19|          2.89|    3871094.1|        18.77|2025|   07|
[2026-08-06T17:08:36.171+0000] {subprocess.py:106} INFO - |2025-07-06|      96065|             5.74|                    16.52|          20.31|          2.78|   2734715.97|        16.81|2025|   07|
[2026-08-06T17:08:36.173+0000] {subprocess.py:106} INFO - |2025-07-08|     131924|             4.66|                    16.63|          18.04|           2.8|   3503595.53|         15.0|2025|   07|
[2026-08-06T17:08:36.174+0000] {subprocess.py:106} INFO - +----------+-----------+-----------------+-------------------------+---------------+--------------+-------------+-------------+----+-----+
[2026-08-06T17:08:36.176+0000] {subprocess.py:106} INFO - only showing top 5 rows
[2026-08-06T17:08:36.264+0000] {subprocess.py:106} INFO - Hourly Demand
[2026-08-06T17:08:37.984+0000] {subprocess.py:106} INFO - +-----------+----------+-----------+--------+------------+------------+
[2026-08-06T17:08:37.985+0000] {subprocess.py:106} INFO - |pickup_hour|is_weekend|total_trips|avg_fare|avg_distance|avg_duration|
[2026-08-06T17:08:37.986+0000] {subprocess.py:106} INFO - +-----------+----------+-----------+--------+------------+------------+
[2026-08-06T17:08:37.988+0000] {subprocess.py:106} INFO - |         17|      true|      58401|   19.06|        6.42|       17.53|
[2026-08-06T17:08:37.989+0000] {subprocess.py:106} INFO - |          1|     false|      36280|   21.94|         6.4|       15.04|
[2026-08-06T17:08:37.990+0000] {subprocess.py:106} INFO - |          6|      true|      10541|   21.58|        10.7|       14.61|
[2026-08-06T17:08:37.991+0000] {subprocess.py:106} INFO - |          3|      true|      23410|   17.78|       10.03|        13.8|
[2026-08-06T17:08:37.992+0000] {subprocess.py:106} INFO - |         18|      true|      59688|   18.48|        5.52|        16.9|
[2026-08-06T17:08:37.993+0000] {subprocess.py:106} INFO - +-----------+----------+-----------+--------+------------+------------+
[2026-08-06T17:08:37.995+0000] {subprocess.py:106} INFO - only showing top 5 rows
[2026-08-06T17:08:38.093+0000] {subprocess.py:106} INFO - Location Metrics
[2026-08-06T17:08:40.130+0000] {subprocess.py:106} INFO - +------------------+-----------+-------------+--------+--------------+-----------------+
[2026-08-06T17:08:40.131+0000] {subprocess.py:106} INFO - |pickup_location_id|total_trips|total_revenue|avg_fare|avg_tip_amount|avg_trip_distance|
[2026-08-06T17:08:40.133+0000] {subprocess.py:106} INFO - +------------------+-----------+-------------+--------+--------------+-----------------+
[2026-08-06T17:08:40.134+0000] {subprocess.py:106} INFO - |               148|      48620|   1186097.98|   16.95|          1.94|             3.62|
[2026-08-06T17:08:40.135+0000] {subprocess.py:106} INFO - |               243|       4121|    117527.27|    23.7|          0.42|             6.43|
[2026-08-06T17:08:40.136+0000] {subprocess.py:106} INFO - |                31|        131|      4531.79|   28.77|          1.21|             6.75|
[2026-08-06T17:08:40.137+0000] {subprocess.py:106} INFO - |               137|      43579|     957849.4|   14.58|          1.82|            12.31|
[2026-08-06T17:08:40.138+0000] {subprocess.py:106} INFO - |                85|       1961|      55033.6|   25.19|           0.1|              5.3|
[2026-08-06T17:08:40.139+0000] {subprocess.py:106} INFO - +------------------+-----------+-------------+--------+--------------+-----------------+
[2026-08-06T17:08:40.139+0000] {subprocess.py:106} INFO - only showing top 5 rows
[2026-08-06T17:08:49.241+0000] {subprocess.py:106} INFO - Gold tables created successfully!
[2026-08-06T17:08:49.242+0000] {subprocess.py:106} INFO - Finished Gold table creation.
[2026-08-06T17:08:49.487+0000] {subprocess.py:110} INFO - Command exited with return code 0
[2026-08-06T17:08:49.515+0000] {taskinstance.py:341} INFO - ::group::Post task execution logs
[2026-08-06T17:08:49.516+0000] {taskinstance.py:353} INFO - Marking task as SUCCESS. dag_id=taxi_pipeline, task_id=silver_to_gold, run_id=manual__2026-08-06T17:06:34.820630+00:00, execution_date=20260806T170634, start_date=20260806T170820, end_date=20260806T170849
[2026-08-06T17:08:49.540+0000] {logging_mixin.py:190} INFO - Task instance in success state
[2026-08-06T17:08:49.541+0000] {logging_mixin.py:190} INFO -  Previous state of the Task instance: running
[2026-08-06T17:08:49.542+0000] {logging_mixin.py:190} INFO - Dag name:taxi_pipeline queued_at:2026-08-06 17:06:34.839635+00:00
[2026-08-06T17:08:49.542+0000] {logging_mixin.py:190} INFO - Task hostname:7f6200aff2a1 operator:BashOperator
[2026-08-06T17:08:49.576+0000] {local_task_job_runner.py:266} INFO - Task exited with return code 0
[2026-08-06T17:08:49.609+0000] {taskinstance.py:3901} INFO - 1 downstream tasks scheduled from follow-on schedule check
[2026-08-06T17:08:49.612+0000] {local_task_job_runner.py:245} INFO - ::endgroup::
