[2026-08-06T15:57:21.302+0000] {local_task_job_runner.py:123} INFO - ::group::Pre task execution logs
[2026-08-06T15:57:21.358+0000] {taskinstance.py:2614} INFO - Dependencies all met for dep_context=non-requeueable deps ti=<TaskInstance: taxi_pipeline.bronze_to_silver manual__2026-08-06T15:56:22.442827+00:00 [queued]>
[2026-08-06T15:57:21.380+0000] {taskinstance.py:2614} INFO - Dependencies all met for dep_context=requeueable deps ti=<TaskInstance: taxi_pipeline.bronze_to_silver manual__2026-08-06T15:56:22.442827+00:00 [queued]>
[2026-08-06T15:57:21.410+0000] {taskinstance.py:2867} INFO - Starting attempt 1 of 3
[2026-08-06T15:57:21.903+0000] {taskinstance.py:2890} INFO - Executing <Task(BashOperator): bronze_to_silver> on 2026-08-06 15:56:22.442827+00:00
[2026-08-06T15:57:21.928+0000] {warnings.py:112} WARNING - /home/***/.local/lib/python3.12/site-packages/***/task/task_runner/standard_task_runner.py:70: DeprecationWarning: This process (pid=139) is multi-threaded, use of fork() may lead to deadlocks in the child.
  pid = os.fork()

[2026-08-06T15:57:21.933+0000] {standard_task_runner.py:72} INFO - Started process 141 to run task
[2026-08-06T15:57:21.935+0000] {standard_task_runner.py:104} INFO - Running: ['***', 'tasks', 'run', 'taxi_pipeline', 'bronze_to_silver', 'manual__2026-08-06T15:56:22.442827+00:00', '--job-id', '242', '--raw', '--subdir', 'DAGS_FOLDER/taxi_pipeline_dag.py', '--cfg-path', '/tmp/tmp2n6_esve']
[2026-08-06T15:57:21.939+0000] {standard_task_runner.py:105} INFO - Job 242: Subtask bronze_to_silver
[2026-08-06T15:57:22.118+0000] {task_command.py:467} INFO - Running <TaskInstance: taxi_pipeline.bronze_to_silver manual__2026-08-06T15:56:22.442827+00:00 [running]> on host 47653b4dafad
[2026-08-06T15:57:22.337+0000] {taskinstance.py:3134} INFO - Exporting env vars: AIRFLOW_CTX_DAG_OWNER='***' AIRFLOW_CTX_DAG_ID='taxi_pipeline' AIRFLOW_CTX_TASK_ID='bronze_to_silver' AIRFLOW_CTX_EXECUTION_DATE='2026-08-06T15:56:22.442827+00:00' AIRFLOW_CTX_TRY_NUMBER='1' AIRFLOW_CTX_DAG_RUN_ID='manual__2026-08-06T15:56:22.442827+00:00'
[2026-08-06T15:57:22.341+0000] {logging_mixin.py:190} INFO - Task instance is in running state
[2026-08-06T15:57:22.343+0000] {logging_mixin.py:190} INFO -  Previous state of the Task instance: queued
[2026-08-06T15:57:22.345+0000] {logging_mixin.py:190} INFO - Current task name:bronze_to_silver state:running start_date:2026-08-06 15:57:21.360305+00:00
[2026-08-06T15:57:22.346+0000] {logging_mixin.py:190} INFO - Dag name:taxi_pipeline and current dag run status:running
[2026-08-06T15:57:22.348+0000] {taskinstance.py:732} INFO - ::endgroup::
[2026-08-06T15:57:22.352+0000] {subprocess.py:78} INFO - Tmp dir root location: /tmp
[2026-08-06T15:57:22.354+0000] {subprocess.py:88} INFO - Running command: ['/usr/bin/bash', '-c', '\n        docker exec spark         spark-submit /opt/project/transform/bronze_to_silver.py\n        ']
[2026-08-06T15:57:22.385+0000] {subprocess.py:99} INFO - Output:
[2026-08-06T15:57:22.447+0000] {subprocess.py:106} INFO - Cannot connect to the Docker daemon at unix:///var/run/docker.sock. Is the docker daemon running?
[2026-08-06T15:57:22.451+0000] {subprocess.py:110} INFO - Command exited with return code 1
[2026-08-06T15:57:22.517+0000] {taskinstance.py:3313} ERROR - Task failed with exception
Traceback (most recent call last):
  File "/home/airflow/.local/lib/python3.12/site-packages/airflow/models/taskinstance.py", line 768, in _execute_task
    result = _execute_callable(context=context, **execute_callable_kwargs)
             ^^^^^^^^^^^^^^^^^^^^^^^^^^^^^^^^^^^^^^^^^^^^^^^^^^^^^^^^^^^^^
  File "/home/airflow/.local/lib/python3.12/site-packages/airflow/models/taskinstance.py", line 734, in _execute_callable
    return ExecutionCallableRunner(
           ^^^^^^^^^^^^^^^^^^^^^^^^
  File "/home/airflow/.local/lib/python3.12/site-packages/airflow/utils/operator_helpers.py", line 252, in run
    return self.func(*args, **kwargs)
           ^^^^^^^^^^^^^^^^^^^^^^^^^^
  File "/home/airflow/.local/lib/python3.12/site-packages/airflow/models/baseoperator.py", line 424, in wrapper
    return func(self, *args, **kwargs)
           ^^^^^^^^^^^^^^^^^^^^^^^^^^^
  File "/home/airflow/.local/lib/python3.12/site-packages/airflow/operators/bash.py", line 276, in execute
    raise AirflowException(
airflow.exceptions.AirflowException: Bash command failed. The command returned a non-zero exit code 1.
[2026-08-06T15:57:22.534+0000] {logging_mixin.py:190} INFO - Task instance in failure state
[2026-08-06T15:57:22.537+0000] {logging_mixin.py:190} INFO - Task start:2026-08-06 15:57:21.360305+00:00 end:2026-08-06 15:57:22.533451+00:00 duration:1.173146
[2026-08-06T15:57:22.538+0000] {logging_mixin.py:190} INFO - Task:<Task(BashOperator): bronze_to_silver> dag:<DAG: taxi_pipeline> dagrun:<DagRun taxi_pipeline @ 2026-08-06 15:56:22.442827+00:00: manual__2026-08-06T15:56:22.442827+00:00, state:running, queued_at: 2026-08-06 15:56:22.492236+00:00. externally triggered: True>
[2026-08-06T15:57:22.539+0000] {logging_mixin.py:190} INFO - Failure caused by Bash command failed. The command returned a non-zero exit code 1.
[2026-08-06T15:57:22.543+0000] {taskinstance.py:1226} INFO - Marking task as UP_FOR_RETRY. dag_id=taxi_pipeline, task_id=bronze_to_silver, run_id=manual__2026-08-06T15:56:22.442827+00:00, execution_date=20260806T155622, start_date=20260806T155721, end_date=20260806T155722
[2026-08-06T15:57:22.639+0000] {taskinstance.py:341} INFO - ::group::Post task execution logs
[2026-08-06T15:57:22.642+0000] {standard_task_runner.py:124} ERROR - Failed to execute job 242 for task bronze_to_silver (Bash command failed. The command returned a non-zero exit code 1.; 141)
Traceback (most recent call last):
  File "/home/airflow/.local/lib/python3.12/site-packages/airflow/task/task_runner/standard_task_runner.py", line 117, in _start_by_fork
    ret = args.func(args, dag=self.dag)
          ^^^^^^^^^^^^^^^^^^^^^^^^^^^^^
  File "/home/airflow/.local/lib/python3.12/site-packages/airflow/cli/cli_config.py", line 49, in command
    return func(*args, **kwargs)
           ^^^^^^^^^^^^^^^^^^^^^
  File "/home/airflow/.local/lib/python3.12/site-packages/airflow/utils/cli.py", line 116, in wrapper
    return f(*args, **kwargs)
           ^^^^^^^^^^^^^^^^^^
  File "/home/airflow/.local/lib/python3.12/site-packages/airflow/cli/commands/task_command.py", line 483, in task_run
    task_return_code = _run_task_by_selected_method(args, _dag, ti)
                       ^^^^^^^^^^^^^^^^^^^^^^^^^^^^^^^^^^^^^^^^^^^^
  File "/home/airflow/.local/lib/python3.12/site-packages/airflow/cli/commands/task_command.py", line 256, in _run_task_by_selected_method
    return _run_raw_task(args, ti)
           ^^^^^^^^^^^^^^^^^^^^^^^
  File "/home/airflow/.local/lib/python3.12/site-packages/airflow/cli/commands/task_command.py", line 341, in _run_raw_task
    return ti._run_raw_task(
           ^^^^^^^^^^^^^^^^^
  File "/home/airflow/.local/lib/python3.12/site-packages/airflow/utils/session.py", line 97, in wrapper
    return func(*args, session=session, **kwargs)
           ^^^^^^^^^^^^^^^^^^^^^^^^^^^^^^^^^^^^^^
  File "/home/airflow/.local/lib/python3.12/site-packages/airflow/models/taskinstance.py", line 3006, in _run_raw_task
    return _run_raw_task(
           ^^^^^^^^^^^^^^
  File "/home/airflow/.local/lib/python3.12/site-packages/airflow/models/taskinstance.py", line 274, in _run_raw_task
    TaskInstance._execute_task_with_callbacks(
  File "/home/airflow/.local/lib/python3.12/site-packages/airflow/models/taskinstance.py", line 3161, in _execute_task_with_callbacks
    result = self._execute_task(context, task_orig)
             ^^^^^^^^^^^^^^^^^^^^^^^^^^^^^^^^^^^^^^
  File "/home/airflow/.local/lib/python3.12/site-packages/airflow/models/taskinstance.py", line 3185, in _execute_task
    return _execute_task(self, context, task_orig)
           ^^^^^^^^^^^^^^^^^^^^^^^^^^^^^^^^^^^^^^^
  File "/home/airflow/.local/lib/python3.12/site-packages/airflow/models/taskinstance.py", line 768, in _execute_task
    result = _execute_callable(context=context, **execute_callable_kwargs)
             ^^^^^^^^^^^^^^^^^^^^^^^^^^^^^^^^^^^^^^^^^^^^^^^^^^^^^^^^^^^^^
  File "/home/airflow/.local/lib/python3.12/site-packages/airflow/models/taskinstance.py", line 734, in _execute_callable
    return ExecutionCallableRunner(
           ^^^^^^^^^^^^^^^^^^^^^^^^
  File "/home/airflow/.local/lib/python3.12/site-packages/airflow/utils/operator_helpers.py", line 252, in run
    return self.func(*args, **kwargs)
           ^^^^^^^^^^^^^^^^^^^^^^^^^^
  File "/home/airflow/.local/lib/python3.12/site-packages/airflow/models/baseoperator.py", line 424, in wrapper
    return func(self, *args, **kwargs)
           ^^^^^^^^^^^^^^^^^^^^^^^^^^^
  File "/home/airflow/.local/lib/python3.12/site-packages/airflow/operators/bash.py", line 276, in execute
    raise AirflowException(
airflow.exceptions.AirflowException: Bash command failed. The command returned a non-zero exit code 1.
[2026-08-06T15:57:22.682+0000] {local_task_job_runner.py:266} INFO - Task exited with return code 1
[2026-08-06T15:57:22.734+0000] {taskinstance.py:3901} INFO - 0 downstream tasks scheduled from follow-on schedule check
[2026-08-06T15:57:22.741+0000] {local_task_job_runner.py:245} INFO - ::endgroup::
