[2026-08-06T15:57:13.382+0000] {local_task_job_runner.py:123} INFO - ::group::Pre task execution logs
[2026-08-06T15:57:13.440+0000] {taskinstance.py:2614} INFO - Dependencies all met for dep_context=non-requeueable deps ti=<TaskInstance: taxi_pipeline.upload_to_bronze manual__2026-08-06T15:56:22.442827+00:00 [queued]>
[2026-08-06T15:57:13.465+0000] {taskinstance.py:2614} INFO - Dependencies all met for dep_context=requeueable deps ti=<TaskInstance: taxi_pipeline.upload_to_bronze manual__2026-08-06T15:56:22.442827+00:00 [queued]>
[2026-08-06T15:57:13.487+0000] {taskinstance.py:2867} INFO - Starting attempt 1 of 3
[2026-08-06T15:57:13.927+0000] {taskinstance.py:2890} INFO - Executing <Task(BashOperator): upload_to_bronze> on 2026-08-06 15:56:22.442827+00:00
[2026-08-06T15:57:13.951+0000] {warnings.py:112} WARNING - /home/***/.local/lib/python3.12/site-packages/***/task/task_runner/standard_task_runner.py:70: DeprecationWarning: This process (pid=134) is multi-threaded, use of fork() may lead to deadlocks in the child.
  pid = os.fork()

[2026-08-06T15:57:13.957+0000] {standard_task_runner.py:72} INFO - Started process 136 to run task
[2026-08-06T15:57:13.958+0000] {standard_task_runner.py:104} INFO - Running: ['***', 'tasks', 'run', 'taxi_pipeline', 'upload_to_bronze', 'manual__2026-08-06T15:56:22.442827+00:00', '--job-id', '241', '--raw', '--subdir', 'DAGS_FOLDER/taxi_pipeline_dag.py', '--cfg-path', '/tmp/tmp_35t4tk1']
[2026-08-06T15:57:13.963+0000] {standard_task_runner.py:105} INFO - Job 241: Subtask upload_to_bronze
[2026-08-06T15:57:14.122+0000] {task_command.py:467} INFO - Running <TaskInstance: taxi_pipeline.upload_to_bronze manual__2026-08-06T15:56:22.442827+00:00 [running]> on host 47653b4dafad
[2026-08-06T15:57:14.327+0000] {taskinstance.py:3134} INFO - Exporting env vars: AIRFLOW_CTX_DAG_OWNER='***' AIRFLOW_CTX_DAG_ID='taxi_pipeline' AIRFLOW_CTX_TASK_ID='upload_to_bronze' AIRFLOW_CTX_EXECUTION_DATE='2026-08-06T15:56:22.442827+00:00' AIRFLOW_CTX_TRY_NUMBER='1' AIRFLOW_CTX_DAG_RUN_ID='manual__2026-08-06T15:56:22.442827+00:00'
[2026-08-06T15:57:14.331+0000] {logging_mixin.py:190} INFO - Task instance is in running state
[2026-08-06T15:57:14.332+0000] {logging_mixin.py:190} INFO -  Previous state of the Task instance: queued
[2026-08-06T15:57:14.334+0000] {logging_mixin.py:190} INFO - Current task name:upload_to_bronze state:running start_date:2026-08-06 15:57:13.443364+00:00
[2026-08-06T15:57:14.337+0000] {logging_mixin.py:190} INFO - Dag name:taxi_pipeline and current dag run status:running
[2026-08-06T15:57:14.338+0000] {taskinstance.py:732} INFO - ::endgroup::
[2026-08-06T15:57:14.341+0000] {subprocess.py:78} INFO - Tmp dir root location: /tmp
[2026-08-06T15:57:14.345+0000] {subprocess.py:88} INFO - Running command: ['/usr/bin/bash', '-c', 'python /opt/project/ingestion/upload_to_s3.py']
[2026-08-06T15:57:14.374+0000] {subprocess.py:99} INFO - Output:
[2026-08-06T15:57:16.697+0000] {subprocess.py:106} INFO - 2026-08-06 15:57:16,696 - INFO - Uploading NYC Taxi data...
[2026-08-06T15:57:16.703+0000] {subprocess.py:106} INFO - 2026-08-06 15:57:16,697 - ERROR - File does not exist
[2026-08-06T15:57:16.706+0000] {subprocess.py:106} INFO - Starting Bronze upload...
[2026-08-06T15:57:16.707+0000] {subprocess.py:106} INFO - Finished Bronze upload successfully.
[2026-08-06T15:57:17.022+0000] {subprocess.py:110} INFO - Command exited with return code 0
[2026-08-06T15:57:17.126+0000] {taskinstance.py:341} INFO - ::group::Post task execution logs
[2026-08-06T15:57:17.129+0000] {taskinstance.py:353} INFO - Marking task as SUCCESS. dag_id=taxi_pipeline, task_id=upload_to_bronze, run_id=manual__2026-08-06T15:56:22.442827+00:00, execution_date=20260806T155622, start_date=20260806T155713, end_date=20260806T155717
[2026-08-06T15:57:17.202+0000] {logging_mixin.py:190} INFO - Task instance in success state
[2026-08-06T15:57:17.204+0000] {logging_mixin.py:190} INFO -  Previous state of the Task instance: running
[2026-08-06T15:57:17.207+0000] {logging_mixin.py:190} INFO - Dag name:taxi_pipeline queued_at:2026-08-06 15:56:22.492236+00:00
[2026-08-06T15:57:17.208+0000] {logging_mixin.py:190} INFO - Task hostname:47653b4dafad operator:BashOperator
[2026-08-06T15:57:17.245+0000] {local_task_job_runner.py:266} INFO - Task exited with return code 0
[2026-08-06T15:57:17.329+0000] {taskinstance.py:3901} INFO - 1 downstream tasks scheduled from follow-on schedule check
[2026-08-06T15:57:17.362+0000] {local_task_job_runner.py:245} INFO - ::endgroup::
