[2026-08-06T15:49:52.141+0000] {local_task_job_runner.py:123} INFO - ::group::Pre task execution logs
[2026-08-06T15:49:52.197+0000] {taskinstance.py:2614} INFO - Dependencies all met for dep_context=non-requeueable deps ti=<TaskInstance: taxi_pipeline.bronze_to_silver manual__2026-08-06T15:48:53.825523+00:00 [queued]>
[2026-08-06T15:49:52.229+0000] {taskinstance.py:2614} INFO - Dependencies all met for dep_context=requeueable deps ti=<TaskInstance: taxi_pipeline.bronze_to_silver manual__2026-08-06T15:48:53.825523+00:00 [queued]>
[2026-08-06T15:49:52.260+0000] {taskinstance.py:2867} INFO - Starting attempt 1 of 3
[2026-08-06T15:49:52.835+0000] {taskinstance.py:2890} INFO - Executing <Task(BashOperator): bronze_to_silver> on 2026-08-06 15:48:53.825523+00:00
[2026-08-06T15:49:52.859+0000] {warnings.py:112} WARNING - /home/***/.local/lib/python3.12/site-packages/***/task/task_runner/standard_task_runner.py:70: DeprecationWarning: This process (pid=186) is multi-threaded, use of fork() may lead to deadlocks in the child.
  pid = os.fork()

[2026-08-06T15:49:52.867+0000] {standard_task_runner.py:72} INFO - Started process 188 to run task
[2026-08-06T15:49:52.869+0000] {standard_task_runner.py:104} INFO - Running: ['***', 'tasks', 'run', 'taxi_pipeline', 'bronze_to_silver', 'manual__2026-08-06T15:48:53.825523+00:00', '--job-id', '234', '--raw', '--subdir', 'DAGS_FOLDER/taxi_pipeline_dag.py', '--cfg-path', '/tmp/tmpq5xvuu7f']
[2026-08-06T15:49:52.875+0000] {standard_task_runner.py:105} INFO - Job 234: Subtask bronze_to_silver
[2026-08-06T15:49:53.022+0000] {task_command.py:467} INFO - Running <TaskInstance: taxi_pipeline.bronze_to_silver manual__2026-08-06T15:48:53.825523+00:00 [running]> on host c9e56ee4eacc
[2026-08-06T15:49:53.296+0000] {taskinstance.py:3134} INFO - Exporting env vars: AIRFLOW_CTX_DAG_OWNER='***' AIRFLOW_CTX_DAG_ID='taxi_pipeline' AIRFLOW_CTX_TASK_ID='bronze_to_silver' AIRFLOW_CTX_EXECUTION_DATE='2026-08-06T15:48:53.825523+00:00' AIRFLOW_CTX_TRY_NUMBER='1' AIRFLOW_CTX_DAG_RUN_ID='manual__2026-08-06T15:48:53.825523+00:00'
[2026-08-06T15:49:53.300+0000] {logging_mixin.py:190} INFO - Task instance is in running state
[2026-08-06T15:49:53.302+0000] {logging_mixin.py:190} INFO -  Previous state of the Task instance: queued
[2026-08-06T15:49:53.303+0000] {logging_mixin.py:190} INFO - Current task name:bronze_to_silver state:running start_date:2026-08-06 15:49:52.200446+00:00
[2026-08-06T15:49:53.305+0000] {logging_mixin.py:190} INFO - Dag name:taxi_pipeline and current dag run status:running
[2026-08-06T15:49:53.306+0000] {taskinstance.py:732} INFO - ::endgroup::
[2026-08-06T15:49:53.309+0000] {subprocess.py:78} INFO - Tmp dir root location: /tmp
[2026-08-06T15:49:53.312+0000] {subprocess.py:88} INFO - Running command: ['/usr/bin/bash', '-c', '\n        docker exec spark         spark-submit /opt/project/transform/bronze_to_silver.py\n        ']
[2026-08-06T15:49:53.354+0000] {subprocess.py:99} INFO - Output:
[2026-08-06T15:49:53.409+0000] {subprocess.py:106} INFO - Cannot connect to the Docker daemon at unix:///var/run/docker.sock. Is the docker daemon running?
[2026-08-06T15:49:53.414+0000] {subprocess.py:110} INFO - Command exited with return code 1
[2026-08-06T15:49:53.439+0000] {taskinstance.py:3313} ERROR - Task failed with exception
Traceback (most recent call last):
  File "/home/airflow/.local/lib/python3.12/site-packages/airflow/models/taskinstance.py", line 768, in _execute_task
    result = _execute_callable(context=context, **execute_callable_kwargs)
             ^^^^^^^^^^^^^^^^^^^^^^^^^^^^^^^^^^^^^^^^^^^^^^^^^^^^^^^^^^^^^
  File "/home/airflow/.local/lib/python3.12/site-packages/airflow/models/taskinstance.py", line 734, in _execute_callable
    return ExecutionCallableRunner(
           ^^^^^^^^^^^^^^^^^^^^^^^^
  File "/home/airflow/.local/lib/python3.12/site-packages/airflow/utils/operator_helpers.py", line 252, in run
    return self.func(*args, **kwargs)
           ^^^^^^^^^^^^^^^^^^^^^^^^^^
  File "/home/airflow/.local/lib/python3.12/site-packages/airflow/models/baseoperator.py", line 424, in wrapper
    return func(self, *args, **kwargs)
           ^^^^^^^^^^^^^^^^^^^^^^^^^^^
  File "/home/airflow/.local/lib/python3.12/site-packages/airflow/operators/bash.py", line 276, in execute
    raise AirflowException(
airflow.exceptions.AirflowException: Bash command failed. The command returned a non-zero exit code 1.
[2026-08-06T15:49:53.464+0000] {logging_mixin.py:190} INFO - Task instance in failure state
[2026-08-06T15:49:53.466+0000] {logging_mixin.py:190} INFO - Task start:2026-08-06 15:49:52.200446+00:00 end:2026-08-06 15:49:53.462325+00:00 duration:1.261879
[2026-08-06T15:49:53.468+0000] {logging_mixin.py:190} INFO - Task:<Task(BashOperator): bronze_to_silver> dag:<DAG: taxi_pipeline> dagrun:<DagRun taxi_pipeline @ 2026-08-06 15:48:53.825523+00:00: manual__2026-08-06T15:48:53.825523+00:00, state:running, queued_at: 2026-08-06 15:48:53.865537+00:00. externally triggered: True>
[2026-08-06T15:49:53.469+0000] {logging_mixin.py:190} INFO - Failure caused by Bash command failed. The command returned a non-zero exit code 1.
[2026-08-06T15:49:53.471+0000] {taskinstance.py:1226} INFO - Marking task as UP_FOR_RETRY. dag_id=taxi_pipeline, task_id=bronze_to_silver, run_id=manual__2026-08-06T15:48:53.825523+00:00, execution_date=20260806T154853, start_date=20260806T154952, end_date=20260806T154953
[2026-08-06T15:49:53.587+0000] {taskinstance.py:341} INFO - ::group::Post task execution logs
[2026-08-06T15:49:53.592+0000] {standard_task_runner.py:124} ERROR - Failed to execute job 234 for task bronze_to_silver (Bash command failed. The command returned a non-zero exit code 1.; 188)
Traceback (most recent call last):
  File "/home/airflow/.local/lib/python3.12/site-packages/airflow/task/task_runner/standard_task_runner.py", line 117, in _start_by_fork
    ret = args.func(args, dag=self.dag)
          ^^^^^^^^^^^^^^^^^^^^^^^^^^^^^
  File "/home/airflow/.local/lib/python3.12/site-packages/airflow/cli/cli_config.py", line 49, in command
    return func(*args, **kwargs)
           ^^^^^^^^^^^^^^^^^^^^^
  File "/home/airflow/.local/lib/python3.12/site-packages/airflow/utils/cli.py", line 116, in wrapper
    return f(*args, **kwargs)
           ^^^^^^^^^^^^^^^^^^
  File "/home/airflow/.local/lib/python3.12/site-packages/airflow/cli/commands/task_command.py", line 483, in task_run
    task_return_code = _run_task_by_selected_method(args, _dag, ti)
                       ^^^^^^^^^^^^^^^^^^^^^^^^^^^^^^^^^^^^^^^^^^^^
  File "/home/airflow/.local/lib/python3.12/site-packages/airflow/cli/commands/task_command.py", line 256, in _run_task_by_selected_method
    return _run_raw_task(args, ti)
           ^^^^^^^^^^^^^^^^^^^^^^^
  File "/home/airflow/.local/lib/python3.12/site-packages/airflow/cli/commands/task_command.py", line 341, in _run_raw_task
    return ti._run_raw_task(
           ^^^^^^^^^^^^^^^^^
  File "/home/airflow/.local/lib/python3.12/site-packages/airflow/utils/session.py", line 97, in wrapper
    return func(*args, session=session, **kwargs)
           ^^^^^^^^^^^^^^^^^^^^^^^^^^^^^^^^^^^^^^
  File "/home/airflow/.local/lib/python3.12/site-packages/airflow/models/taskinstance.py", line 3006, in _run_raw_task
    return _run_raw_task(
           ^^^^^^^^^^^^^^
  File "/home/airflow/.local/lib/python3.12/site-packages/airflow/models/taskinstance.py", line 274, in _run_raw_task
    TaskInstance._execute_task_with_callbacks(
  File "/home/airflow/.local/lib/python3.12/site-packages/airflow/models/taskinstance.py", line 3161, in _execute_task_with_callbacks
    result = self._execute_task(context, task_orig)
             ^^^^^^^^^^^^^^^^^^^^^^^^^^^^^^^^^^^^^^
  File "/home/airflow/.local/lib/python3.12/site-packages/airflow/models/taskinstance.py", line 3185, in _execute_task
    return _execute_task(self, context, task_orig)
           ^^^^^^^^^^^^^^^^^^^^^^^^^^^^^^^^^^^^^^^
  File "/home/airflow/.local/lib/python3.12/site-packages/airflow/models/taskinstance.py", line 768, in _execute_task
    result = _execute_callable(context=context, **execute_callable_kwargs)
             ^^^^^^^^^^^^^^^^^^^^^^^^^^^^^^^^^^^^^^^^^^^^^^^^^^^^^^^^^^^^^
  File "/home/airflow/.local/lib/python3.12/site-packages/airflow/models/taskinstance.py", line 734, in _execute_callable
    return ExecutionCallableRunner(
           ^^^^^^^^^^^^^^^^^^^^^^^^
  File "/home/airflow/.local/lib/python3.12/site-packages/airflow/utils/operator_helpers.py", line 252, in run
    return self.func(*args, **kwargs)
           ^^^^^^^^^^^^^^^^^^^^^^^^^^
  File "/home/airflow/.local/lib/python3.12/site-packages/airflow/models/baseoperator.py", line 424, in wrapper
    return func(self, *args, **kwargs)
           ^^^^^^^^^^^^^^^^^^^^^^^^^^^
  File "/home/airflow/.local/lib/python3.12/site-packages/airflow/operators/bash.py", line 276, in execute
    raise AirflowException(
airflow.exceptions.AirflowException: Bash command failed. The command returned a non-zero exit code 1.
[2026-08-06T15:49:53.655+0000] {local_task_job_runner.py:266} INFO - Task exited with return code 1
[2026-08-06T15:49:53.711+0000] {local_task_job_runner.py:245} INFO - ::endgroup::
