[2026-08-06T16:13:20.988+0000] {local_task_job_runner.py:123} INFO - ::group::Pre task execution logs
[2026-08-06T16:13:21.062+0000] {taskinstance.py:2614} INFO - Dependencies all met for dep_context=non-requeueable deps ti=<TaskInstance: taxi_pipeline.download_data manual__2026-08-06T16:13:11.080815+00:00 [queued]>
[2026-08-06T16:13:21.104+0000] {taskinstance.py:2614} INFO - Dependencies all met for dep_context=requeueable deps ti=<TaskInstance: taxi_pipeline.download_data manual__2026-08-06T16:13:11.080815+00:00 [queued]>
[2026-08-06T16:13:21.107+0000] {taskinstance.py:2867} INFO - Starting attempt 1 of 3
[2026-08-06T16:13:21.166+0000] {taskinstance.py:2890} INFO - Executing <Task(BashOperator): download_data> on 2026-08-06 16:13:11.080815+00:00
[2026-08-06T16:13:21.192+0000] {warnings.py:112} WARNING - /home/***/.local/lib/python3.12/site-packages/***/task/task_runner/standard_task_runner.py:70: DeprecationWarning: This process (pid=101) is multi-threaded, use of fork() may lead to deadlocks in the child.
  pid = os.fork()

[2026-08-06T16:13:21.197+0000] {standard_task_runner.py:72} INFO - Started process 103 to run task
[2026-08-06T16:13:21.198+0000] {standard_task_runner.py:104} INFO - Running: ['***', 'tasks', 'run', 'taxi_pipeline', 'download_data', 'manual__2026-08-06T16:13:11.080815+00:00', '--job-id', '254', '--raw', '--subdir', 'DAGS_FOLDER/taxi_pipeline_dag.py', '--cfg-path', '/tmp/tmpsz5fcx3p']
[2026-08-06T16:13:21.203+0000] {standard_task_runner.py:105} INFO - Job 254: Subtask download_data
[2026-08-06T16:13:22.205+0000] {task_command.py:467} INFO - Running <TaskInstance: taxi_pipeline.download_data manual__2026-08-06T16:13:11.080815+00:00 [running]> on host bc4af1760526
[2026-08-06T16:13:22.427+0000] {taskinstance.py:3134} INFO - Exporting env vars: AIRFLOW_CTX_DAG_OWNER='***' AIRFLOW_CTX_DAG_ID='taxi_pipeline' AIRFLOW_CTX_TASK_ID='download_data' AIRFLOW_CTX_EXECUTION_DATE='2026-08-06T16:13:11.080815+00:00' AIRFLOW_CTX_TRY_NUMBER='1' AIRFLOW_CTX_DAG_RUN_ID='manual__2026-08-06T16:13:11.080815+00:00'
[2026-08-06T16:13:22.432+0000] {logging_mixin.py:190} INFO - Task instance is in running state
[2026-08-06T16:13:22.434+0000] {logging_mixin.py:190} INFO -  Previous state of the Task instance: queued
[2026-08-06T16:13:22.438+0000] {logging_mixin.py:190} INFO - Current task name:download_data state:running start_date:2026-08-06 16:13:21.063875+00:00
[2026-08-06T16:13:22.441+0000] {logging_mixin.py:190} INFO - Dag name:taxi_pipeline and current dag run status:running
[2026-08-06T16:13:22.444+0000] {taskinstance.py:732} INFO - ::endgroup::
[2026-08-06T16:13:22.448+0000] {subprocess.py:78} INFO - Tmp dir root location: /tmp
[2026-08-06T16:13:22.454+0000] {subprocess.py:88} INFO - Running command: ['/usr/bin/bash', '-c', 'python /opt/project/ingestion/download_taxi_data.py']
[2026-08-06T16:13:22.485+0000] {subprocess.py:99} INFO - Output:
[2026-08-06T16:13:24.714+0000] {subprocess.py:106} INFO - 2026-08-06 16:13:24,713 - INFO - Starting download...
[2026-08-06T16:13:24.965+0000] {subprocess.py:106} INFO - 2026-08-06 16:13:24,965 - INFO - Downloading NYC Taxi July 2025 data...
[2026-08-06T16:14:12.787+0000] {subprocess.py:106} INFO - 2026-08-06 16:14:12,786 - INFO - Download complete! Saved to data/raw/yellow_tripdata_2025-07.parquet
[2026-08-06T16:14:12.857+0000] {subprocess.py:110} INFO - Command exited with return code 0
[2026-08-06T16:14:12.982+0000] {taskinstance.py:341} INFO - ::group::Post task execution logs
[2026-08-06T16:14:12.985+0000] {taskinstance.py:353} INFO - Marking task as SUCCESS. dag_id=taxi_pipeline, task_id=download_data, run_id=manual__2026-08-06T16:13:11.080815+00:00, execution_date=20260806T161311, start_date=20260806T161321, end_date=20260806T161412
[2026-08-06T16:14:13.072+0000] {logging_mixin.py:190} INFO - Task instance in success state
[2026-08-06T16:14:13.074+0000] {logging_mixin.py:190} INFO -  Previous state of the Task instance: running
[2026-08-06T16:14:13.076+0000] {logging_mixin.py:190} INFO - Dag name:taxi_pipeline queued_at:2026-08-06 16:13:11.134312+00:00
[2026-08-06T16:14:13.078+0000] {logging_mixin.py:190} INFO - Task hostname:bc4af1760526 operator:BashOperator
[2026-08-06T16:14:13.127+0000] {local_task_job_runner.py:266} INFO - Task exited with return code 0
[2026-08-06T16:14:13.222+0000] {taskinstance.py:3901} INFO - 1 downstream tasks scheduled from follow-on schedule check
[2026-08-06T16:14:13.229+0000] {local_task_job_runner.py:245} INFO - ::endgroup::
