[2026-08-06T15:33:02.850+0000] {local_task_job_runner.py:123} INFO - ::group::Pre task execution logs
[2026-08-06T15:33:02.930+0000] {taskinstance.py:2614} INFO - Dependencies all met for dep_context=non-requeueable deps ti=<TaskInstance: taxi_pipeline.download_data manual__2026-08-06T15:32:55.167554+00:00 [queued]>
[2026-08-06T15:33:02.968+0000] {taskinstance.py:2614} INFO - Dependencies all met for dep_context=requeueable deps ti=<TaskInstance: taxi_pipeline.download_data manual__2026-08-06T15:32:55.167554+00:00 [queued]>
[2026-08-06T15:33:02.971+0000] {taskinstance.py:2867} INFO - Starting attempt 1 of 3
[2026-08-06T15:33:03.040+0000] {taskinstance.py:2890} INFO - Executing <Task(BashOperator): download_data> on 2026-08-06 15:32:55.167554+00:00
[2026-08-06T15:33:03.072+0000] {warnings.py:112} WARNING - /home/***/.local/lib/python3.12/site-packages/***/task/task_runner/standard_task_runner.py:70: DeprecationWarning: This process (pid=131) is multi-threaded, use of fork() may lead to deadlocks in the child.
  pid = os.fork()

[2026-08-06T15:33:03.084+0000] {standard_task_runner.py:72} INFO - Started process 143 to run task
[2026-08-06T15:33:03.088+0000] {standard_task_runner.py:104} INFO - Running: ['***', 'tasks', 'run', 'taxi_pipeline', 'download_data', 'manual__2026-08-06T15:32:55.167554+00:00', '--job-id', '203', '--raw', '--subdir', 'DAGS_FOLDER/taxi_pipeline_dag.py', '--cfg-path', '/tmp/tmpsihjmv00']
[2026-08-06T15:33:03.096+0000] {standard_task_runner.py:105} INFO - Job 203: Subtask download_data
[2026-08-06T15:33:06.024+0000] {task_command.py:467} INFO - Running <TaskInstance: taxi_pipeline.download_data manual__2026-08-06T15:32:55.167554+00:00 [running]> on host b456c799bc18
[2026-08-06T15:33:06.279+0000] {taskinstance.py:3134} INFO - Exporting env vars: AIRFLOW_CTX_DAG_OWNER='***' AIRFLOW_CTX_DAG_ID='taxi_pipeline' AIRFLOW_CTX_TASK_ID='download_data' AIRFLOW_CTX_EXECUTION_DATE='2026-08-06T15:32:55.167554+00:00' AIRFLOW_CTX_TRY_NUMBER='1' AIRFLOW_CTX_DAG_RUN_ID='manual__2026-08-06T15:32:55.167554+00:00'
[2026-08-06T15:33:06.283+0000] {logging_mixin.py:190} INFO - Task instance is in running state
[2026-08-06T15:33:06.285+0000] {logging_mixin.py:190} INFO -  Previous state of the Task instance: queued
[2026-08-06T15:33:06.287+0000] {logging_mixin.py:190} INFO - Current task name:download_data state:running start_date:2026-08-06 15:33:02.932772+00:00
[2026-08-06T15:33:06.295+0000] {logging_mixin.py:190} INFO - Dag name:taxi_pipeline and current dag run status:running
[2026-08-06T15:33:06.297+0000] {taskinstance.py:732} INFO - ::endgroup::
[2026-08-06T15:33:06.301+0000] {subprocess.py:78} INFO - Tmp dir root location: /tmp
[2026-08-06T15:33:06.304+0000] {subprocess.py:88} INFO - Running command: ['/usr/bin/bash', '-c', 'python /opt/project/ingestion/download_taxi_data.py']
[2026-08-06T15:33:06.342+0000] {subprocess.py:99} INFO - Output:
[2026-08-06T15:33:09.090+0000] {subprocess.py:106} INFO - 2026-08-06 15:33:09,089 - INFO - Starting download...
[2026-08-06T15:33:09.823+0000] {subprocess.py:106} INFO - 2026-08-06 15:33:09,822 - INFO - Downloading NYC Taxi July 2025 data...
[2026-08-06T15:37:07.413+0000] {subprocess.py:106} INFO - 2026-08-06 15:37:07,412 - INFO - Download complete! Saved to data/raw/yellow_tripdata_2025-07.parquet
[2026-08-06T15:37:07.500+0000] {subprocess.py:110} INFO - Command exited with return code 0
[2026-08-06T15:37:07.625+0000] {taskinstance.py:341} INFO - ::group::Post task execution logs
[2026-08-06T15:37:07.633+0000] {taskinstance.py:353} INFO - Marking task as SUCCESS. dag_id=taxi_pipeline, task_id=download_data, run_id=manual__2026-08-06T15:32:55.167554+00:00, execution_date=20260806T153255, start_date=20260806T153302, end_date=20260806T153707
[2026-08-06T15:37:07.707+0000] {logging_mixin.py:190} INFO - Task instance in success state
[2026-08-06T15:37:07.709+0000] {logging_mixin.py:190} INFO -  Previous state of the Task instance: running
[2026-08-06T15:37:07.710+0000] {logging_mixin.py:190} INFO - Dag name:taxi_pipeline queued_at:2026-08-06 15:32:55.235376+00:00
[2026-08-06T15:37:07.712+0000] {logging_mixin.py:190} INFO - Task hostname:b456c799bc18 operator:BashOperator
[2026-08-06T15:37:07.765+0000] {local_task_job_runner.py:266} INFO - Task exited with return code 0
[2026-08-06T15:37:07.858+0000] {taskinstance.py:3901} INFO - 1 downstream tasks scheduled from follow-on schedule check
[2026-08-06T15:37:07.893+0000] {local_task_job_runner.py:245} INFO - ::endgroup::
