[2026-08-06T17:38:32.177+0000] {local_task_job_runner.py:123} INFO - ::group::Pre task execution logs
[2026-08-06T17:38:32.209+0000] {taskinstance.py:2614} INFO - Dependencies all met for dep_context=non-requeueable deps ti=<TaskInstance: taxi_pipeline.bronze_to_silver manual__2026-08-06T17:37:48.004606+00:00 [queued]>
[2026-08-06T17:38:32.222+0000] {taskinstance.py:2614} INFO - Dependencies all met for dep_context=requeueable deps ti=<TaskInstance: taxi_pipeline.bronze_to_silver manual__2026-08-06T17:37:48.004606+00:00 [queued]>
[2026-08-06T17:38:32.225+0000] {taskinstance.py:2867} INFO - Starting attempt 1 of 3
[2026-08-06T17:38:32.415+0000] {taskinstance.py:2890} INFO - Executing <Task(BashOperator): bronze_to_silver> on 2026-08-06 17:37:48.004606+00:00
[2026-08-06T17:38:32.425+0000] {warnings.py:112} WARNING - /home/***/.local/lib/python3.12/site-packages/***/task/task_runner/standard_task_runner.py:70: DeprecationWarning: This process (pid=97) is multi-threaded, use of fork() may lead to deadlocks in the child.
  pid = os.fork()

[2026-08-06T17:38:32.428+0000] {standard_task_runner.py:104} INFO - Running: ['***', 'tasks', 'run', 'taxi_pipeline', 'bronze_to_silver', 'manual__2026-08-06T17:37:48.004606+00:00', '--job-id', '336', '--raw', '--subdir', 'DAGS_FOLDER/taxi_pipeline_dag.py', '--cfg-path', '/tmp/tmpltx8wm_d']
[2026-08-06T17:38:32.428+0000] {standard_task_runner.py:72} INFO - Started process 99 to run task
[2026-08-06T17:38:32.429+0000] {standard_task_runner.py:105} INFO - Job 336: Subtask bronze_to_silver
[2026-08-06T17:38:32.491+0000] {task_command.py:467} INFO - Running <TaskInstance: taxi_pipeline.bronze_to_silver manual__2026-08-06T17:37:48.004606+00:00 [running]> on host 30beeb09e17c
[2026-08-06T17:38:32.576+0000] {taskinstance.py:3134} INFO - Exporting env vars: AIRFLOW_CTX_DAG_OWNER='***' AIRFLOW_CTX_DAG_ID='taxi_pipeline' AIRFLOW_CTX_TASK_ID='bronze_to_silver' AIRFLOW_CTX_EXECUTION_DATE='2026-08-06T17:37:48.004606+00:00' AIRFLOW_CTX_TRY_NUMBER='1' AIRFLOW_CTX_DAG_RUN_ID='manual__2026-08-06T17:37:48.004606+00:00'
[2026-08-06T17:38:32.579+0000] {logging_mixin.py:190} INFO - Task instance is in running state
[2026-08-06T17:38:32.579+0000] {logging_mixin.py:190} INFO -  Previous state of the Task instance: queued
[2026-08-06T17:38:32.580+0000] {logging_mixin.py:190} INFO - Current task name:bronze_to_silver state:running start_date:2026-08-06 17:38:32.210304+00:00
[2026-08-06T17:38:32.580+0000] {logging_mixin.py:190} INFO - Dag name:taxi_pipeline and current dag run status:running
[2026-08-06T17:38:32.581+0000] {taskinstance.py:732} INFO - ::endgroup::
[2026-08-06T17:38:32.583+0000] {subprocess.py:78} INFO - Tmp dir root location: /tmp
[2026-08-06T17:38:32.584+0000] {subprocess.py:88} INFO - Running command: ['/usr/bin/bash', '-c', '\n        docker exec spark         spark-submit /opt/project/transform/bronze_to_silver.py\n        ']
[2026-08-06T17:38:32.600+0000] {subprocess.py:99} INFO - Output:
[2026-08-06T17:38:33.208+0000] {subprocess.py:106} INFO - WARNING: Using incubator modules: jdk.incubator.vector
[2026-08-06T17:38:35.236+0000] {subprocess.py:106} INFO - Starting Bronze to Silver transformation...
[2026-08-06T17:38:35.363+0000] {subprocess.py:106} INFO - Using Spark's default log4j profile: org/apache/spark/log4j2-defaults.properties
[2026-08-06T17:38:35.378+0000] {subprocess.py:106} INFO - 26/08/06 17:38:35 INFO SparkContext: Running Spark version 4.0.0
[2026-08-06T17:38:35.384+0000] {subprocess.py:106} INFO - 26/08/06 17:38:35 INFO SparkContext: OS info Linux, 5.15.167.4-microsoft-standard-WSL2, amd64
[2026-08-06T17:38:35.385+0000] {subprocess.py:106} INFO - 26/08/06 17:38:35 INFO SparkContext: Java version 17.0.15
[2026-08-06T17:38:35.482+0000] {subprocess.py:106} INFO - 26/08/06 17:38:35 WARN NativeCodeLoader: Unable to load native-hadoop library for your platform... using builtin-java classes where applicable
[2026-08-06T17:38:35.547+0000] {subprocess.py:106} INFO - 26/08/06 17:38:35 INFO ResourceUtils: ==============================================================
[2026-08-06T17:38:35.548+0000] {subprocess.py:106} INFO - 26/08/06 17:38:35 INFO ResourceUtils: No custom resources configured for spark.driver.
[2026-08-06T17:38:35.549+0000] {subprocess.py:106} INFO - 26/08/06 17:38:35 INFO ResourceUtils: ==============================================================
[2026-08-06T17:38:35.550+0000] {subprocess.py:106} INFO - 26/08/06 17:38:35 INFO SparkContext: Submitted application: BronzeToSilver
[2026-08-06T17:38:35.587+0000] {subprocess.py:106} INFO - 26/08/06 17:38:35 INFO ResourceProfile: Default ResourceProfile created, executor resources: Map(cores -> name: cores, amount: 1, script: , vendor: , memory -> name: memory, amount: 1024, script: , vendor: , offHeap -> name: offHeap, amount: 0, script: , vendor: ), task resources: Map(cpus -> name: cpus, amount: 1.0)
[2026-08-06T17:38:35.594+0000] {subprocess.py:106} INFO - 26/08/06 17:38:35 INFO ResourceProfile: Limiting resource is cpu
[2026-08-06T17:38:35.597+0000] {subprocess.py:106} INFO - 26/08/06 17:38:35 INFO ResourceProfileManager: Added ResourceProfile id: 0
[2026-08-06T17:38:35.667+0000] {subprocess.py:106} INFO - 26/08/06 17:38:35 INFO SecurityManager: Changing view acls to: spark
[2026-08-06T17:38:35.668+0000] {subprocess.py:106} INFO - 26/08/06 17:38:35 INFO SecurityManager: Changing modify acls to: spark
[2026-08-06T17:38:35.670+0000] {subprocess.py:106} INFO - 26/08/06 17:38:35 INFO SecurityManager: Changing view acls groups to: spark
[2026-08-06T17:38:35.671+0000] {subprocess.py:106} INFO - 26/08/06 17:38:35 INFO SecurityManager: Changing modify acls groups to: spark
[2026-08-06T17:38:35.674+0000] {subprocess.py:106} INFO - 26/08/06 17:38:35 INFO SecurityManager: SecurityManager: authentication disabled; ui acls disabled; users with view permissions: spark groups with view permissions: EMPTY; users with modify permissions: spark; groups with modify permissions: EMPTY; RPC SSL disabled
[2026-08-06T17:38:36.029+0000] {subprocess.py:106} INFO - 26/08/06 17:38:36 INFO Utils: Successfully started service 'sparkDriver' on port 44505.
[2026-08-06T17:38:36.070+0000] {subprocess.py:106} INFO - 26/08/06 17:38:36 INFO SparkEnv: Registering MapOutputTracker
[2026-08-06T17:38:36.087+0000] {subprocess.py:106} INFO - 26/08/06 17:38:36 INFO SparkEnv: Registering BlockManagerMaster
[2026-08-06T17:38:36.116+0000] {subprocess.py:106} INFO - 26/08/06 17:38:36 INFO BlockManagerMasterEndpoint: Using org.apache.spark.storage.DefaultTopologyMapper for getting topology information
[2026-08-06T17:38:36.117+0000] {subprocess.py:106} INFO - 26/08/06 17:38:36 INFO BlockManagerMasterEndpoint: BlockManagerMasterEndpoint up
[2026-08-06T17:38:36.121+0000] {subprocess.py:106} INFO - 26/08/06 17:38:36 INFO SparkEnv: Registering BlockManagerMasterHeartbeat
[2026-08-06T17:38:36.143+0000] {subprocess.py:106} INFO - 26/08/06 17:38:36 INFO DiskBlockManager: Created local directory at /tmp/blockmgr-023958aa-6c18-47d5-af52-92f8be6dec91
[2026-08-06T17:38:36.184+0000] {subprocess.py:106} INFO - 26/08/06 17:38:36 INFO SparkEnv: Registering OutputCommitCoordinator
[2026-08-06T17:38:36.360+0000] {subprocess.py:106} INFO - 26/08/06 17:38:36 INFO JettyUtils: Start Jetty 0.0.0.0:4040 for SparkUI
[2026-08-06T17:38:36.459+0000] {subprocess.py:106} INFO - 26/08/06 17:38:36 INFO Utils: Successfully started service 'SparkUI' on port 4040.
[2026-08-06T17:38:36.539+0000] {subprocess.py:106} INFO - 26/08/06 17:38:36 INFO SecurityManager: Changing view acls to: spark
[2026-08-06T17:38:36.540+0000] {subprocess.py:106} INFO - 26/08/06 17:38:36 INFO SecurityManager: Changing modify acls to: spark
[2026-08-06T17:38:36.541+0000] {subprocess.py:106} INFO - 26/08/06 17:38:36 INFO SecurityManager: Changing view acls groups to: spark
[2026-08-06T17:38:36.541+0000] {subprocess.py:106} INFO - 26/08/06 17:38:36 INFO SecurityManager: Changing modify acls groups to: spark
[2026-08-06T17:38:36.542+0000] {subprocess.py:106} INFO - 26/08/06 17:38:36 INFO SecurityManager: SecurityManager: authentication disabled; ui acls disabled; users with view permissions: spark groups with view permissions: EMPTY; users with modify permissions: spark; groups with modify permissions: EMPTY; RPC SSL disabled
[2026-08-06T17:38:36.726+0000] {subprocess.py:106} INFO - 26/08/06 17:38:36 INFO Executor: Starting executor ID driver on host 71a658fff4e1
[2026-08-06T17:38:36.728+0000] {subprocess.py:106} INFO - 26/08/06 17:38:36 INFO Executor: OS info Linux, 5.15.167.4-microsoft-standard-WSL2, amd64
[2026-08-06T17:38:36.729+0000] {subprocess.py:106} INFO - 26/08/06 17:38:36 INFO Executor: Java version 17.0.15
[2026-08-06T17:38:36.744+0000] {subprocess.py:106} INFO - 26/08/06 17:38:36 INFO Executor: Starting executor with user classpath (userClassPathFirst = false): ''
[2026-08-06T17:38:36.747+0000] {subprocess.py:106} INFO - 26/08/06 17:38:36 INFO Executor: Created or updated repl class loader org.apache.spark.util.MutableURLClassLoader@2a7b0bd for default.
[2026-08-06T17:38:36.781+0000] {subprocess.py:106} INFO - 26/08/06 17:38:36 INFO Utils: Successfully started service 'org.apache.spark.network.netty.NettyBlockTransferService' on port 43761.
[2026-08-06T17:38:36.791+0000] {subprocess.py:106} INFO - 26/08/06 17:38:36 INFO NettyBlockTransferService: Server created on 71a658fff4e1:43761
[2026-08-06T17:38:36.795+0000] {subprocess.py:106} INFO - 26/08/06 17:38:36 INFO BlockManager: Using org.apache.spark.storage.RandomBlockReplicationPolicy for block replication policy
[2026-08-06T17:38:36.819+0000] {subprocess.py:106} INFO - 26/08/06 17:38:36 INFO BlockManagerMaster: Registering BlockManager BlockManagerId(driver, 71a658fff4e1, 43761, None)
[2026-08-06T17:38:36.831+0000] {subprocess.py:106} INFO - 26/08/06 17:38:36 INFO BlockManagerMasterEndpoint: Registering block manager 71a658fff4e1:43761 with 434.4 MiB RAM, BlockManagerId(driver, 71a658fff4e1, 43761, None)
[2026-08-06T17:38:36.835+0000] {subprocess.py:106} INFO - 26/08/06 17:38:36 INFO BlockManagerMaster: Registered BlockManager BlockManagerId(driver, 71a658fff4e1, 43761, None)
[2026-08-06T17:38:36.837+0000] {subprocess.py:106} INFO - 26/08/06 17:38:36 INFO BlockManager: Initialized BlockManager: BlockManagerId(driver, 71a658fff4e1, 43761, None)
[2026-08-06T17:38:43.038+0000] {subprocess.py:106} INFO - Writing Silver parquet files...
[2026-08-06T17:38:59.416+0000] {subprocess.py:106} INFO - Silver row count: 3898961
[2026-08-06T17:38:59.421+0000] {subprocess.py:106} INFO - root
[2026-08-06T17:38:59.422+0000] {subprocess.py:106} INFO -  |-- vendor_id: integer (nullable = true)
[2026-08-06T17:38:59.423+0000] {subprocess.py:106} INFO -  |-- pickup_datetime: timestamp_ntz (nullable = true)
[2026-08-06T17:38:59.424+0000] {subprocess.py:106} INFO -  |-- dropoff_datetime: timestamp_ntz (nullable = true)
[2026-08-06T17:38:59.425+0000] {subprocess.py:106} INFO -  |-- passenger_count: integer (nullable = true)
[2026-08-06T17:38:59.426+0000] {subprocess.py:106} INFO -  |-- trip_distance: double (nullable = true)
[2026-08-06T17:38:59.427+0000] {subprocess.py:106} INFO -  |-- rate_code_id: integer (nullable = true)
[2026-08-06T17:38:59.428+0000] {subprocess.py:106} INFO -  |-- store_and_fwd_flag: string (nullable = true)
[2026-08-06T17:38:59.428+0000] {subprocess.py:106} INFO -  |-- pickup_location_id: integer (nullable = true)
[2026-08-06T17:38:59.429+0000] {subprocess.py:106} INFO -  |-- dropoff_location_id: integer (nullable = true)
[2026-08-06T17:38:59.430+0000] {subprocess.py:106} INFO -  |-- payment_type: integer (nullable = true)
[2026-08-06T17:38:59.430+0000] {subprocess.py:106} INFO -  |-- fare_amount: double (nullable = true)
[2026-08-06T17:38:59.431+0000] {subprocess.py:106} INFO -  |-- extra: double (nullable = true)
[2026-08-06T17:38:59.432+0000] {subprocess.py:106} INFO -  |-- mta_tax: double (nullable = true)
[2026-08-06T17:38:59.432+0000] {subprocess.py:106} INFO -  |-- tip_amount: double (nullable = true)
[2026-08-06T17:38:59.433+0000] {subprocess.py:106} INFO -  |-- tolls_amount: double (nullable = true)
[2026-08-06T17:38:59.434+0000] {subprocess.py:106} INFO -  |-- improvement_surcharge: double (nullable = true)
[2026-08-06T17:38:59.435+0000] {subprocess.py:106} INFO -  |-- total_amount: double (nullable = true)
[2026-08-06T17:38:59.436+0000] {subprocess.py:106} INFO -  |-- congestion_surcharge: double (nullable = true)
[2026-08-06T17:38:59.437+0000] {subprocess.py:106} INFO -  |-- airport_fee: double (nullable = true)
[2026-08-06T17:38:59.438+0000] {subprocess.py:106} INFO -  |-- cbd_congestion_fee: double (nullable = true)
[2026-08-06T17:38:59.439+0000] {subprocess.py:106} INFO -  |-- trip_duration_minutes: double (nullable = true)
[2026-08-06T17:38:59.440+0000] {subprocess.py:106} INFO -  |-- average_speed_mph: double (nullable = true)
[2026-08-06T17:38:59.441+0000] {subprocess.py:106} INFO -  |-- pickup_hour: integer (nullable = true)
[2026-08-06T17:38:59.441+0000] {subprocess.py:106} INFO -  |-- pickup_day_of_week: integer (nullable = true)
[2026-08-06T17:38:59.442+0000] {subprocess.py:106} INFO -  |-- is_weekend: boolean (nullable = true)
[2026-08-06T17:38:59.443+0000] {subprocess.py:106} INFO -  |-- trip_distance_category: string (nullable = true)
[2026-08-06T17:38:59.443+0000] {subprocess.py:106} INFO - 
[2026-08-06T17:38:59.606+0000] {subprocess.py:106} INFO - +---------+-------------------+-------------------+---------------+-------------+------------+------------------+------------------+-------------------+------------+-----------+-----+-------+----------+------------+---------------------+------------+--------------------+-----------+------------------+---------------------+------------------+-----------+------------------+----------+----------------------+
[2026-08-06T17:38:59.607+0000] {subprocess.py:106} INFO - |vendor_id|    pickup_datetime|   dropoff_datetime|passenger_count|trip_distance|rate_code_id|store_and_fwd_flag|pickup_location_id|dropoff_location_id|payment_type|fare_amount|extra|mta_tax|tip_amount|tolls_amount|improvement_surcharge|total_amount|congestion_surcharge|airport_fee|cbd_congestion_fee|trip_duration_minutes| average_speed_mph|pickup_hour|pickup_day_of_week|is_weekend|trip_distance_category|
[2026-08-06T17:38:59.608+0000] {subprocess.py:106} INFO - +---------+-------------------+-------------------+---------------+-------------+------------+------------------+------------------+-------------------+------------+-----------+-----+-------+----------+------------+---------------------+------------+--------------------+-----------+------------------+---------------------+------------------+-----------+------------------+----------+----------------------+
[2026-08-06T17:38:59.608+0000] {subprocess.py:106} INFO - |        1|2025-07-01 00:51:11|2025-07-01 01:15:16|              1|         10.2|           1|                 N|               138|                239|           1|       41.5|10.25|    0.5|      12.0|        6.94|                  1.0|       72.19|                 2.5|       1.75|               0.0|   24.083333333333332|25.411764705882355|          0|                 3|     false|                medium|
[2026-08-06T17:38:59.609+0000] {subprocess.py:106} INFO - |        2|2025-07-01 00:19:41|2025-07-01 00:43:00|              1|        10.73|           1|                 N|               138|                249|           1|       43.6|  6.0|    0.5|       6.0|        6.94|                  1.0|       69.04|                 2.5|       1.75|              0.75|   23.316666666666666|27.611150822015727|          0|                 3|     false|                medium|
[2026-08-06T17:38:59.610+0000] {subprocess.py:106} INFO - |        2|2025-07-01 00:59:45|2025-07-01 01:21:12|              1|         4.98|           1|                 N|               114|                225|           1|       25.4|  1.0|    0.5|      6.23|         0.0|                  1.0|       37.38|                 2.5|        0.0|              0.75|                21.45|13.930069930069932|          0|                 3|     false|                 short|
[2026-08-06T17:38:59.611+0000] {subprocess.py:106} INFO - |        2|2025-07-01 00:42:14|2025-07-01 01:15:50|              2|        17.73|           2|                 N|               132|                 48|           1|       70.0|  0.0|    0.5|       0.0|        6.94|                  1.0|       83.44|                 2.5|       1.75|              0.75|                 33.6|31.660714285714285|          0|                 3|     false|                  long|
[2026-08-06T17:38:59.611+0000] {subprocess.py:106} INFO - |        2|2025-07-01 00:19:46|2025-07-01 00:48:59|              1|         7.11|           1|                 N|                79|                 17|           2|       34.5|  1.0|    0.5|       0.0|         0.0|                  1.0|       40.25|                 2.5|        0.0|              0.75|   29.216666666666665|14.601254991443241|          0|                 3|     false|                medium|
[2026-08-06T17:38:59.612+0000] {subprocess.py:106} INFO - +---------+-------------------+-------------------+---------------+-------------+------------+------------------+------------------+-------------------+------------+-----------+-----+-------+----------+------------+---------------------+------------+--------------------+-----------+------------------+---------------------+------------------+-----------+------------------+----------+----------------------+
[2026-08-06T17:38:59.612+0000] {subprocess.py:106} INFO - only showing top 5 rows
[2026-08-06T17:38:59.613+0000] {subprocess.py:106} INFO - Finished Silver transformation.
[2026-08-06T17:39:00.242+0000] {subprocess.py:110} INFO - Command exited with return code 0
[2026-08-06T17:39:00.272+0000] {taskinstance.py:341} INFO - ::group::Post task execution logs
[2026-08-06T17:39:00.274+0000] {taskinstance.py:353} INFO - Marking task as SUCCESS. dag_id=taxi_pipeline, task_id=bronze_to_silver, run_id=manual__2026-08-06T17:37:48.004606+00:00, execution_date=20260806T173748, start_date=20260806T173832, end_date=20260806T173900
[2026-08-06T17:39:00.303+0000] {logging_mixin.py:190} INFO - Task instance in success state
[2026-08-06T17:39:00.303+0000] {logging_mixin.py:190} INFO -  Previous state of the Task instance: running
[2026-08-06T17:39:00.304+0000] {logging_mixin.py:190} INFO - Dag name:taxi_pipeline queued_at:2026-08-06 17:37:48.020496+00:00
[2026-08-06T17:39:00.305+0000] {logging_mixin.py:190} INFO - Task hostname:30beeb09e17c operator:BashOperator
[2026-08-06T17:39:00.353+0000] {local_task_job_runner.py:266} INFO - Task exited with return code 0
[2026-08-06T17:39:00.382+0000] {taskinstance.py:3901} INFO - 1 downstream tasks scheduled from follow-on schedule check
[2026-08-06T17:39:00.389+0000] {local_task_job_runner.py:245} INFO - ::endgroup::
